<?xml version="1.0"?>
<link_info>
   <banner>TI ARM Linker Unix v16.9.0.LTS</banner>
   <copyright>Copyright (c) 1996-2015 Texas Instruments Incorporated</copyright>
   <link_time>0x58c84bb6</link_time>
   <link_errors>0x0</link_errors>
   <output_file>lab7-ultrasonic.out</output_file>
   <entry_point>
      <name>_c_int00</name>
      <address>0x2e15</address>
   </entry_point>
   <input_file_list>
      <input_file id="fl-2">
         <path>./</path>
         <kind>object</kind>
         <file>main.obj</file>
         <name>main.obj</name>
      </input_file>
      <input_file id="fl-3">
         <path>./</path>
         <kind>object</kind>
         <file>ranger.obj</file>
         <name>ranger.obj</name>
      </input_file>
      <input_file id="fl-4">
         <path>./</path>
         <kind>object</kind>
         <file>seg7.obj</file>
         <name>seg7.obj</name>
      </input_file>
      <input_file id="fl-5">
         <path>./</path>
         <kind>object</kind>
         <file>seg7digit.obj</file>
         <name>seg7digit.obj</name>
      </input_file>
      <input_file id="fl-6">
         <path>./</path>
         <kind>object</kind>
         <file>tm4c123gh6pm_startup_ccs.obj</file>
         <name>tm4c123gh6pm_startup_ccs.obj</name>
      </input_file>
      <input_file id="fl-c2">
         <path>/Applications/ti/ccsv7/tools/compiler/ti-cgt-arm_16.9.0.LTS/lib/</path>
         <kind>archive</kind>
         <file>rtsv7M4_T_le_v4SPD16_eabi.lib</file>
         <name>boot.obj</name>
      </input_file>
      <input_file id="fl-c3">
         <path>/Applications/ti/ccsv7/tools/compiler/ti-cgt-arm_16.9.0.LTS/lib/</path>
         <kind>archive</kind>
         <file>rtsv7M4_T_le_v4SPD16_eabi.lib</file>
         <name>copy_decompress_lzss.obj</name>
      </input_file>
      <input_file id="fl-c4">
         <path>/Applications/ti/ccsv7/tools/compiler/ti-cgt-arm_16.9.0.LTS/lib/</path>
         <kind>archive</kind>
         <file>rtsv7M4_T_le_v4SPD16_eabi.lib</file>
         <name>copy_decompress_none.obj</name>
      </input_file>
      <input_file id="fl-c5">
         <path>/Applications/ti/ccsv7/tools/compiler/ti-cgt-arm_16.9.0.LTS/lib/</path>
         <kind>archive</kind>
         <file>rtsv7M4_T_le_v4SPD16_eabi.lib</file>
         <name>copy_zero_init.obj</name>
      </input_file>
      <input_file id="fl-c6">
         <path>/Applications/ti/ccsv7/tools/compiler/ti-cgt-arm_16.9.0.LTS/lib/</path>
         <kind>archive</kind>
         <file>rtsv7M4_T_le_v4SPD16_eabi.lib</file>
         <name>exit.obj</name>
      </input_file>
      <input_file id="fl-c7">
         <path>/Applications/ti/ccsv7/tools/compiler/ti-cgt-arm_16.9.0.LTS/lib/</path>
         <kind>archive</kind>
         <file>rtsv7M4_T_le_v4SPD16_eabi.lib</file>
         <name>fd_div_t2.obj</name>
      </input_file>
      <input_file id="fl-c8">
         <path>/Applications/ti/ccsv7/tools/compiler/ti-cgt-arm_16.9.0.LTS/lib/</path>
         <kind>archive</kind>
         <file>rtsv7M4_T_le_v4SPD16_eabi.lib</file>
         <name>fd_mul_t2.obj</name>
      </input_file>
      <input_file id="fl-c9">
         <path>/Applications/ti/ccsv7/tools/compiler/ti-cgt-arm_16.9.0.LTS/lib/</path>
         <kind>archive</kind>
         <file>rtsv7M4_T_le_v4SPD16_eabi.lib</file>
         <name>fd_toi_t2.obj</name>
      </input_file>
      <input_file id="fl-ca">
         <path>/Applications/ti/ccsv7/tools/compiler/ti-cgt-arm_16.9.0.LTS/lib/</path>
         <kind>archive</kind>
         <file>rtsv7M4_T_le_v4SPD16_eabi.lib</file>
         <name>fd_tos_t2.obj</name>
      </input_file>
      <input_file id="fl-cb">
         <path>/Applications/ti/ccsv7/tools/compiler/ti-cgt-arm_16.9.0.LTS/lib/</path>
         <kind>archive</kind>
         <file>rtsv7M4_T_le_v4SPD16_eabi.lib</file>
         <name>fs_tod_t2.obj</name>
      </input_file>
      <input_file id="fl-cc">
         <path>/Applications/ti/ccsv7/tools/compiler/ti-cgt-arm_16.9.0.LTS/lib/</path>
         <kind>archive</kind>
         <file>rtsv7M4_T_le_v4SPD16_eabi.lib</file>
         <name>i_tofd_t2.obj</name>
      </input_file>
      <input_file id="fl-cd">
         <path>/Applications/ti/ccsv7/tools/compiler/ti-cgt-arm_16.9.0.LTS/lib/</path>
         <kind>archive</kind>
         <file>rtsv7M4_T_le_v4SPD16_eabi.lib</file>
         <name>memcpy_t2.obj</name>
      </input_file>
      <input_file id="fl-ce">
         <path>/Applications/ti/ccsv7/tools/compiler/ti-cgt-arm_16.9.0.LTS/lib/</path>
         <kind>archive</kind>
         <file>rtsv7M4_T_le_v4SPD16_eabi.lib</file>
         <name>memset_t2.obj</name>
      </input_file>
      <input_file id="fl-cf">
         <path>/Applications/ti/ccsv7/tools/compiler/ti-cgt-arm_16.9.0.LTS/lib/</path>
         <kind>archive</kind>
         <file>rtsv7M4_T_le_v4SPD16_eabi.lib</file>
         <name>mpu_init.obj</name>
      </input_file>
      <input_file id="fl-d0">
         <path>/Applications/ti/ccsv7/tools/compiler/ti-cgt-arm_16.9.0.LTS/lib/</path>
         <kind>archive</kind>
         <file>rtsv7M4_T_le_v4SPD16_eabi.lib</file>
         <name>pre_init.obj</name>
      </input_file>
      <input_file id="fl-d1">
         <path>/Applications/ti/ccsv7/tools/compiler/ti-cgt-arm_16.9.0.LTS/lib/</path>
         <kind>archive</kind>
         <file>rtsv7M4_T_le_v4SPD16_eabi.lib</file>
         <name>stkdepth_vars.obj</name>
      </input_file>
      <input_file id="fl-d2">
         <path>/Applications/ti/ccsv7/tools/compiler/ti-cgt-arm_16.9.0.LTS/lib/</path>
         <kind>archive</kind>
         <file>rtsv7M4_T_le_v4SPD16_eabi.lib</file>
         <name>u_tofd_t2.obj</name>
      </input_file>
      <input_file id="fl-d3">
         <path>/Applications/ti/ccsv7/tools/compiler/ti-cgt-arm_16.9.0.LTS/lib/</path>
         <kind>archive</kind>
         <file>rtsv7M4_T_le_v4SPD16_eabi.lib</file>
         <name>_lock.obj</name>
      </input_file>
      <input_file id="fl-d4">
         <path>/Applications/ti/ccsv7/tools/compiler/ti-cgt-arm_16.9.0.LTS/lib/</path>
         <kind>archive</kind>
         <file>rtsv7M4_T_le_v4SPD16_eabi.lib</file>
         <name>args_main.obj</name>
      </input_file>
      <input_file id="fl-d5">
         <path>/Applications/ti/ccsv7/tools/compiler/ti-cgt-arm_16.9.0.LTS/lib/</path>
         <kind>archive</kind>
         <file>rtsv7M4_T_le_v4SPD16_eabi.lib</file>
         <name>autoinit.obj</name>
      </input_file>
      <input_file id="fl-d6">
         <path>/Applications/ti/ccsv7/tools/compiler/ti-cgt-arm_16.9.0.LTS/lib/</path>
         <kind>archive</kind>
         <file>rtsv7M4_T_le_v4SPD16_eabi.lib</file>
         <name>cpy_tbl.obj</name>
      </input_file>
      <input_file id="fl-d7">
         <path>/Applications/ti/ccsv7/tools/compiler/ti-cgt-arm_16.9.0.LTS/lib/</path>
         <kind>archive</kind>
         <file>rtsv7M4_T_le_v4SPD16_eabi.lib</file>
         <name>startup.obj</name>
      </input_file>
      <input_file id="fl-d8">
         <path>/Users/schmitgreg/GitHub/learn/ece367/util/Debug/</path>
         <kind>archive</kind>
         <file>util.lib</file>
         <name>launchpad.obj</name>
      </input_file>
      <input_file id="fl-d9">
         <path>/Users/schmitgreg/GitHub/learn/ece367/util/Debug/</path>
         <kind>archive</kind>
         <file>util.lib</file>
         <name>led.obj</name>
      </input_file>
      <input_file id="fl-da">
         <path>/Users/schmitgreg/GitHub/learn/ece367/util/Debug/</path>
         <kind>archive</kind>
         <file>util.lib</file>
         <name>pushbutton.obj</name>
      </input_file>
      <input_file id="fl-db">
         <path>/Users/schmitgreg/GitHub/learn/ece367/util/Debug/</path>
         <kind>archive</kind>
         <file>util.lib</file>
         <name>uart.obj</name>
      </input_file>
      <input_file id="fl-dc">
         <path>/Applications/ti/TivaWare_C_Series-2.1.3.156/driverlib/ccs/Debug/</path>
         <kind>archive</kind>
         <file>driverlib.lib</file>
         <name>gpio.obj</name>
      </input_file>
      <input_file id="fl-dd">
         <path>/Applications/ti/TivaWare_C_Series-2.1.3.156/driverlib/ccs/Debug/</path>
         <kind>archive</kind>
         <file>driverlib.lib</file>
         <name>interrupt.obj</name>
      </input_file>
      <input_file id="fl-de">
         <path>/Applications/ti/TivaWare_C_Series-2.1.3.156/driverlib/ccs/Debug/</path>
         <kind>archive</kind>
         <file>driverlib.lib</file>
         <name>sysctl.obj</name>
      </input_file>
      <input_file id="fl-df">
         <path>/Applications/ti/TivaWare_C_Series-2.1.3.156/driverlib/ccs/Debug/</path>
         <kind>archive</kind>
         <file>driverlib.lib</file>
         <name>systick.obj</name>
      </input_file>
      <input_file id="fl-e0">
         <path>/Applications/ti/TivaWare_C_Series-2.1.3.156/driverlib/ccs/Debug/</path>
         <kind>archive</kind>
         <file>driverlib.lib</file>
         <name>timer.obj</name>
      </input_file>
      <input_file id="fl-e1">
         <path>/Applications/ti/TivaWare_C_Series-2.1.3.156/driverlib/ccs/Debug/</path>
         <kind>archive</kind>
         <file>driverlib.lib</file>
         <name>uart.obj</name>
      </input_file>
      <input_file id="fl-e2">
         <path>/Applications/ti/TivaWare_C_Series-2.1.3.156/driverlib/ccs/Debug/</path>
         <kind>archive</kind>
         <file>driverlib.lib</file>
         <name>cpu.obj</name>
      </input_file>
      <input_file id="fl-e3">
         <path>/Applications/ti/ccsv7/tools/compiler/ti-cgt-arm_16.9.0.LTS/lib/</path>
         <kind>archive</kind>
         <file>rtsv7M4_T_le_v4SPD16_eabi.lib</file>
         <name>ull_div_t2.obj</name>
      </input_file>
      <input_file id="fl-e4">
         <path>/Applications/ti/ccsv7/tools/compiler/ti-cgt-arm_16.9.0.LTS/lib/</path>
         <kind>archive</kind>
         <file>rtsv7M4_T_le_v4SPD16_eabi.lib</file>
         <name>vsnprintf.obj</name>
      </input_file>
      <input_file id="fl-e5">
         <path>/Applications/ti/ccsv7/tools/compiler/ti-cgt-arm_16.9.0.LTS/lib/</path>
         <kind>archive</kind>
         <file>rtsv7M4_T_le_v4SPD16_eabi.lib</file>
         <name>_printfi.obj</name>
      </input_file>
      <input_file id="fl-e6">
         <path>/Applications/ti/ccsv7/tools/compiler/ti-cgt-arm_16.9.0.LTS/lib/</path>
         <kind>archive</kind>
         <file>rtsv7M4_T_le_v4SPD16_eabi.lib</file>
         <name>atoi.obj</name>
      </input_file>
      <input_file id="fl-e7">
         <path>/Applications/ti/ccsv7/tools/compiler/ti-cgt-arm_16.9.0.LTS/lib/</path>
         <kind>archive</kind>
         <file>rtsv7M4_T_le_v4SPD16_eabi.lib</file>
         <name>ctype.obj</name>
      </input_file>
      <input_file id="fl-e8">
         <path>/Applications/ti/ccsv7/tools/compiler/ti-cgt-arm_16.9.0.LTS/lib/</path>
         <kind>archive</kind>
         <file>rtsv7M4_T_le_v4SPD16_eabi.lib</file>
         <name>fd_add_t2.obj</name>
      </input_file>
      <input_file id="fl-e9">
         <path>/Applications/ti/ccsv7/tools/compiler/ti-cgt-arm_16.9.0.LTS/lib/</path>
         <kind>archive</kind>
         <file>rtsv7M4_T_le_v4SPD16_eabi.lib</file>
         <name>fd_cmp_t2.obj</name>
      </input_file>
      <input_file id="fl-ea">
         <path>/Applications/ti/ccsv7/tools/compiler/ti-cgt-arm_16.9.0.LTS/lib/</path>
         <kind>archive</kind>
         <file>rtsv7M4_T_le_v4SPD16_eabi.lib</file>
         <name>ltoa.obj</name>
      </input_file>
      <input_file id="fl-eb">
         <path>/Applications/ti/ccsv7/tools/compiler/ti-cgt-arm_16.9.0.LTS/lib/</path>
         <kind>archive</kind>
         <file>rtsv7M4_T_le_v4SPD16_eabi.lib</file>
         <name>memccpy.obj</name>
      </input_file>
      <input_file id="fl-ec">
         <path>/Applications/ti/ccsv7/tools/compiler/ti-cgt-arm_16.9.0.LTS/lib/</path>
         <kind>archive</kind>
         <file>rtsv7M4_T_le_v4SPD16_eabi.lib</file>
         <name>s_frexp.obj</name>
      </input_file>
      <input_file id="fl-ed">
         <path>/Applications/ti/ccsv7/tools/compiler/ti-cgt-arm_16.9.0.LTS/lib/</path>
         <kind>archive</kind>
         <file>rtsv7M4_T_le_v4SPD16_eabi.lib</file>
         <name>s_scalbn.obj</name>
      </input_file>
      <input_file id="fl-ee">
         <path>/Applications/ti/ccsv7/tools/compiler/ti-cgt-arm_16.9.0.LTS/lib/</path>
         <kind>archive</kind>
         <file>rtsv7M4_T_le_v4SPD16_eabi.lib</file>
         <name>strchr.obj</name>
      </input_file>
      <input_file id="fl-ef">
         <path>/Applications/ti/ccsv7/tools/compiler/ti-cgt-arm_16.9.0.LTS/lib/</path>
         <kind>archive</kind>
         <file>rtsv7M4_T_le_v4SPD16_eabi.lib</file>
         <name>strlen.obj</name>
      </input_file>
      <input_file id="fl-f0">
         <path>/Applications/ti/ccsv7/tools/compiler/ti-cgt-arm_16.9.0.LTS/lib/</path>
         <kind>archive</kind>
         <file>rtsv7M4_T_le_v4SPD16_eabi.lib</file>
         <name>errno.obj</name>
      </input_file>
      <input_file id="fl-f1">
         <path>/Applications/ti/ccsv7/tools/compiler/ti-cgt-arm_16.9.0.LTS/lib/</path>
         <kind>archive</kind>
         <file>rtsv7M4_T_le_v4SPD16_eabi.lib</file>
         <name>s_copysign.obj</name>
      </input_file>
   </input_file_list>
   <object_component_list>
      <object_component id="oc-f">
         <name>.intvecs</name>
         <load_address>0x0</load_address>
         <run_address>0x0</run_address>
         <size>0x26c</size>
         <input_file_ref idref="fl-6"/>
      </object_component>
      <object_component id="oc-269">
         <name>.text</name>
         <load_address>0x26c</load_address>
         <run_address>0x26c</run_address>
         <size>0x113a</size>
         <input_file_ref idref="fl-e5"/>
      </object_component>
      <object_component id="oc-57">
         <name>.text</name>
         <load_address>0x13a6</load_address>
         <run_address>0x13a6</run_address>
         <size>0x2</size>
         <input_file_ref idref="fl-cf"/>
      </object_component>
      <object_component id="oc-fe">
         <name>.text</name>
         <load_address>0x13a8</load_address>
         <run_address>0x13a8</run_address>
         <size>0x3d4</size>
         <input_file_ref idref="fl-d8"/>
      </object_component>
      <object_component id="oc-a7">
         <name>.text</name>
         <load_address>0x177c</load_address>
         <run_address>0x177c</run_address>
         <size>0x220</size>
         <input_file_ref idref="fl-2"/>
      </object_component>
      <object_component id="oc-110">
         <name>.text</name>
         <load_address>0x199c</load_address>
         <run_address>0x199c</run_address>
         <size>0x1fc</size>
         <input_file_ref idref="fl-4"/>
      </object_component>
      <object_component id="oc-19a">
         <name>.text</name>
         <load_address>0x1b98</load_address>
         <run_address>0x1b98</run_address>
         <size>0x1f4</size>
         <input_file_ref idref="fl-e3"/>
      </object_component>
      <object_component id="oc-2b8">
         <name>.text</name>
         <load_address>0x1d8c</load_address>
         <run_address>0x1d8c</run_address>
         <size>0x1b6</size>
         <input_file_ref idref="fl-e8"/>
      </object_component>
      <object_component id="oc-9f">
         <name>.text</name>
         <load_address>0x1f42</load_address>
         <run_address>0x1f42</run_address>
         <size>0x2</size>
         <input_file_ref idref="fl-d7"/>
      </object_component>
      <object_component id="oc-d0">
         <name>.text</name>
         <load_address>0x1f44</load_address>
         <run_address>0x1f44</run_address>
         <size>0x170</size>
         <input_file_ref idref="fl-3"/>
      </object_component>
      <object_component id="oc-db">
         <name>.text</name>
         <load_address>0x20b4</load_address>
         <run_address>0x20b4</run_address>
         <size>0x136</size>
         <input_file_ref idref="fl-c7"/>
      </object_component>
      <object_component id="oc-1d5">
         <name>.text:GPIOPadConfigSet</name>
         <load_address>0x21ea</load_address>
         <run_address>0x21ea</run_address>
         <size>0x132</size>
         <input_file_ref idref="fl-dc"/>
      </object_component>
      <object_component id="oc-1a6">
         <name>.text:SysCtlClockGet</name>
         <load_address>0x231c</load_address>
         <run_address>0x231c</run_address>
         <size>0x110</size>
         <input_file_ref idref="fl-de"/>
      </object_component>
      <object_component id="oc-ea">
         <name>.text</name>
         <load_address>0x242c</load_address>
         <run_address>0x242c</run_address>
         <size>0xfc</size>
         <input_file_ref idref="fl-c8"/>
      </object_component>
      <object_component id="oc-2c3">
         <name>.text</name>
         <load_address>0x2528</load_address>
         <run_address>0x2528</run_address>
         <size>0xfc</size>
         <input_file_ref idref="fl-ed"/>
      </object_component>
      <object_component id="oc-1a0">
         <name>.text:SysCtlClockSet</name>
         <load_address>0x2624</load_address>
         <run_address>0x2624</run_address>
         <size>0xf4</size>
         <input_file_ref idref="fl-de"/>
      </object_component>
      <object_component id="oc-10a">
         <name>.text</name>
         <load_address>0x2718</load_address>
         <run_address>0x2718</run_address>
         <size>0xc4</size>
         <input_file_ref idref="fl-db"/>
      </object_component>
      <object_component id="oc-3f">
         <name>.text</name>
         <load_address>0x27dc</load_address>
         <run_address>0x27dc</run_address>
         <size>0x9c</size>
         <input_file_ref idref="fl-cd"/>
      </object_component>
      <object_component id="oc-1c4">
         <name>.text</name>
         <load_address>0x2878</load_address>
         <run_address>0x2878</run_address>
         <size>0x9c</size>
         <input_file_ref idref="fl-d9"/>
      </object_component>
      <object_component id="oc-104">
         <name>.text</name>
         <load_address>0x2914</load_address>
         <run_address>0x2914</run_address>
         <size>0x8c</size>
         <input_file_ref idref="fl-da"/>
      </object_component>
      <object_component id="oc-1fd">
         <name>.text</name>
         <load_address>0x29a0</load_address>
         <run_address>0x29a0</run_address>
         <size>0x88</size>
         <input_file_ref idref="fl-e4"/>
      </object_component>
      <object_component id="oc-2a8">
         <name>.text:__aeabi_cdcmple</name>
         <load_address>0x2a28</load_address>
         <run_address>0x2a28</run_address>
         <size>0x86</size>
         <input_file_ref idref="fl-e9"/>
      </object_component>
      <object_component id="oc-2ad">
         <name>.text:__aeabi_cdrcmple</name>
         <load_address>0x2aae</load_address>
         <run_address>0x2aae</run_address>
         <size>0x86</size>
         <input_file_ref idref="fl-e9"/>
      </object_component>
      <object_component id="oc-4b">
         <name>.text</name>
         <load_address>0x2b34</load_address>
         <run_address>0x2b34</run_address>
         <size>0x7a</size>
         <input_file_ref idref="fl-ce"/>
      </object_component>
      <object_component id="oc-63">
         <name>.text</name>
         <load_address>0x2bb0</load_address>
         <run_address>0x2bb0</run_address>
         <size>0x70</size>
         <input_file_ref idref="fl-d5"/>
      </object_component>
      <object_component id="oc-e0">
         <name>.text</name>
         <load_address>0x2c20</load_address>
         <run_address>0x2c20</run_address>
         <size>0x6e</size>
         <input_file_ref idref="fl-ca"/>
      </object_component>
      <object_component id="oc-12">
         <name>.text:decompress:lzss</name>
         <load_address>0x2c8e</load_address>
         <run_address>0x2c8e</run_address>
         <size>0x68</size>
         <input_file_ref idref="fl-c3"/>
      </object_component>
      <object_component id="oc-2bd">
         <name>.text</name>
         <load_address>0x2cf8</load_address>
         <run_address>0x2cf8</run_address>
         <size>0x64</size>
         <input_file_ref idref="fl-ec"/>
      </object_component>
      <object_component id="oc-14a">
         <name>.text:TimerConfigure</name>
         <load_address>0x2d5c</load_address>
         <run_address>0x2d5c</run_address>
         <size>0x60</size>
         <input_file_ref idref="fl-e0"/>
      </object_component>
      <object_component id="oc-2b2">
         <name>.text</name>
         <load_address>0x2dbc</load_address>
         <run_address>0x2dbc</run_address>
         <size>0x56</size>
         <input_file_ref idref="fl-ea"/>
      </object_component>
      <object_component id="oc-24">
         <name>.text</name>
         <load_address>0x2e14</load_address>
         <run_address>0x2e14</run_address>
         <size>0x54</size>
         <input_file_ref idref="fl-c2"/>
      </object_component>
      <object_component id="oc-6f">
         <name>.text</name>
         <load_address>0x2e68</load_address>
         <run_address>0x2e68</run_address>
         <size>0x54</size>
         <input_file_ref idref="fl-c6"/>
      </object_component>
      <object_component id="oc-2cf">
         <name>.text</name>
         <load_address>0x2ebc</load_address>
         <run_address>0x2ebc</run_address>
         <size>0x4c</size>
         <input_file_ref idref="fl-e6"/>
      </object_component>
      <object_component id="oc-99">
         <name>.text</name>
         <load_address>0x2f08</load_address>
         <run_address>0x2f08</run_address>
         <size>0x4c</size>
         <input_file_ref idref="fl-d6"/>
      </object_component>
      <object_component id="oc-174">
         <name>.text:GPIOPinConfigure</name>
         <load_address>0x2f54</load_address>
         <run_address>0x2f54</run_address>
         <size>0x48</size>
         <input_file_ref idref="fl-dc"/>
      </object_component>
      <object_component id="oc-ef">
         <name>.text</name>
         <load_address>0x2f9c</load_address>
         <run_address>0x2f9c</run_address>
         <size>0x48</size>
         <input_file_ref idref="fl-c9"/>
      </object_component>
      <object_component id="oc-1eb">
         <name>.text:UARTConfigSetExpClk</name>
         <load_address>0x2fe4</load_address>
         <run_address>0x2fe4</run_address>
         <size>0x46</size>
         <input_file_ref idref="fl-e1"/>
      </object_component>
      <object_component id="oc-f9">
         <name>.text</name>
         <load_address>0x302c</load_address>
         <run_address>0x302c</run_address>
         <size>0x44</size>
         <input_file_ref idref="fl-5"/>
      </object_component>
      <object_component id="oc-144">
         <name>.text:SysCtlPeripheralReady</name>
         <load_address>0x3070</load_address>
         <run_address>0x3070</run_address>
         <size>0x38</size>
         <input_file_ref idref="fl-de"/>
      </object_component>
      <object_component id="oc-e5">
         <name>.text</name>
         <load_address>0x30a8</load_address>
         <run_address>0x30a8</run_address>
         <size>0x38</size>
         <input_file_ref idref="fl-cb"/>
      </object_component>
      <object_component id="oc-23e">
         <name>.text:IntRegister</name>
         <load_address>0x30e0</load_address>
         <run_address>0x30e0</run_address>
         <size>0x34</size>
         <input_file_ref idref="fl-dd"/>
      </object_component>
      <object_component id="oc-13e">
         <name>.text:SysCtlPeripheralEnable</name>
         <load_address>0x3114</load_address>
         <run_address>0x3114</run_address>
         <size>0x34</size>
         <input_file_ref idref="fl-de"/>
      </object_component>
      <object_component id="oc-f4">
         <name>.text</name>
         <load_address>0x3148</load_address>
         <run_address>0x3148</run_address>
         <size>0x2e</size>
         <input_file_ref idref="fl-cc"/>
      </object_component>
      <object_component id="oc-20a">
         <name>.text:GPIODirModeSet</name>
         <load_address>0x3176</load_address>
         <run_address>0x3176</run_address>
         <size>0x2a</size>
         <input_file_ref idref="fl-dc"/>
      </object_component>
      <object_component id="oc-259">
         <name>.text:UARTDisable</name>
         <load_address>0x31a0</load_address>
         <run_address>0x31a0</run_address>
         <size>0x20</size>
         <input_file_ref idref="fl-e1"/>
      </object_component>
      <object_component id="oc-d6">
         <name>.text</name>
         <load_address>0x31c0</load_address>
         <run_address>0x31c0</run_address>
         <size>0x20</size>
         <input_file_ref idref="fl-d2"/>
      </object_component>
      <object_component id="oc-1b2">
         <name>.text:SysTickIntRegister</name>
         <load_address>0x31e0</load_address>
         <run_address>0x31e0</run_address>
         <size>0x1c</size>
         <input_file_ref idref="fl-df"/>
      </object_component>
      <object_component id="oc-2d5">
         <name>.text</name>
         <load_address>0x31fc</load_address>
         <run_address>0x31fc</run_address>
         <size>0x1c</size>
         <input_file_ref idref="fl-eb"/>
      </object_component>
      <object_component id="oc-162">
         <name>.text:GPIOPinTypeGPIOOutput</name>
         <load_address>0x3218</load_address>
         <run_address>0x3218</run_address>
         <size>0x18</size>
         <input_file_ref idref="fl-dc"/>
      </object_component>
      <object_component id="oc-69">
         <name>.text</name>
         <load_address>0x3230</load_address>
         <run_address>0x3230</run_address>
         <size>0x18</size>
         <input_file_ref idref="fl-d4"/>
      </object_component>
      <object_component id="oc-150">
         <name>.text:TimerControlEvent</name>
         <load_address>0x3248</load_address>
         <run_address>0x3248</run_address>
         <size>0x16</size>
         <input_file_ref idref="fl-e0"/>
      </object_component>
      <object_component id="oc-2c9">
         <name>.text</name>
         <load_address>0x325e</load_address>
         <run_address>0x325e</run_address>
         <size>0x16</size>
         <input_file_ref idref="fl-ee"/>
      </object_component>
      <object_component id="oc-1be">
         <name>.text:SysTickEnable</name>
         <load_address>0x3274</load_address>
         <run_address>0x3274</run_address>
         <size>0x14</size>
         <input_file_ref idref="fl-df"/>
      </object_component>
      <object_component id="oc-1b8">
         <name>.text:SysTickIntEnable</name>
         <load_address>0x3288</load_address>
         <run_address>0x3288</run_address>
         <size>0x14</size>
         <input_file_ref idref="fl-df"/>
      </object_component>
      <object_component id="oc-25f">
         <name>.text:UARTEnable</name>
         <load_address>0x329c</load_address>
         <run_address>0x329c</run_address>
         <size>0x14</size>
         <input_file_ref idref="fl-e1"/>
      </object_component>
      <object_component id="oc-126">
         <name>.text</name>
         <load_address>0x32b0</load_address>
         <run_address>0x32b0</run_address>
         <size>0x14</size>
         <input_file_ref idref="fl-d3"/>
      </object_component>
      <object_component id="oc-2fd">
         <name>.text</name>
         <load_address>0x32c4</load_address>
         <run_address>0x32c4</run_address>
         <size>0x14</size>
         <input_file_ref idref="fl-f1"/>
      </object_component>
      <object_component id="oc-2a2">
         <name>.text</name>
         <load_address>0x32d8</load_address>
         <run_address>0x32d8</run_address>
         <size>0x14</size>
         <input_file_ref idref="fl-ef"/>
      </object_component>
      <object_component id="oc-1cf">
         <name>.text:GPIOPinTypeGPIOInput</name>
         <load_address>0x32ec</load_address>
         <run_address>0x32ec</run_address>
         <size>0x12</size>
         <input_file_ref idref="fl-dc"/>
      </object_component>
      <object_component id="oc-16e">
         <name>.text:GPIOPinTypeTimer</name>
         <load_address>0x32fe</load_address>
         <run_address>0x32fe</run_address>
         <size>0x12</size>
         <input_file_ref idref="fl-dc"/>
      </object_component>
      <object_component id="oc-1e5">
         <name>.text:GPIOPinTypeUART</name>
         <load_address>0x3310</load_address>
         <run_address>0x3310</run_address>
         <size>0x12</size>
         <input_file_ref idref="fl-dc"/>
      </object_component>
      <object_component id="oc-1ac">
         <name>.text:SysTickPeriodSet</name>
         <load_address>0x3324</load_address>
         <run_address>0x3324</run_address>
         <size>0x10</size>
         <input_file_ref idref="fl-df"/>
      </object_component>
      <object_component id="oc-15c">
         <name>.text:TimerEnable</name>
         <load_address>0x3334</load_address>
         <run_address>0x3334</run_address>
         <size>0xe</size>
         <input_file_ref idref="fl-e0"/>
      </object_component>
      <object_component id="oc-18">
         <name>.text:decompress:none</name>
         <load_address>0x3342</load_address>
         <run_address>0x3342</run_address>
         <size>0xe</size>
         <input_file_ref idref="fl-c4"/>
      </object_component>
      <object_component id="oc-1e">
         <name>.text:decompress:ZI</name>
         <load_address>0x3350</load_address>
         <run_address>0x3350</run_address>
         <size>0xc</size>
         <input_file_ref idref="fl-c5"/>
      </object_component>
      <object_component id="oc-2b">
         <name>.text</name>
         <load_address>0x335c</load_address>
         <run_address>0x335c</run_address>
         <size>0xc</size>
         <input_file_ref idref="fl-6"/>
      </object_component>
      <object_component id="oc-17a">
         <name>.text:TimerIntStatus</name>
         <load_address>0x3368</load_address>
         <run_address>0x3368</run_address>
         <size>0xa</size>
         <input_file_ref idref="fl-e0"/>
      </object_component>
      <object_component id="oc-180">
         <name>.text:TimerValueGet</name>
         <load_address>0x3372</load_address>
         <run_address>0x3372</run_address>
         <size>0xa</size>
         <input_file_ref idref="fl-e0"/>
      </object_component>
      <object_component id="oc-1f7">
         <name>.text:UARTCharGet</name>
         <load_address>0x337c</load_address>
         <run_address>0x337c</run_address>
         <size>0xa</size>
         <input_file_ref idref="fl-e1"/>
      </object_component>
      <object_component id="oc-1f1">
         <name>.text:UARTCharPut</name>
         <load_address>0x3386</load_address>
         <run_address>0x3386</run_address>
         <size>0xa</size>
         <input_file_ref idref="fl-e1"/>
      </object_component>
      <object_component id="oc-1db">
         <name>.text:GPIOPinRead</name>
         <load_address>0x3390</load_address>
         <run_address>0x3390</run_address>
         <size>0x6</size>
         <input_file_ref idref="fl-dc"/>
      </object_component>
      <object_component id="oc-168">
         <name>.text:GPIOPinWrite</name>
         <load_address>0x3396</load_address>
         <run_address>0x3396</run_address>
         <size>0x6</size>
         <input_file_ref idref="fl-dc"/>
      </object_component>
      <object_component id="oc-19f">
         <name>.text:SysCtlDelay</name>
         <load_address>0x339c</load_address>
         <run_address>0x339c</run_address>
         <size>0x6</size>
         <input_file_ref idref="fl-de"/>
      </object_component>
      <object_component id="oc-156">
         <name>.text:TimerIntClear</name>
         <load_address>0x33a2</load_address>
         <run_address>0x33a2</run_address>
         <size>0x4</size>
         <input_file_ref idref="fl-e0"/>
      </object_component>
      <object_component id="oc-5d">
         <name>.text</name>
         <load_address>0x33a6</load_address>
         <run_address>0x33a6</run_address>
         <size>0x4</size>
         <input_file_ref idref="fl-d0"/>
      </object_component>
      <object_component id="oc-30a">
         <name>.const:.string:_ctypes_</name>
         <load_address>0x33ac</load_address>
         <run_address>0x33ac</run_address>
         <size>0x101</size>
         <input_file_ref idref="fl-e7"/>
      </object_component>
      <object_component id="oc-22a">
         <name>.const:g_pui32GPIOBaseAddrs</name>
         <load_address>0x34b0</load_address>
         <run_address>0x34b0</run_address>
         <size>0x90</size>
         <input_file_ref idref="fl-dc"/>
      </object_component>
      <object_component id="oc-238">
         <name>.const:g_pui32Xtals</name>
         <load_address>0x3540</load_address>
         <run_address>0x3540</run_address>
         <size>0x6c</size>
         <input_file_ref idref="fl-de"/>
      </object_component>
      <object_component id="oc-350">
         <name>.cinit..data.load</name>
         <load_address>0x35b0</load_address>
         <run_address>0x35b0</run_address>
         <size>0x25</size>
      </object_component>
      <object_component id="oc-34d">
         <name>__TI_handler_table</name>
         <load_address>0x35d8</load_address>
         <run_address>0x35d8</run_address>
         <size>0xc</size>
      </object_component>
      <object_component id="oc-351">
         <name>.cinit..bss.load</name>
         <load_address>0x35e8</load_address>
         <run_address>0x35e8</run_address>
         <size>0x8</size>
      </object_component>
      <object_component id="oc-34f">
         <name>.cinit..vtable.load</name>
         <load_address>0x35f0</load_address>
         <run_address>0x35f0</run_address>
         <size>0x8</size>
      </object_component>
      <object_component id="oc-34e">
         <name>__TI_cinit_table</name>
         <load_address>0x35f8</load_address>
         <run_address>0x35f8</run_address>
         <size>0x18</size>
      </object_component>
      <object_component id="oc-297">
         <name>.vtable</name>
         <uninitialized>true</uninitialized>
         <run_address>0x20000000</run_address>
         <size>0x26c</size>
         <input_file_ref idref="fl-dd"/>
      </object_component>
      <object_component id="oc-116">
         <name>.data</name>
         <load_address>0x20000530</load_address>
         <run_address>0x20000530</run_address>
         <size>0x4</size>
         <input_file_ref idref="fl-2"/>
      </object_component>
      <object_component id="oc-119">
         <name>.data:display</name>
         <load_address>0x20000528</load_address>
         <run_address>0x20000528</run_address>
         <size>0x5</size>
         <input_file_ref idref="fl-2"/>
      </object_component>
      <object_component id="oc-186">
         <name>.data</name>
         <load_address>0x20000500</load_address>
         <run_address>0x20000500</run_address>
         <size>0xc</size>
         <input_file_ref idref="fl-3"/>
      </object_component>
      <object_component id="oc-191">
         <name>.data</name>
         <load_address>0x2000050c</load_address>
         <run_address>0x2000050c</run_address>
         <size>0xa</size>
         <input_file_ref idref="fl-5"/>
      </object_component>
      <object_component id="oc-af">
         <name>.data:$O1$$</name>
         <load_address>0x200004f4</load_address>
         <run_address>0x200004f4</run_address>
         <size>0xc</size>
         <input_file_ref idref="fl-c6"/>
      </object_component>
      <object_component id="oc-75">
         <name>.data</name>
         <load_address>0x20000538</load_address>
         <run_address>0x20000538</run_address>
         <size>0x4</size>
         <input_file_ref idref="fl-d1"/>
      </object_component>
      <object_component id="oc-b2">
         <name>.data:$O1$$</name>
         <load_address>0x20000518</load_address>
         <run_address>0x20000518</run_address>
         <size>0x8</size>
         <input_file_ref idref="fl-d3"/>
      </object_component>
      <object_component id="oc-194">
         <name>.data</name>
         <load_address>0x20000520</load_address>
         <run_address>0x20000520</run_address>
         <size>0x8</size>
         <input_file_ref idref="fl-d8"/>
      </object_component>
      <object_component id="oc-247">
         <name>.data</name>
         <load_address>0x20000516</load_address>
         <run_address>0x20000516</run_address>
         <size>0x1</size>
         <input_file_ref idref="fl-d9"/>
      </object_component>
      <object_component id="oc-1e1">
         <name>.data</name>
         <load_address>0x20000517</load_address>
         <run_address>0x20000517</run_address>
         <size>0x1</size>
         <input_file_ref idref="fl-da"/>
      </object_component>
      <object_component id="oc-303">
         <name>.data</name>
         <load_address>0x20000534</load_address>
         <run_address>0x20000534</run_address>
         <size>0x4</size>
         <input_file_ref idref="fl-f0"/>
      </object_component>
      <object_component id="oc-192">
         <name>.bss</name>
         <uninitialized>true</uninitialized>
         <run_address>0x200004ec</run_address>
         <size>0x4</size>
         <input_file_ref idref="fl-5"/>
      </object_component>
      <object_component id="oc-1ca">
         <name>.bss</name>
         <uninitialized>true</uninitialized>
         <run_address>0x200004f0</run_address>
         <size>0x4</size>
         <input_file_ref idref="fl-d8"/>
      </object_component>
      <object_component id="oc-197">
         <name>.bss:callbackHeap</name>
         <uninitialized>true</uninitialized>
         <run_address>0x2000046c</run_address>
         <size>0x80</size>
         <input_file_ref idref="fl-d8"/>
      </object_component>
      <object_component id="oc-2a">
         <name>.stack</name>
         <uninitialized>true</uninitialized>
         <run_address>0x2000026c</run_address>
         <size>0x0</size>
         <input_file_ref idref="fl-c2"/>
      </object_component>
      <object_component id="oc-352">
         <name>.stack</name>
         <uninitialized>true</uninitialized>
         <run_address>0x2000026c</run_address>
         <size>0x0</size>
      </object_component>
      <object_component id="oc-282">
         <name>.debug_info</name>
         <load_address>0x0</load_address>
         <run_address>0x0</run_address>
         <size>0x210</size>
         <input_file_ref idref="fl-2"/>
      </object_component>
      <object_component id="oc-117">
         <name>.debug_info</name>
         <load_address>0x210</load_address>
         <run_address>0x210</run_address>
         <size>0xd4</size>
         <input_file_ref idref="fl-2"/>
      </object_component>
      <object_component id="oc-11a">
         <name>.debug_info</name>
         <load_address>0x2e4</load_address>
         <run_address>0x2e4</run_address>
         <size>0xd7</size>
         <input_file_ref idref="fl-2"/>
      </object_component>
      <object_component id="oc-a8">
         <name>.debug_info</name>
         <load_address>0x3bb</load_address>
         <run_address>0x3bb</run_address>
         <size>0x464</size>
         <input_file_ref idref="fl-2"/>
      </object_component>
      <object_component id="oc-216">
         <name>.debug_info</name>
         <load_address>0x81f</load_address>
         <run_address>0x81f</run_address>
         <size>0xb6</size>
         <input_file_ref idref="fl-2"/>
      </object_component>
      <object_component id="oc-27d">
         <name>.debug_info</name>
         <load_address>0x8d5</load_address>
         <run_address>0x8d5</run_address>
         <size>0xc8</size>
         <input_file_ref idref="fl-2"/>
      </object_component>
      <object_component id="oc-ba">
         <name>.debug_info</name>
         <load_address>0x99d</load_address>
         <run_address>0x99d</run_address>
         <size>0x8b</size>
         <input_file_ref idref="fl-2"/>
      </object_component>
      <object_component id="oc-7c">
         <name>.debug_info</name>
         <load_address>0xa28</load_address>
         <run_address>0xa28</run_address>
         <size>0x18b</size>
         <input_file_ref idref="fl-2"/>
      </object_component>
      <object_component id="oc-205">
         <name>.debug_info</name>
         <load_address>0xbb3</load_address>
         <run_address>0xbb3</run_address>
         <size>0x4e</size>
         <input_file_ref idref="fl-2"/>
      </object_component>
      <object_component id="oc-187">
         <name>.debug_info</name>
         <load_address>0xc01</load_address>
         <run_address>0xc01</run_address>
         <size>0x116</size>
         <input_file_ref idref="fl-3"/>
      </object_component>
      <object_component id="oc-d1">
         <name>.debug_info</name>
         <load_address>0xd17</load_address>
         <run_address>0xd17</run_address>
         <size>0x44e</size>
         <input_file_ref idref="fl-3"/>
      </object_component>
      <object_component id="oc-211">
         <name>.debug_info</name>
         <load_address>0x1165</load_address>
         <run_address>0x1165</run_address>
         <size>0x1c9</size>
         <input_file_ref idref="fl-4"/>
      </object_component>
      <object_component id="oc-111">
         <name>.debug_info</name>
         <load_address>0x132e</load_address>
         <run_address>0x132e</run_address>
         <size>0x6ba</size>
         <input_file_ref idref="fl-4"/>
      </object_component>
      <object_component id="oc-fa">
         <name>.debug_info</name>
         <load_address>0x19e8</load_address>
         <run_address>0x19e8</run_address>
         <size>0x101</size>
         <input_file_ref idref="fl-5"/>
      </object_component>
      <object_component id="oc-33">
         <name>.debug_info</name>
         <load_address>0x1ae9</load_address>
         <run_address>0x1ae9</run_address>
         <size>0x106</size>
         <input_file_ref idref="fl-6"/>
      </object_component>
      <object_component id="oc-10">
         <name>.debug_info</name>
         <load_address>0x1bef</load_address>
         <run_address>0x1bef</run_address>
         <size>0xf1</size>
         <input_file_ref idref="fl-6"/>
      </object_component>
      <object_component id="oc-2c">
         <name>.debug_info</name>
         <load_address>0x1ce0</load_address>
         <run_address>0x1ce0</run_address>
         <size>0x26d</size>
         <input_file_ref idref="fl-6"/>
      </object_component>
      <object_component id="oc-3a">
         <name>.debug_info</name>
         <load_address>0x1f4d</load_address>
         <run_address>0x1f4d</run_address>
         <size>0x84</size>
         <input_file_ref idref="fl-6"/>
      </object_component>
      <object_component id="oc-25">
         <name>.debug_info</name>
         <load_address>0x1fd1</load_address>
         <run_address>0x1fd1</run_address>
         <size>0x160</size>
         <input_file_ref idref="fl-c2"/>
      </object_component>
      <object_component id="oc-86">
         <name>.debug_info</name>
         <load_address>0x2131</load_address>
         <run_address>0x2131</run_address>
         <size>0xf9</size>
         <input_file_ref idref="fl-c3"/>
      </object_component>
      <object_component id="oc-13">
         <name>.debug_info</name>
         <load_address>0x222a</load_address>
         <run_address>0x222a</run_address>
         <size>0x245</size>
         <input_file_ref idref="fl-c3"/>
      </object_component>
      <object_component id="oc-35">
         <name>.debug_info</name>
         <load_address>0x246f</load_address>
         <run_address>0x246f</run_address>
         <size>0x60</size>
         <input_file_ref idref="fl-c3"/>
      </object_component>
      <object_component id="oc-81">
         <name>.debug_info</name>
         <load_address>0x24cf</load_address>
         <run_address>0x24cf</run_address>
         <size>0x46</size>
         <input_file_ref idref="fl-c3"/>
      </object_component>
      <object_component id="oc-4a">
         <name>.debug_info</name>
         <load_address>0x2515</load_address>
         <run_address>0x2515</run_address>
         <size>0x140</size>
         <input_file_ref idref="fl-c4"/>
      </object_component>
      <object_component id="oc-19">
         <name>.debug_info</name>
         <load_address>0x2655</load_address>
         <run_address>0x2655</run_address>
         <size>0x1df</size>
         <input_file_ref idref="fl-c4"/>
      </object_component>
      <object_component id="oc-45">
         <name>.debug_info</name>
         <load_address>0x2834</load_address>
         <run_address>0x2834</run_address>
         <size>0x46</size>
         <input_file_ref idref="fl-c4"/>
      </object_component>
      <object_component id="oc-88">
         <name>.debug_info</name>
         <load_address>0x287a</load_address>
         <run_address>0x287a</run_address>
         <size>0x2c</size>
         <input_file_ref idref="fl-c4"/>
      </object_component>
      <object_component id="oc-56">
         <name>.debug_info</name>
         <load_address>0x28a6</load_address>
         <run_address>0x28a6</run_address>
         <size>0x12f</size>
         <input_file_ref idref="fl-c5"/>
      </object_component>
      <object_component id="oc-1f">
         <name>.debug_info</name>
         <load_address>0x29d5</load_address>
         <run_address>0x29d5</run_address>
         <size>0x1aa</size>
         <input_file_ref idref="fl-c5"/>
      </object_component>
      <object_component id="oc-51">
         <name>.debug_info</name>
         <load_address>0x2b7f</load_address>
         <run_address>0x2b7f</run_address>
         <size>0x46</size>
         <input_file_ref idref="fl-c5"/>
      </object_component>
      <object_component id="oc-90">
         <name>.debug_info</name>
         <load_address>0x2bc5</load_address>
         <run_address>0x2bc5</run_address>
         <size>0x2c</size>
         <input_file_ref idref="fl-c5"/>
      </object_component>
      <object_component id="oc-b6">
         <name>.debug_info</name>
         <load_address>0x2bf1</load_address>
         <run_address>0x2bf1</run_address>
         <size>0x234</size>
         <input_file_ref idref="fl-c6"/>
      </object_component>
      <object_component id="oc-b0">
         <name>.debug_info</name>
         <load_address>0x2e25</load_address>
         <run_address>0x2e25</run_address>
         <size>0x185</size>
         <input_file_ref idref="fl-c6"/>
      </object_component>
      <object_component id="oc-70">
         <name>.debug_info</name>
         <load_address>0x2faa</load_address>
         <run_address>0x2faa</run_address>
         <size>0x214</size>
         <input_file_ref idref="fl-c6"/>
      </object_component>
      <object_component id="oc-dc">
         <name>.debug_info</name>
         <load_address>0x31be</load_address>
         <run_address>0x31be</run_address>
         <size>0x132</size>
         <input_file_ref idref="fl-c7"/>
      </object_component>
      <object_component id="oc-eb">
         <name>.debug_info</name>
         <load_address>0x32f0</load_address>
         <run_address>0x32f0</run_address>
         <size>0x132</size>
         <input_file_ref idref="fl-c8"/>
      </object_component>
      <object_component id="oc-f0">
         <name>.debug_info</name>
         <load_address>0x3422</load_address>
         <run_address>0x3422</run_address>
         <size>0x126</size>
         <input_file_ref idref="fl-c9"/>
      </object_component>
      <object_component id="oc-e1">
         <name>.debug_info</name>
         <load_address>0x3548</load_address>
         <run_address>0x3548</run_address>
         <size>0x136</size>
         <input_file_ref idref="fl-ca"/>
      </object_component>
      <object_component id="oc-e6">
         <name>.debug_info</name>
         <load_address>0x367e</load_address>
         <run_address>0x367e</run_address>
         <size>0x124</size>
         <input_file_ref idref="fl-cb"/>
      </object_component>
      <object_component id="oc-f5">
         <name>.debug_info</name>
         <load_address>0x37a2</load_address>
         <run_address>0x37a2</run_address>
         <size>0x124</size>
         <input_file_ref idref="fl-cc"/>
      </object_component>
      <object_component id="oc-40">
         <name>.debug_info</name>
         <load_address>0x38c6</load_address>
         <run_address>0x38c6</run_address>
         <size>0x111</size>
         <input_file_ref idref="fl-cd"/>
      </object_component>
      <object_component id="oc-4c">
         <name>.debug_info</name>
         <load_address>0x39d7</load_address>
         <run_address>0x39d7</run_address>
         <size>0x13f</size>
         <input_file_ref idref="fl-ce"/>
      </object_component>
      <object_component id="oc-58">
         <name>.debug_info</name>
         <load_address>0x3b16</load_address>
         <run_address>0x3b16</run_address>
         <size>0x138</size>
         <input_file_ref idref="fl-cf"/>
      </object_component>
      <object_component id="oc-5e">
         <name>.debug_info</name>
         <load_address>0x3c4e</load_address>
         <run_address>0x3c4e</run_address>
         <size>0x148</size>
         <input_file_ref idref="fl-d0"/>
      </object_component>
      <object_component id="oc-76">
         <name>.debug_info</name>
         <load_address>0x3d96</load_address>
         <run_address>0x3d96</run_address>
         <size>0x109</size>
         <input_file_ref idref="fl-d1"/>
      </object_component>
      <object_component id="oc-d7">
         <name>.debug_info</name>
         <load_address>0x3e9f</load_address>
         <run_address>0x3e9f</run_address>
         <size>0x126</size>
         <input_file_ref idref="fl-d2"/>
      </object_component>
      <object_component id="oc-12e">
         <name>.debug_info</name>
         <load_address>0x3fc5</load_address>
         <run_address>0x3fc5</run_address>
         <size>0x124</size>
         <input_file_ref idref="fl-d3"/>
      </object_component>
      <object_component id="oc-b3">
         <name>.debug_info</name>
         <load_address>0x40e9</load_address>
         <run_address>0x40e9</run_address>
         <size>0x113</size>
         <input_file_ref idref="fl-d3"/>
      </object_component>
      <object_component id="oc-127">
         <name>.debug_info</name>
         <load_address>0x41fc</load_address>
         <run_address>0x41fc</run_address>
         <size>0x21f</size>
         <input_file_ref idref="fl-d3"/>
      </object_component>
      <object_component id="oc-ae">
         <name>.debug_info</name>
         <load_address>0x441b</load_address>
         <run_address>0x441b</run_address>
         <size>0x166</size>
         <input_file_ref idref="fl-d4"/>
      </object_component>
      <object_component id="oc-6a">
         <name>.debug_info</name>
         <load_address>0x4581</load_address>
         <run_address>0x4581</run_address>
         <size>0x167</size>
         <input_file_ref idref="fl-d4"/>
      </object_component>
      <object_component id="oc-11f">
         <name>.debug_info</name>
         <load_address>0x46e8</load_address>
         <run_address>0x46e8</run_address>
         <size>0x5e</size>
         <input_file_ref idref="fl-d4"/>
      </object_component>
      <object_component id="oc-a6">
         <name>.debug_info</name>
         <load_address>0x4746</load_address>
         <run_address>0x4746</run_address>
         <size>0x2e9</size>
         <input_file_ref idref="fl-d5"/>
      </object_component>
      <object_component id="oc-64">
         <name>.debug_info</name>
         <load_address>0x4a2f</load_address>
         <run_address>0x4a2f</run_address>
         <size>0x190</size>
         <input_file_ref idref="fl-d5"/>
      </object_component>
      <object_component id="oc-c6">
         <name>.debug_info</name>
         <load_address>0x4bbf</load_address>
         <run_address>0x4bbf</run_address>
         <size>0x39</size>
         <input_file_ref idref="fl-d5"/>
      </object_component>
      <object_component id="oc-139">
         <name>.debug_info</name>
         <load_address>0x4bf8</load_address>
         <run_address>0x4bf8</run_address>
         <size>0x39</size>
         <input_file_ref idref="fl-d5"/>
      </object_component>
      <object_component id="oc-cb">
         <name>.debug_info</name>
         <load_address>0x4c31</load_address>
         <run_address>0x4c31</run_address>
         <size>0xcd</size>
         <input_file_ref idref="fl-d5"/>
      </object_component>
      <object_component id="oc-c2">
         <name>.debug_info</name>
         <load_address>0x4cfe</load_address>
         <run_address>0x4cfe</run_address>
         <size>0x1e0</size>
         <input_file_ref idref="fl-d6"/>
      </object_component>
      <object_component id="oc-9a">
         <name>.debug_info</name>
         <load_address>0x4ede</load_address>
         <run_address>0x4ede</run_address>
         <size>0x183</size>
         <input_file_ref idref="fl-d6"/>
      </object_component>
      <object_component id="oc-134">
         <name>.debug_info</name>
         <load_address>0x5061</load_address>
         <run_address>0x5061</run_address>
         <size>0x2c</size>
         <input_file_ref idref="fl-d6"/>
      </object_component>
      <object_component id="oc-a2">
         <name>.debug_info</name>
         <load_address>0x508d</load_address>
         <run_address>0x508d</run_address>
         <size>0x145</size>
         <input_file_ref idref="fl-d7"/>
      </object_component>
      <object_component id="oc-1ce">
         <name>.debug_info</name>
         <load_address>0x51d2</load_address>
         <run_address>0x51d2</run_address>
         <size>0x28c</size>
         <input_file_ref idref="fl-d8"/>
      </object_component>
      <object_component id="oc-1cb">
         <name>.debug_info</name>
         <load_address>0x545e</load_address>
         <run_address>0x545e</run_address>
         <size>0xd5</size>
         <input_file_ref idref="fl-d8"/>
      </object_component>
      <object_component id="oc-195">
         <name>.debug_info</name>
         <load_address>0x5533</load_address>
         <run_address>0x5533</run_address>
         <size>0x101</size>
         <input_file_ref idref="fl-d8"/>
      </object_component>
      <object_component id="oc-198">
         <name>.debug_info</name>
         <load_address>0x5634</load_address>
         <run_address>0x5634</run_address>
         <size>0xdb</size>
         <input_file_ref idref="fl-d8"/>
      </object_component>
      <object_component id="oc-ff">
         <name>.debug_info</name>
         <load_address>0x570f</load_address>
         <run_address>0x570f</run_address>
         <size>0x9cc</size>
         <input_file_ref idref="fl-d8"/>
      </object_component>
      <object_component id="oc-24f">
         <name>.debug_info</name>
         <load_address>0x60db</load_address>
         <run_address>0x60db</run_address>
         <size>0x51</size>
         <input_file_ref idref="fl-d8"/>
      </object_component>
      <object_component id="oc-248">
         <name>.debug_info</name>
         <load_address>0x612c</load_address>
         <run_address>0x612c</run_address>
         <size>0xd3</size>
         <input_file_ref idref="fl-d9"/>
      </object_component>
      <object_component id="oc-1c7">
         <name>.debug_info</name>
         <load_address>0x61ff</load_address>
         <run_address>0x61ff</run_address>
         <size>0x2a3</size>
         <input_file_ref idref="fl-d9"/>
      </object_component>
      <object_component id="oc-1e2">
         <name>.debug_info</name>
         <load_address>0x64a2</load_address>
         <run_address>0x64a2</run_address>
         <size>0xda</size>
         <input_file_ref idref="fl-da"/>
      </object_component>
      <object_component id="oc-105">
         <name>.debug_info</name>
         <load_address>0x657c</load_address>
         <run_address>0x657c</run_address>
         <size>0x23b</size>
         <input_file_ref idref="fl-da"/>
      </object_component>
      <object_component id="oc-204">
         <name>.debug_info</name>
         <load_address>0x67b7</load_address>
         <run_address>0x67b7</run_address>
         <size>0x280</size>
         <input_file_ref idref="fl-db"/>
      </object_component>
      <object_component id="oc-10b">
         <name>.debug_info</name>
         <load_address>0x6a37</load_address>
         <run_address>0x6a37</run_address>
         <size>0x3d8</size>
         <input_file_ref idref="fl-db"/>
      </object_component>
      <object_component id="oc-227">
         <name>.debug_info</name>
         <load_address>0x6e0f</load_address>
         <run_address>0x6e0f</run_address>
         <size>0x230</size>
         <input_file_ref idref="fl-dc"/>
      </object_component>
      <object_component id="oc-22b">
         <name>.debug_info</name>
         <load_address>0x703f</load_address>
         <run_address>0x703f</run_address>
         <size>0x15b</size>
         <input_file_ref idref="fl-dc"/>
      </object_component>
      <object_component id="oc-169">
         <name>.debug_info</name>
         <load_address>0x719a</load_address>
         <run_address>0x719a</run_address>
         <size>0x2a3</size>
         <input_file_ref idref="fl-dc"/>
      </object_component>
      <object_component id="oc-20b">
         <name>.debug_info</name>
         <load_address>0x743d</load_address>
         <run_address>0x743d</run_address>
         <size>0x2b3</size>
         <input_file_ref idref="fl-dc"/>
      </object_component>
      <object_component id="oc-1d6">
         <name>.debug_info</name>
         <load_address>0x76f0</load_address>
         <run_address>0x76f0</run_address>
         <size>0x316</size>
         <input_file_ref idref="fl-dc"/>
      </object_component>
      <object_component id="oc-1e6">
         <name>.debug_info</name>
         <load_address>0x7a06</load_address>
         <run_address>0x7a06</run_address>
         <size>0x27b</size>
         <input_file_ref idref="fl-dc"/>
      </object_component>
      <object_component id="oc-16f">
         <name>.debug_info</name>
         <load_address>0x7c81</load_address>
         <run_address>0x7c81</run_address>
         <size>0x27d</size>
         <input_file_ref idref="fl-dc"/>
      </object_component>
      <object_component id="oc-163">
         <name>.debug_info</name>
         <load_address>0x7efe</load_address>
         <run_address>0x7efe</run_address>
         <size>0x2b7</size>
         <input_file_ref idref="fl-dc"/>
      </object_component>
      <object_component id="oc-1d0">
         <name>.debug_info</name>
         <load_address>0x81b5</load_address>
         <run_address>0x81b5</run_address>
         <size>0x285</size>
         <input_file_ref idref="fl-dc"/>
      </object_component>
      <object_component id="oc-1dc">
         <name>.debug_info</name>
         <load_address>0x843a</load_address>
         <run_address>0x843a</run_address>
         <size>0x27b</size>
         <input_file_ref idref="fl-dc"/>
      </object_component>
      <object_component id="oc-175">
         <name>.debug_info</name>
         <load_address>0x86b5</load_address>
         <run_address>0x86b5</run_address>
         <size>0x280</size>
         <input_file_ref idref="fl-dc"/>
      </object_component>
      <object_component id="oc-29b">
         <name>.debug_info</name>
         <load_address>0x8935</load_address>
         <run_address>0x8935</run_address>
         <size>0x20e</size>
         <input_file_ref idref="fl-dd"/>
      </object_component>
      <object_component id="oc-298">
         <name>.debug_info</name>
         <load_address>0x8b43</load_address>
         <run_address>0x8b43</run_address>
         <size>0x157</size>
         <input_file_ref idref="fl-dd"/>
      </object_component>
      <object_component id="oc-23f">
         <name>.debug_info</name>
         <load_address>0x8c9a</load_address>
         <run_address>0x8c9a</run_address>
         <size>0x2c1</size>
         <input_file_ref idref="fl-dd"/>
      </object_component>
      <object_component id="oc-21f">
         <name>.debug_info</name>
         <load_address>0x8f5b</load_address>
         <run_address>0x8f5b</run_address>
         <size>0x298</size>
         <input_file_ref idref="fl-de"/>
      </object_component>
      <object_component id="oc-239">
         <name>.debug_info</name>
         <load_address>0x91f3</load_address>
         <run_address>0x91f3</run_address>
         <size>0x14d</size>
         <input_file_ref idref="fl-de"/>
      </object_component>
      <object_component id="oc-145">
         <name>.debug_info</name>
         <load_address>0x9340</load_address>
         <run_address>0x9340</run_address>
         <size>0x27f</size>
         <input_file_ref idref="fl-de"/>
      </object_component>
      <object_component id="oc-13f">
         <name>.debug_info</name>
         <load_address>0x95bf</load_address>
         <run_address>0x95bf</run_address>
         <size>0x27d</size>
         <input_file_ref idref="fl-de"/>
      </object_component>
      <object_component id="oc-1a1">
         <name>.debug_info</name>
         <load_address>0x983c</load_address>
         <run_address>0x983c</run_address>
         <size>0x2db</size>
         <input_file_ref idref="fl-de"/>
      </object_component>
      <object_component id="oc-1a7">
         <name>.debug_info</name>
         <load_address>0x9b17</load_address>
         <run_address>0x9b17</run_address>
         <size>0x2b5</size>
         <input_file_ref idref="fl-de"/>
      </object_component>
      <object_component id="oc-288">
         <name>.debug_info</name>
         <load_address>0x9dcc</load_address>
         <run_address>0x9dcc</run_address>
         <size>0x5f</size>
         <input_file_ref idref="fl-de"/>
      </object_component>
      <object_component id="oc-23d">
         <name>.debug_info</name>
         <load_address>0x9e2b</load_address>
         <run_address>0x9e2b</run_address>
         <size>0x19d</size>
         <input_file_ref idref="fl-df"/>
      </object_component>
      <object_component id="oc-1ad">
         <name>.debug_info</name>
         <load_address>0x9fc8</load_address>
         <run_address>0x9fc8</run_address>
         <size>0x261</size>
         <input_file_ref idref="fl-df"/>
      </object_component>
      <object_component id="oc-1b3">
         <name>.debug_info</name>
         <load_address>0xa229</load_address>
         <run_address>0xa229</run_address>
         <size>0x277</size>
         <input_file_ref idref="fl-df"/>
      </object_component>
      <object_component id="oc-1b9">
         <name>.debug_info</name>
         <load_address>0xa4a0</load_address>
         <run_address>0xa4a0</run_address>
         <size>0x227</size>
         <input_file_ref idref="fl-df"/>
      </object_component>
      <object_component id="oc-1bf">
         <name>.debug_info</name>
         <load_address>0xa6c7</load_address>
         <run_address>0xa6c7</run_address>
         <size>0x221</size>
         <input_file_ref idref="fl-df"/>
      </object_component>
      <object_component id="oc-222">
         <name>.debug_info</name>
         <load_address>0xa8e8</load_address>
         <run_address>0xa8e8</run_address>
         <size>0x223</size>
         <input_file_ref idref="fl-e0"/>
      </object_component>
      <object_component id="oc-181">
         <name>.debug_info</name>
         <load_address>0xab0b</load_address>
         <run_address>0xab0b</run_address>
         <size>0x28a</size>
         <input_file_ref idref="fl-e0"/>
      </object_component>
      <object_component id="oc-17b">
         <name>.debug_info</name>
         <load_address>0xad95</load_address>
         <run_address>0xad95</run_address>
         <size>0x284</size>
         <input_file_ref idref="fl-e0"/>
      </object_component>
      <object_component id="oc-157">
         <name>.debug_info</name>
         <load_address>0xb019</load_address>
         <run_address>0xb019</run_address>
         <size>0x292</size>
         <input_file_ref idref="fl-e0"/>
      </object_component>
      <object_component id="oc-15d">
         <name>.debug_info</name>
         <load_address>0xb2ab</load_address>
         <run_address>0xb2ab</run_address>
         <size>0x27f</size>
         <input_file_ref idref="fl-e0"/>
      </object_component>
      <object_component id="oc-151">
         <name>.debug_info</name>
         <load_address>0xb52a</load_address>
         <run_address>0xb52a</run_address>
         <size>0x2c4</size>
         <input_file_ref idref="fl-e0"/>
      </object_component>
      <object_component id="oc-14b">
         <name>.debug_info</name>
         <load_address>0xb7ee</load_address>
         <run_address>0xb7ee</run_address>
         <size>0x28c</size>
         <input_file_ref idref="fl-e0"/>
      </object_component>
      <object_component id="oc-266">
         <name>.debug_info</name>
         <load_address>0xba7a</load_address>
         <run_address>0xba7a</run_address>
         <size>0x227</size>
         <input_file_ref idref="fl-e1"/>
      </object_component>
      <object_component id="oc-260">
         <name>.debug_info</name>
         <load_address>0xbca1</load_address>
         <run_address>0xbca1</run_address>
         <size>0x247</size>
         <input_file_ref idref="fl-e1"/>
      </object_component>
      <object_component id="oc-25a">
         <name>.debug_info</name>
         <load_address>0xbee8</load_address>
         <run_address>0xbee8</run_address>
         <size>0x249</size>
         <input_file_ref idref="fl-e1"/>
      </object_component>
      <object_component id="oc-1ec">
         <name>.debug_info</name>
         <load_address>0xc131</load_address>
         <run_address>0xc131</run_address>
         <size>0x326</size>
         <input_file_ref idref="fl-e1"/>
      </object_component>
      <object_component id="oc-1f2">
         <name>.debug_info</name>
         <load_address>0xc457</load_address>
         <run_address>0xc457</run_address>
         <size>0x273</size>
         <input_file_ref idref="fl-e1"/>
      </object_component>
      <object_component id="oc-1f8">
         <name>.debug_info</name>
         <load_address>0xc6ca</load_address>
         <run_address>0xc6ca</run_address>
         <size>0x24d</size>
         <input_file_ref idref="fl-e1"/>
      </object_component>
      <object_component id="oc-19b">
         <name>.debug_info</name>
         <load_address>0xc917</load_address>
         <run_address>0xc917</run_address>
         <size>0x17d</size>
         <input_file_ref idref="fl-e3"/>
      </object_component>
      <object_component id="oc-270">
         <name>.debug_info</name>
         <load_address>0xca94</load_address>
         <run_address>0xca94</run_address>
         <size>0x1c8</size>
         <input_file_ref idref="fl-e4"/>
      </object_component>
      <object_component id="oc-1fe">
         <name>.debug_info</name>
         <load_address>0xcc5c</load_address>
         <run_address>0xcc5c</run_address>
         <size>0x35c</size>
         <input_file_ref idref="fl-e4"/>
      </object_component>
      <object_component id="oc-271">
         <name>.debug_info</name>
         <load_address>0xcfb8</load_address>
         <run_address>0xcfb8</run_address>
         <size>0x2c</size>
         <input_file_ref idref="fl-e4"/>
      </object_component>
      <object_component id="oc-276">
         <name>.debug_info</name>
         <load_address>0xcfe4</load_address>
         <run_address>0xcfe4</run_address>
         <size>0x69</size>
         <input_file_ref idref="fl-e4"/>
      </object_component>
      <object_component id="oc-2dc">
         <name>.debug_info</name>
         <load_address>0xd04d</load_address>
         <run_address>0xd04d</run_address>
         <size>0x385</size>
         <input_file_ref idref="fl-e5"/>
      </object_component>
      <object_component id="oc-26a">
         <name>.debug_info</name>
         <load_address>0xd3d2</load_address>
         <run_address>0xd3d2</run_address>
         <size>0x1543</size>
         <input_file_ref idref="fl-e5"/>
      </object_component>
      <object_component id="oc-2dd">
         <name>.debug_info</name>
         <load_address>0xe915</load_address>
         <run_address>0xe915</run_address>
         <size>0x86</size>
         <input_file_ref idref="fl-e5"/>
      </object_component>
      <object_component id="oc-313">
         <name>.debug_info</name>
         <load_address>0xe99b</load_address>
         <run_address>0xe99b</run_address>
         <size>0x46</size>
         <input_file_ref idref="fl-e5"/>
      </object_component>
      <object_component id="oc-2e2">
         <name>.debug_info</name>
         <load_address>0xe9e1</load_address>
         <run_address>0xe9e1</run_address>
         <size>0x39</size>
         <input_file_ref idref="fl-e5"/>
      </object_component>
      <object_component id="oc-30e">
         <name>.debug_info</name>
         <load_address>0xea1a</load_address>
         <run_address>0xea1a</run_address>
         <size>0x114</size>
         <input_file_ref idref="fl-e6"/>
      </object_component>
      <object_component id="oc-2d0">
         <name>.debug_info</name>
         <load_address>0xeb2e</load_address>
         <run_address>0xeb2e</run_address>
         <size>0x171</size>
         <input_file_ref idref="fl-e6"/>
      </object_component>
      <object_component id="oc-327">
         <name>.debug_info</name>
         <load_address>0xec9f</load_address>
         <run_address>0xec9f</run_address>
         <size>0xee</size>
         <input_file_ref idref="fl-e7"/>
      </object_component>
      <object_component id="oc-30b">
         <name>.debug_info</name>
         <load_address>0xed8d</load_address>
         <run_address>0xed8d</run_address>
         <size>0xfa</size>
         <input_file_ref idref="fl-e7"/>
      </object_component>
      <object_component id="oc-2b9">
         <name>.debug_info</name>
         <load_address>0xee87</load_address>
         <run_address>0xee87</run_address>
         <size>0x144</size>
         <input_file_ref idref="fl-e8"/>
      </object_component>
      <object_component id="oc-2a9">
         <name>.debug_info</name>
         <load_address>0xefcb</load_address>
         <run_address>0xefcb</run_address>
         <size>0x120</size>
         <input_file_ref idref="fl-e9"/>
      </object_component>
      <object_component id="oc-2ae">
         <name>.debug_info</name>
         <load_address>0xf0eb</load_address>
         <run_address>0xf0eb</run_address>
         <size>0x122</size>
         <input_file_ref idref="fl-e9"/>
      </object_component>
      <object_component id="oc-2f4">
         <name>.debug_info</name>
         <load_address>0xf20d</load_address>
         <run_address>0xf20d</run_address>
         <size>0x14c</size>
         <input_file_ref idref="fl-ea"/>
      </object_component>
      <object_component id="oc-2b3">
         <name>.debug_info</name>
         <load_address>0xf359</load_address>
         <run_address>0xf359</run_address>
         <size>0x1c2</size>
         <input_file_ref idref="fl-ea"/>
      </object_component>
      <object_component id="oc-310">
         <name>.debug_info</name>
         <load_address>0xf51b</load_address>
         <run_address>0xf51b</run_address>
         <size>0xf1</size>
         <input_file_ref idref="fl-eb"/>
      </object_component>
      <object_component id="oc-2d6">
         <name>.debug_info</name>
         <load_address>0xf60c</load_address>
         <run_address>0xf60c</run_address>
         <size>0x1ab</size>
         <input_file_ref idref="fl-eb"/>
      </object_component>
      <object_component id="oc-2f7">
         <name>.debug_info</name>
         <load_address>0xf7b7</load_address>
         <run_address>0xf7b7</run_address>
         <size>0x13f</size>
         <input_file_ref idref="fl-ec"/>
      </object_component>
      <object_component id="oc-2c1">
         <name>.debug_info</name>
         <load_address>0xf8f6</load_address>
         <run_address>0xf8f6</run_address>
         <size>0x18a</size>
         <input_file_ref idref="fl-ec"/>
      </object_component>
      <object_component id="oc-2f8">
         <name>.debug_info</name>
         <load_address>0xfa80</load_address>
         <run_address>0xfa80</run_address>
         <size>0x2c</size>
         <input_file_ref idref="fl-ec"/>
      </object_component>
      <object_component id="oc-307">
         <name>.debug_info</name>
         <load_address>0xfaac</load_address>
         <run_address>0xfaac</run_address>
         <size>0x17c</size>
         <input_file_ref idref="fl-ed"/>
      </object_component>
      <object_component id="oc-2c4">
         <name>.debug_info</name>
         <load_address>0xfc28</load_address>
         <run_address>0xfc28</run_address>
         <size>0x1d5</size>
         <input_file_ref idref="fl-ed"/>
      </object_component>
      <object_component id="oc-309">
         <name>.debug_info</name>
         <load_address>0xfdfd</load_address>
         <run_address>0xfdfd</run_address>
         <size>0xf5</size>
         <input_file_ref idref="fl-ee"/>
      </object_component>
      <object_component id="oc-2ca">
         <name>.debug_info</name>
         <load_address>0xfef2</load_address>
         <run_address>0xfef2</run_address>
         <size>0x244</size>
         <input_file_ref idref="fl-ee"/>
      </object_component>
      <object_component id="oc-2f0">
         <name>.debug_info</name>
         <load_address>0x10136</load_address>
         <run_address>0x10136</run_address>
         <size>0xea</size>
         <input_file_ref idref="fl-ef"/>
      </object_component>
      <object_component id="oc-2a3">
         <name>.debug_info</name>
         <load_address>0x10220</load_address>
         <run_address>0x10220</run_address>
         <size>0x22a</size>
         <input_file_ref idref="fl-ef"/>
      </object_component>
      <object_component id="oc-304">
         <name>.debug_info</name>
         <load_address>0x1044a</load_address>
         <run_address>0x1044a</run_address>
         <size>0xf3</size>
         <input_file_ref idref="fl-f0"/>
      </object_component>
      <object_component id="oc-2fe">
         <name>.debug_info</name>
         <load_address>0x1053d</load_address>
         <run_address>0x1053d</run_address>
         <size>0x156</size>
         <input_file_ref idref="fl-f1"/>
      </object_component>
      <object_component id="oc-353">
         <name>.debug_info</name>
         <load_address>0x10693</load_address>
         <run_address>0x10693</run_address>
         <size>0xac</size>
      </object_component>
      <object_component id="oc-2ea">
         <name>.debug_line</name>
         <load_address>0x0</load_address>
         <run_address>0x0</run_address>
         <size>0x88</size>
         <input_file_ref idref="fl-2"/>
      </object_component>
      <object_component id="oc-213">
         <name>.debug_line</name>
         <load_address>0x88</load_address>
         <run_address>0x88</run_address>
         <size>0x2d</size>
         <input_file_ref idref="fl-2"/>
      </object_component>
      <object_component id="oc-215">
         <name>.debug_line</name>
         <load_address>0xb5</load_address>
         <run_address>0xb5</run_address>
         <size>0x2d</size>
         <input_file_ref idref="fl-2"/>
      </object_component>
      <object_component id="oc-ab">
         <name>.debug_line</name>
         <load_address>0xe2</load_address>
         <run_address>0xe2</run_address>
         <size>0xf2</size>
         <input_file_ref idref="fl-2"/>
      </object_component>
      <object_component id="oc-219">
         <name>.debug_line</name>
         <load_address>0x1d4</load_address>
         <run_address>0x1d4</run_address>
         <size>0x2d</size>
         <input_file_ref idref="fl-2"/>
      </object_component>
      <object_component id="oc-280">
         <name>.debug_line</name>
         <load_address>0x201</load_address>
         <run_address>0x201</run_address>
         <size>0x6f</size>
         <input_file_ref idref="fl-2"/>
      </object_component>
      <object_component id="oc-bd">
         <name>.debug_line</name>
         <load_address>0x270</load_address>
         <run_address>0x270</run_address>
         <size>0x20</size>
         <input_file_ref idref="fl-2"/>
      </object_component>
      <object_component id="oc-7f">
         <name>.debug_line</name>
         <load_address>0x290</load_address>
         <run_address>0x290</run_address>
         <size>0x70</size>
         <input_file_ref idref="fl-2"/>
      </object_component>
      <object_component id="oc-208">
         <name>.debug_line</name>
         <load_address>0x300</load_address>
         <run_address>0x300</run_address>
         <size>0x70</size>
         <input_file_ref idref="fl-2"/>
      </object_component>
      <object_component id="oc-231">
         <name>.debug_line</name>
         <load_address>0x370</load_address>
         <run_address>0x370</run_address>
         <size>0x2f</size>
         <input_file_ref idref="fl-3"/>
      </object_component>
      <object_component id="oc-d4">
         <name>.debug_line</name>
         <load_address>0x39f</load_address>
         <run_address>0x39f</run_address>
         <size>0xc8</size>
         <input_file_ref idref="fl-3"/>
      </object_component>
      <object_component id="oc-285">
         <name>.debug_line</name>
         <load_address>0x467</load_address>
         <run_address>0x467</run_address>
         <size>0xde</size>
         <input_file_ref idref="fl-4"/>
      </object_component>
      <object_component id="oc-114">
         <name>.debug_line</name>
         <load_address>0x545</load_address>
         <run_address>0x545</run_address>
         <size>0x121</size>
         <input_file_ref idref="fl-4"/>
      </object_component>
      <object_component id="oc-fd">
         <name>.debug_line</name>
         <load_address>0x666</load_address>
         <run_address>0x666</run_address>
         <size>0x4e</size>
         <input_file_ref idref="fl-5"/>
      </object_component>
      <object_component id="oc-7b">
         <name>.debug_line</name>
         <load_address>0x6b4</load_address>
         <run_address>0x6b4</run_address>
         <size>0x41</size>
         <input_file_ref idref="fl-6"/>
      </object_component>
      <object_component id="oc-32">
         <name>.debug_line</name>
         <load_address>0x6f5</load_address>
         <run_address>0x6f5</run_address>
         <size>0x41</size>
         <input_file_ref idref="fl-6"/>
      </object_component>
      <object_component id="oc-2f">
         <name>.debug_line</name>
         <load_address>0x736</load_address>
         <run_address>0x736</run_address>
         <size>0xa1</size>
         <input_file_ref idref="fl-6"/>
      </object_component>
      <object_component id="oc-3d">
         <name>.debug_line</name>
         <load_address>0x7d7</load_address>
         <run_address>0x7d7</run_address>
         <size>0x20</size>
         <input_file_ref idref="fl-6"/>
      </object_component>
      <object_component id="oc-28">
         <name>.debug_line</name>
         <load_address>0x7f7</load_address>
         <run_address>0x7f7</run_address>
         <size>0x53</size>
         <input_file_ref idref="fl-c2"/>
      </object_component>
      <object_component id="oc-c0">
         <name>.debug_line</name>
         <load_address>0x84a</load_address>
[...]
      </symbol>
      <symbol id="sm-a4">
         <name>RangerPing</name>
         <value>0x1f83</value>
         <object_component_ref idref="oc-d0"/>
      </symbol>
      <symbol id="sm-a5">
         <name>RangerRead</name>
         <value>0x203d</value>
         <object_component_ref idref="oc-d0"/>
      </symbol>
      <symbol id="sm-a6">
         <name>RangerLag</name>
         <value>0x1fc1</value>
         <object_component_ref idref="oc-d0"/>
      </symbol>
      <symbol id="sm-a7">
         <name>TIME2</name>
         <value>0x20000508</value>
         <object_component_ref idref="oc-186"/>
      </symbol>
      <symbol id="sm-a8">
         <name>TIME1</name>
         <value>0x20000504</value>
         <object_component_ref idref="oc-186"/>
      </symbol>
      <symbol id="sm-c7">
         <name>seg7Init</name>
         <value>0x199d</value>
         <object_component_ref idref="oc-110"/>
      </symbol>
      <symbol id="sm-c8">
         <name>seg7Update</name>
         <value>0x1b29</value>
         <object_component_ref idref="oc-110"/>
      </symbol>
      <symbol id="sm-d9">
         <name>seg7DigitUpdate</name>
         <value>0x3035</value>
         <object_component_ref idref="oc-f9"/>
      </symbol>
      <symbol id="sm-fa">
         <name>ResetISR</name>
         <value>0x335d</value>
         <object_component_ref idref="oc-2b"/>
      </symbol>
      <symbol id="sm-fb">
         <name>g_pfnVectors</name>
         <value>0x0</value>
         <object_component_ref idref="oc-f"/>
      </symbol>
      <symbol id="sm-10c">
         <name>_c_int00</name>
         <value>0x2e15</value>
         <object_component_ref idref="oc-24"/>
      </symbol>
      <symbol id="sm-10d">
         <name>__stack</name>
         <value>0x2000026c</value>
         <object_component_ref idref="oc-2a"/>
      </symbol>
      <symbol id="sm-12b">
         <name>__TI_decompress_lzss</name>
         <value>0x2c8f</value>
         <object_component_ref idref="oc-12"/>
      </symbol>
      <symbol id="sm-142">
         <name>__TI_decompress_none</name>
         <value>0x3343</value>
         <object_component_ref idref="oc-18"/>
      </symbol>
      <symbol id="sm-159">
         <name>__TI_zero_init</name>
         <value>0x3351</value>
         <object_component_ref idref="oc-1e"/>
      </symbol>
      <symbol id="sm-17a">
         <name>C$$EXIT</name>
         <value>0x2e69</value>
         <object_component_ref idref="oc-6f"/>
      </symbol>
      <symbol id="sm-17b">
         <name>abort</name>
         <value>0x2e6d</value>
         <object_component_ref idref="oc-6f"/>
      </symbol>
      <symbol id="sm-17c">
         <name>exit</name>
         <value>0x2e75</value>
         <object_component_ref idref="oc-6f"/>
      </symbol>
      <symbol id="sm-17d">
         <name>__TI_dtors_ptr</name>
         <value>0x200004f8</value>
         <object_component_ref idref="oc-af"/>
      </symbol>
      <symbol id="sm-17e">
         <name>__TI_cleanup_ptr</name>
         <value>0x200004f4</value>
         <object_component_ref idref="oc-af"/>
      </symbol>
      <symbol id="sm-17f">
         <name>__TI_enable_exit_profile_output</name>
         <value>0x200004fc</value>
         <object_component_ref idref="oc-af"/>
      </symbol>
      <symbol id="sm-193">
         <name>__aeabi_ddiv</name>
         <value>0x20b5</value>
         <object_component_ref idref="oc-db"/>
      </symbol>
      <symbol id="sm-19e">
         <name>__aeabi_dmul</name>
         <value>0x242d</value>
         <object_component_ref idref="oc-ea"/>
      </symbol>
      <symbol id="sm-1a8">
         <name>__aeabi_d2iz</name>
         <value>0x2f9d</value>
         <object_component_ref idref="oc-ef"/>
      </symbol>
      <symbol id="sm-1b4">
         <name>__aeabi_d2f</name>
         <value>0x2c21</value>
         <object_component_ref idref="oc-e0"/>
      </symbol>
      <symbol id="sm-1bf">
         <name>__aeabi_f2d</name>
         <value>0x30a9</value>
         <object_component_ref idref="oc-e5"/>
      </symbol>
      <symbol id="sm-1c9">
         <name>__aeabi_i2d</name>
         <value>0x3149</value>
         <object_component_ref idref="oc-f4"/>
      </symbol>
      <symbol id="sm-1e4">
         <name>memcpy</name>
         <value>0x27dd</value>
         <object_component_ref idref="oc-3f"/>
      </symbol>
      <symbol id="sm-1e5">
         <name>__aeabi_memcpy</name>
         <value>0x27dd</value>
         <object_component_ref idref="oc-3f"/>
      </symbol>
      <symbol id="sm-1e6">
         <name>__aeabi_memcpy8</name>
         <value>0x27dd</value>
         <object_component_ref idref="oc-3f"/>
      </symbol>
      <symbol id="sm-1e7">
         <name>__aeabi_memcpy4</name>
         <value>0x27dd</value>
         <object_component_ref idref="oc-3f"/>
      </symbol>
      <symbol id="sm-1f6">
         <name>__aeabi_memset</name>
         <value>0x2b37</value>
         <object_component_ref idref="oc-4b"/>
      </symbol>
      <symbol id="sm-1f7">
         <name>memset</name>
         <value>0x2b3d</value>
         <object_component_ref idref="oc-4b"/>
      </symbol>
      <symbol id="sm-1f8">
         <name>__aeabi_memset8</name>
         <value>0x2b37</value>
         <object_component_ref idref="oc-4b"/>
      </symbol>
      <symbol id="sm-1f9">
         <name>__aeabi_memset4</name>
         <value>0x2b37</value>
         <object_component_ref idref="oc-4b"/>
      </symbol>
      <symbol id="sm-1fa">
         <name>__aeabi_memclr8</name>
         <value>0x2b35</value>
         <object_component_ref idref="oc-4b"/>
      </symbol>
      <symbol id="sm-1fb">
         <name>__aeabi_memclr4</name>
         <value>0x2b35</value>
         <object_component_ref idref="oc-4b"/>
      </symbol>
      <symbol id="sm-1fc">
         <name>__aeabi_memclr</name>
         <value>0x2b35</value>
         <object_component_ref idref="oc-4b"/>
      </symbol>
      <symbol id="sm-206">
         <name>__mpu_init</name>
         <value>0x13a7</value>
         <object_component_ref idref="oc-57"/>
      </symbol>
      <symbol id="sm-210">
         <name>_system_pre_init</name>
         <value>0x33a7</value>
         <object_component_ref idref="oc-5d"/>
      </symbol>
      <symbol id="sm-218">
         <name>main_func_sp</name>
         <value>0x20000538</value>
         <object_component_ref idref="oc-75"/>
      </symbol>
      <symbol id="sm-222">
         <name>__aeabi_ui2d</name>
         <value>0x31c1</value>
         <object_component_ref idref="oc-d6"/>
      </symbol>
      <symbol id="sm-23b">
         <name>_nop</name>
         <value>0x32bf</value>
         <object_component_ref idref="oc-126"/>
      </symbol>
      <symbol id="sm-23c">
         <name>_lock</name>
         <value>0x20000518</value>
         <object_component_ref idref="oc-b2"/>
      </symbol>
      <symbol id="sm-23d">
         <name>_unlock</name>
         <value>0x2000051c</value>
         <object_component_ref idref="oc-b2"/>
      </symbol>
      <symbol id="sm-23e">
         <name>_register_lock</name>
         <value>0x32b7</value>
         <object_component_ref idref="oc-126"/>
      </symbol>
      <symbol id="sm-23f">
         <name>_register_unlock</name>
         <value>0x32b1</value>
         <object_component_ref idref="oc-126"/>
      </symbol>
      <symbol id="sm-253">
         <name>_args_main</name>
         <value>0x3231</value>
         <object_component_ref idref="oc-69"/>
      </symbol>
      <symbol id="sm-27d">
         <name>__TI_auto_init</name>
         <value>0x2bb1</value>
         <object_component_ref idref="oc-63"/>
      </symbol>
      <symbol id="sm-297">
         <name>copy_in</name>
         <value>0x2f09</value>
         <object_component_ref idref="oc-99"/>
      </symbol>
      <symbol id="sm-2a1">
         <name>_system_post_cinit</name>
         <value>0x1f43</value>
         <object_component_ref idref="oc-9f"/>
      </symbol>
      <symbol id="sm-2ff">
         <name>schdExecute</name>
         <value>0x1551</value>
         <object_component_ref idref="oc-fe"/>
      </symbol>
      <symbol id="sm-300">
         <name>sysTimeWaitAbsolute</name>
         <value>0x148b</value>
         <object_component_ref idref="oc-fe"/>
      </symbol>
      <symbol id="sm-301">
         <name>lpInit</name>
         <value>0x16b7</value>
         <object_component_ref idref="oc-fe"/>
      </symbol>
      <symbol id="sm-302">
         <name>sysTimeGet</name>
         <value>0x143b</value>
         <object_component_ref idref="oc-fe"/>
      </symbol>
      <symbol id="sm-303">
         <name>sysTimeReached</name>
         <value>0x1441</value>
         <object_component_ref idref="oc-fe"/>
      </symbol>
      <symbol id="sm-304">
         <name>waitUs</name>
         <value>0x1689</value>
         <object_component_ref idref="oc-fe"/>
      </symbol>
      <symbol id="sm-305">
         <name>sysTimeWait</name>
         <value>0x1467</value>
         <object_component_ref idref="oc-fe"/>
      </symbol>
      <symbol id="sm-306">
         <name>schdCallback</name>
         <value>0x14d7</value>
         <object_component_ref idref="oc-fe"/>
      </symbol>
      <symbol id="sm-307">
         <name>waitMs</name>
         <value>0x1659</value>
         <object_component_ref idref="oc-fe"/>
      </symbol>
      <symbol id="sm-322">
         <name>ledInit</name>
         <value>0x289b</value>
         <object_component_ref idref="oc-1c4"/>
      </symbol>
      <symbol id="sm-323">
         <name>ledInitForced</name>
         <value>0x2879</value>
         <object_component_ref idref="oc-1c4"/>
      </symbol>
      <symbol id="sm-324">
         <name>ledTurnOnOff</name>
         <value>0x28af</value>
         <object_component_ref idref="oc-1c4"/>
      </symbol>
      <symbol id="sm-342">
         <name>pbInitForced</name>
         <value>0x2915</value>
         <object_component_ref idref="oc-104"/>
      </symbol>
      <symbol id="sm-343">
         <name>pbInit</name>
         <value>0x2949</value>
         <object_component_ref idref="oc-104"/>
      </symbol>
      <symbol id="sm-344">
         <name>pbRead</name>
         <value>0x295d</value>
         <object_component_ref idref="oc-104"/>
      </symbol>
      <symbol id="sm-35b">
         <name>uartPutString</name>
         <value>0x2777</value>
         <object_component_ref idref="oc-10a"/>
      </symbol>
      <symbol id="sm-35c">
         <name>uprintf</name>
         <value>0x27a3</value>
         <object_component_ref idref="oc-10a"/>
      </symbol>
      <symbol id="sm-35d">
         <name>uartInit</name>
         <value>0x2719</value>
         <object_component_ref idref="oc-10a"/>
      </symbol>
      <symbol id="sm-35e">
         <name>uartPutChar</name>
         <value>0x2753</value>
         <object_component_ref idref="oc-10a"/>
      </symbol>
      <symbol id="sm-35f">
         <name>uartGetChar</name>
         <value>0x2765</value>
         <object_component_ref idref="oc-10a"/>
      </symbol>
      <symbol id="sm-3b9">
         <name>GPIOPinConfigure</name>
         <value>0x2f55</value>
         <object_component_ref idref="oc-174"/>
      </symbol>
      <symbol id="sm-3ba">
         <name>GPIOPinTypeGPIOInput</name>
         <value>0x32ed</value>
         <object_component_ref idref="oc-1cf"/>
      </symbol>
      <symbol id="sm-3bb">
         <name>GPIOPinTypeUART</name>
         <value>0x3311</value>
         <object_component_ref idref="oc-1e5"/>
      </symbol>
      <symbol id="sm-3bc">
         <name>GPIOPinTypeGPIOOutput</name>
         <value>0x3219</value>
         <object_component_ref idref="oc-162"/>
      </symbol>
      <symbol id="sm-3bd">
         <name>GPIOPinRead</name>
         <value>0x3391</value>
         <object_component_ref idref="oc-1db"/>
      </symbol>
      <symbol id="sm-3be">
         <name>GPIODirModeSet</name>
         <value>0x3177</value>
         <object_component_ref idref="oc-20a"/>
      </symbol>
      <symbol id="sm-3bf">
         <name>GPIOPinWrite</name>
         <value>0x3397</value>
         <object_component_ref idref="oc-168"/>
      </symbol>
      <symbol id="sm-3c0">
         <name>GPIOPadConfigSet</name>
         <value>0x21eb</value>
         <object_component_ref idref="oc-1d5"/>
      </symbol>
      <symbol id="sm-3c1">
         <name>GPIOPinTypeTimer</name>
         <value>0x32ff</value>
         <object_component_ref idref="oc-16e"/>
      </symbol>
      <symbol id="sm-3d8">
         <name>IntRegister</name>
         <value>0x30e1</value>
         <object_component_ref idref="oc-23e"/>
      </symbol>
      <symbol id="sm-3d9">
         <name>g_pfnRAMVectors</name>
         <value>0x20000000</value>
         <object_component_ref idref="oc-297"/>
      </symbol>
      <symbol id="sm-436">
         <name>SysCtlClockSet</name>
         <value>0x2625</value>
         <object_component_ref idref="oc-1a0"/>
      </symbol>
      <symbol id="sm-437">
         <name>SysCtlDelay</name>
         <value>0x339d</value>
         <object_component_ref idref="oc-19f"/>
      </symbol>
      <symbol id="sm-438">
         <name>SysCtlPeripheralEnable</name>
         <value>0x3115</value>
         <object_component_ref idref="oc-13e"/>
      </symbol>
      <symbol id="sm-439">
         <name>SysCtlClockGet</name>
         <value>0x231d</value>
         <object_component_ref idref="oc-1a6"/>
      </symbol>
      <symbol id="sm-43a">
         <name>SysCtlPeripheralReady</name>
         <value>0x3071</value>
         <object_component_ref idref="oc-144"/>
      </symbol>
      <symbol id="sm-467">
         <name>SysTickEnable</name>
         <value>0x3275</value>
         <object_component_ref idref="oc-1be"/>
      </symbol>
      <symbol id="sm-468">
         <name>SysTickIntRegister</name>
         <value>0x31e1</value>
         <object_component_ref idref="oc-1b2"/>
      </symbol>
      <symbol id="sm-469">
         <name>SysTickIntEnable</name>
         <value>0x3289</value>
         <object_component_ref idref="oc-1b8"/>
      </symbol>
      <symbol id="sm-46a">
         <name>SysTickPeriodSet</name>
         <value>0x3325</value>
         <object_component_ref idref="oc-1ac"/>
      </symbol>
      <symbol id="sm-4a6">
         <name>TimerEnable</name>
         <value>0x3335</value>
         <object_component_ref idref="oc-15c"/>
      </symbol>
      <symbol id="sm-4a7">
         <name>TimerIntStatus</name>
         <value>0x3369</value>
         <object_component_ref idref="oc-17a"/>
      </symbol>
      <symbol id="sm-4a8">
         <name>TimerValueGet</name>
         <value>0x3373</value>
         <object_component_ref idref="oc-180"/>
      </symbol>
      <symbol id="sm-4a9">
         <name>TimerConfigure</name>
         <value>0x2d5d</value>
         <object_component_ref idref="oc-14a"/>
      </symbol>
      <symbol id="sm-4aa">
         <name>TimerControlEvent</name>
         <value>0x3249</value>
         <object_component_ref idref="oc-150"/>
      </symbol>
      <symbol id="sm-4ab">
         <name>TimerIntClear</name>
         <value>0x33a3</value>
         <object_component_ref idref="oc-156"/>
      </symbol>
      <symbol id="sm-4de">
         <name>UARTConfigSetExpClk</name>
         <value>0x2fe5</value>
         <object_component_ref idref="oc-1eb"/>
      </symbol>
      <symbol id="sm-4df">
         <name>UARTDisable</name>
         <value>0x31a1</value>
         <object_component_ref idref="oc-259"/>
      </symbol>
      <symbol id="sm-4e0">
         <name>UARTCharPut</name>
         <value>0x3387</value>
         <object_component_ref idref="oc-1f1"/>
      </symbol>
      <symbol id="sm-4e1">
         <name>UARTEnable</name>
         <value>0x329d</value>
         <object_component_ref idref="oc-25f"/>
      </symbol>
      <symbol id="sm-4e2">
         <name>UARTCharGet</name>
         <value>0x337d</value>
         <object_component_ref idref="oc-1f7"/>
      </symbol>
      <symbol id="sm-4ff">
         <name>__aeabi_uldivmod</name>
         <value>0x1b99</value>
         <object_component_ref idref="oc-19a"/>
      </symbol>
      <symbol id="sm-520">
         <name>vsnprintf</name>
         <value>0x29a1</value>
         <object_component_ref idref="oc-1fd"/>
      </symbol>
      <symbol id="sm-621">
         <name>__TI_printfi</name>
         <value>0xaad</value>
         <object_component_ref idref="oc-269"/>
      </symbol>
      <symbol id="sm-637">
         <name>atoi</name>
         <value>0x2ebd</value>
         <object_component_ref idref="oc-2cf"/>
      </symbol>
      <symbol id="sm-642">
         <name>_ctypes_</name>
         <value>0x33ac</value>
         <object_component_ref idref="oc-30a"/>
      </symbol>
      <symbol id="sm-659">
         <name>__aeabi_dsub</name>
         <value>0x1d8d</value>
         <object_component_ref idref="oc-2b8"/>
      </symbol>
      <symbol id="sm-65a">
         <name>__aeabi_dadd</name>
         <value>0x1d97</value>
         <object_component_ref idref="oc-2b8"/>
      </symbol>
      <symbol id="sm-67c">
         <name>__aeabi_cdcmpeq</name>
         <value>0x2a29</value>
         <object_component_ref idref="oc-2a8"/>
      </symbol>
      <symbol id="sm-67d">
         <name>__aeabi_cdcmple</name>
         <value>0x2a29</value>
         <object_component_ref idref="oc-2a8"/>
      </symbol>
      <symbol id="sm-67e">
         <name>__aeabi_cdrcmple</name>
         <value>0x2aaf</value>
         <object_component_ref idref="oc-2ad"/>
      </symbol>
      <symbol id="sm-68d">
         <name>ltoa</name>
         <value>0x2dbd</value>
         <object_component_ref idref="oc-2b2"/>
      </symbol>
      <symbol id="sm-69d">
         <name>memccpy</name>
         <value>0x31fd</value>
         <object_component_ref idref="oc-2d5"/>
      </symbol>
      <symbol id="sm-6b8">
         <name>frexpl</name>
         <value>0x2cf9</value>
         <object_component_ref idref="oc-2bd"/>
      </symbol>
      <symbol id="sm-6b9">
         <name>frexp</name>
         <value>0x2cf9</value>
         <object_component_ref idref="oc-2bd"/>
      </symbol>
      <symbol id="sm-6d6">
         <name>scalbn</name>
         <value>0x2529</value>
         <object_component_ref idref="oc-2c3"/>
      </symbol>
      <symbol id="sm-6d7">
         <name>scalbnl</name>
         <value>0x2529</value>
         <object_component_ref idref="oc-2c3"/>
      </symbol>
      <symbol id="sm-6d8">
         <name>ldexpl</name>
         <value>0x2529</value>
         <object_component_ref idref="oc-2c3"/>
      </symbol>
      <symbol id="sm-6d9">
         <name>ldexp</name>
         <value>0x2529</value>
         <object_component_ref idref="oc-2c3"/>
      </symbol>
      <symbol id="sm-6e9">
         <name>strchr</name>
         <value>0x325f</value>
         <object_component_ref idref="oc-2c9"/>
      </symbol>
      <symbol id="sm-6f7">
         <name>strlen</name>
         <value>0x32d9</value>
         <object_component_ref idref="oc-2a2"/>
      </symbol>
      <symbol id="sm-6ff">
         <name>errno</name>
         <value>0x20000534</value>
         <object_component_ref idref="oc-303"/>
      </symbol>
      <symbol id="sm-709">
         <name>copysign</name>
         <value>0x32c5</value>
         <object_component_ref idref="oc-2fd"/>
      </symbol>
      <symbol id="sm-70a">
         <name>copysignl</name>
         <value>0x32c5</value>
         <object_component_ref idref="oc-2fd"/>
      </symbol>
      <symbol id="sm-70b">
         <name>__TI_static_base__</name>
         <value>0x0</value>
      </symbol>
      <symbol id="sm-70e">
         <name>SHT$$INIT_ARRAY$$Limit</name>
         <value>0x0</value>
      </symbol>
      <symbol id="sm-70f">
         <name>SHT$$INIT_ARRAY$$Base</name>
         <value>0x0</value>
      </symbol>
   </symbol_table>
   <title>Link successful</title>
</link_info>
