<?xml version="1.0"?>
<link_info>
   <banner>TI ARM Linker Unix v16.9.0.LTS</banner>
   <copyright>Copyright (c) 1996-2015 Texas Instruments Incorporated</copyright>
   <link_time>0x588ffcf5</link_time>
   <link_errors>0x0</link_errors>
   <output_file>lab1-hello.out</output_file>
   <entry_point>
      <name>_c_int00</name>
      <address>0x291d</address>
   </entry_point>
   <input_file_list>
      <input_file id="fl-2">
         <path>./</path>
         <kind>object</kind>
         <file>main.obj</file>
         <name>main.obj</name>
      </input_file>
      <input_file id="fl-3">
         <path>./</path>
         <kind>object</kind>
         <file>tm4c123gh6pm_startup_ccs.obj</file>
         <name>tm4c123gh6pm_startup_ccs.obj</name>
      </input_file>
      <input_file id="fl-bf">
         <path>/Applications/ti/ccsv7/tools/compiler/ti-cgt-arm_16.9.0.LTS/lib/</path>
         <kind>archive</kind>
         <file>rtsv7M4_T_le_v4SPD16_eabi.lib</file>
         <name>boot.obj</name>
      </input_file>
      <input_file id="fl-c0">
         <path>/Applications/ti/ccsv7/tools/compiler/ti-cgt-arm_16.9.0.LTS/lib/</path>
         <kind>archive</kind>
         <file>rtsv7M4_T_le_v4SPD16_eabi.lib</file>
         <name>copy_decompress_lzss.obj</name>
      </input_file>
      <input_file id="fl-c1">
         <path>/Applications/ti/ccsv7/tools/compiler/ti-cgt-arm_16.9.0.LTS/lib/</path>
         <kind>archive</kind>
         <file>rtsv7M4_T_le_v4SPD16_eabi.lib</file>
         <name>copy_decompress_none.obj</name>
      </input_file>
      <input_file id="fl-c2">
         <path>/Applications/ti/ccsv7/tools/compiler/ti-cgt-arm_16.9.0.LTS/lib/</path>
         <kind>archive</kind>
         <file>rtsv7M4_T_le_v4SPD16_eabi.lib</file>
         <name>copy_zero_init.obj</name>
      </input_file>
      <input_file id="fl-c3">
         <path>/Applications/ti/ccsv7/tools/compiler/ti-cgt-arm_16.9.0.LTS/lib/</path>
         <kind>archive</kind>
         <file>rtsv7M4_T_le_v4SPD16_eabi.lib</file>
         <name>exit.obj</name>
      </input_file>
      <input_file id="fl-c4">
         <path>/Applications/ti/ccsv7/tools/compiler/ti-cgt-arm_16.9.0.LTS/lib/</path>
         <kind>archive</kind>
         <file>rtsv7M4_T_le_v4SPD16_eabi.lib</file>
         <name>memcpy_t2.obj</name>
      </input_file>
      <input_file id="fl-c5">
         <path>/Applications/ti/ccsv7/tools/compiler/ti-cgt-arm_16.9.0.LTS/lib/</path>
         <kind>archive</kind>
         <file>rtsv7M4_T_le_v4SPD16_eabi.lib</file>
         <name>memset_t2.obj</name>
      </input_file>
      <input_file id="fl-c6">
         <path>/Applications/ti/ccsv7/tools/compiler/ti-cgt-arm_16.9.0.LTS/lib/</path>
         <kind>archive</kind>
         <file>rtsv7M4_T_le_v4SPD16_eabi.lib</file>
         <name>mpu_init.obj</name>
      </input_file>
      <input_file id="fl-c7">
         <path>/Applications/ti/ccsv7/tools/compiler/ti-cgt-arm_16.9.0.LTS/lib/</path>
         <kind>archive</kind>
         <file>rtsv7M4_T_le_v4SPD16_eabi.lib</file>
         <name>pre_init.obj</name>
      </input_file>
      <input_file id="fl-c8">
         <path>/Applications/ti/ccsv7/tools/compiler/ti-cgt-arm_16.9.0.LTS/lib/</path>
         <kind>archive</kind>
         <file>rtsv7M4_T_le_v4SPD16_eabi.lib</file>
         <name>stkdepth_vars.obj</name>
      </input_file>
      <input_file id="fl-c9">
         <path>/Applications/ti/ccsv7/tools/compiler/ti-cgt-arm_16.9.0.LTS/lib/</path>
         <kind>archive</kind>
         <file>rtsv7M4_T_le_v4SPD16_eabi.lib</file>
         <name>_lock.obj</name>
      </input_file>
      <input_file id="fl-ca">
         <path>/Applications/ti/ccsv7/tools/compiler/ti-cgt-arm_16.9.0.LTS/lib/</path>
         <kind>archive</kind>
         <file>rtsv7M4_T_le_v4SPD16_eabi.lib</file>
         <name>args_main.obj</name>
      </input_file>
      <input_file id="fl-cb">
         <path>/Applications/ti/ccsv7/tools/compiler/ti-cgt-arm_16.9.0.LTS/lib/</path>
         <kind>archive</kind>
         <file>rtsv7M4_T_le_v4SPD16_eabi.lib</file>
         <name>autoinit.obj</name>
      </input_file>
      <input_file id="fl-cc">
         <path>/Applications/ti/ccsv7/tools/compiler/ti-cgt-arm_16.9.0.LTS/lib/</path>
         <kind>archive</kind>
         <file>rtsv7M4_T_le_v4SPD16_eabi.lib</file>
         <name>cpy_tbl.obj</name>
      </input_file>
      <input_file id="fl-cd">
         <path>/Applications/ti/ccsv7/tools/compiler/ti-cgt-arm_16.9.0.LTS/lib/</path>
         <kind>archive</kind>
         <file>rtsv7M4_T_le_v4SPD16_eabi.lib</file>
         <name>startup.obj</name>
      </input_file>
      <input_file id="fl-ce">
         <path>/Users/schmitgreg/GitHub/learn/ece367/util/Debug/</path>
         <kind>archive</kind>
         <file>util.lib</file>
         <name>launchpad.obj</name>
      </input_file>
      <input_file id="fl-cf">
         <path>/Users/schmitgreg/GitHub/learn/ece367/util/Debug/</path>
         <kind>archive</kind>
         <file>util.lib</file>
         <name>led.obj</name>
      </input_file>
      <input_file id="fl-d0">
         <path>/Users/schmitgreg/GitHub/learn/ece367/util/Debug/</path>
         <kind>archive</kind>
         <file>util.lib</file>
         <name>pushbutton.obj</name>
      </input_file>
      <input_file id="fl-d1">
         <path>/Users/schmitgreg/GitHub/learn/ece367/util/Debug/</path>
         <kind>archive</kind>
         <file>util.lib</file>
         <name>uart.obj</name>
      </input_file>
      <input_file id="fl-d2">
         <path>/Applications/ti/TivaWare_C_Series-2.1.3.156/driverlib/ccs/Debug/</path>
         <kind>archive</kind>
         <file>driverlib.lib</file>
         <name>gpio.obj</name>
      </input_file>
      <input_file id="fl-d3">
         <path>/Applications/ti/TivaWare_C_Series-2.1.3.156/driverlib/ccs/Debug/</path>
         <kind>archive</kind>
         <file>driverlib.lib</file>
         <name>interrupt.obj</name>
      </input_file>
      <input_file id="fl-d4">
         <path>/Applications/ti/TivaWare_C_Series-2.1.3.156/driverlib/ccs/Debug/</path>
         <kind>archive</kind>
         <file>driverlib.lib</file>
         <name>sysctl.obj</name>
      </input_file>
      <input_file id="fl-d5">
         <path>/Applications/ti/TivaWare_C_Series-2.1.3.156/driverlib/ccs/Debug/</path>
         <kind>archive</kind>
         <file>driverlib.lib</file>
         <name>systick.obj</name>
      </input_file>
      <input_file id="fl-d6">
         <path>/Applications/ti/TivaWare_C_Series-2.1.3.156/driverlib/ccs/Debug/</path>
         <kind>archive</kind>
         <file>driverlib.lib</file>
         <name>uart.obj</name>
      </input_file>
      <input_file id="fl-d7">
         <path>/Applications/ti/TivaWare_C_Series-2.1.3.156/driverlib/ccs/Debug/</path>
         <kind>archive</kind>
         <file>driverlib.lib</file>
         <name>cpu.obj</name>
      </input_file>
      <input_file id="fl-d8">
         <path>/Applications/ti/ccsv7/tools/compiler/ti-cgt-arm_16.9.0.LTS/lib/</path>
         <kind>archive</kind>
         <file>rtsv7M4_T_le_v4SPD16_eabi.lib</file>
         <name>ull_div_t2.obj</name>
      </input_file>
      <input_file id="fl-d9">
         <path>/Applications/ti/ccsv7/tools/compiler/ti-cgt-arm_16.9.0.LTS/lib/</path>
         <kind>archive</kind>
         <file>rtsv7M4_T_le_v4SPD16_eabi.lib</file>
         <name>vsnprintf.obj</name>
      </input_file>
      <input_file id="fl-da">
         <path>/Applications/ti/ccsv7/tools/compiler/ti-cgt-arm_16.9.0.LTS/lib/</path>
         <kind>archive</kind>
         <file>rtsv7M4_T_le_v4SPD16_eabi.lib</file>
         <name>_printfi.obj</name>
      </input_file>
      <input_file id="fl-db">
         <path>/Applications/ti/ccsv7/tools/compiler/ti-cgt-arm_16.9.0.LTS/lib/</path>
         <kind>archive</kind>
         <file>rtsv7M4_T_le_v4SPD16_eabi.lib</file>
         <name>atoi.obj</name>
      </input_file>
      <input_file id="fl-dc">
         <path>/Applications/ti/ccsv7/tools/compiler/ti-cgt-arm_16.9.0.LTS/lib/</path>
         <kind>archive</kind>
         <file>rtsv7M4_T_le_v4SPD16_eabi.lib</file>
         <name>ctype.obj</name>
      </input_file>
      <input_file id="fl-dd">
         <path>/Applications/ti/ccsv7/tools/compiler/ti-cgt-arm_16.9.0.LTS/lib/</path>
         <kind>archive</kind>
         <file>rtsv7M4_T_le_v4SPD16_eabi.lib</file>
         <name>fd_add_t2.obj</name>
      </input_file>
      <input_file id="fl-de">
         <path>/Applications/ti/ccsv7/tools/compiler/ti-cgt-arm_16.9.0.LTS/lib/</path>
         <kind>archive</kind>
         <file>rtsv7M4_T_le_v4SPD16_eabi.lib</file>
         <name>fd_cmp_t2.obj</name>
      </input_file>
      <input_file id="fl-df">
         <path>/Applications/ti/ccsv7/tools/compiler/ti-cgt-arm_16.9.0.LTS/lib/</path>
         <kind>archive</kind>
         <file>rtsv7M4_T_le_v4SPD16_eabi.lib</file>
         <name>fd_div_t2.obj</name>
      </input_file>
      <input_file id="fl-e0">
         <path>/Applications/ti/ccsv7/tools/compiler/ti-cgt-arm_16.9.0.LTS/lib/</path>
         <kind>archive</kind>
         <file>rtsv7M4_T_le_v4SPD16_eabi.lib</file>
         <name>fd_mul_t2.obj</name>
      </input_file>
      <input_file id="fl-e1">
         <path>/Applications/ti/ccsv7/tools/compiler/ti-cgt-arm_16.9.0.LTS/lib/</path>
         <kind>archive</kind>
         <file>rtsv7M4_T_le_v4SPD16_eabi.lib</file>
         <name>fd_toi_t2.obj</name>
      </input_file>
      <input_file id="fl-e2">
         <path>/Applications/ti/ccsv7/tools/compiler/ti-cgt-arm_16.9.0.LTS/lib/</path>
         <kind>archive</kind>
         <file>rtsv7M4_T_le_v4SPD16_eabi.lib</file>
         <name>i_tofd_t2.obj</name>
      </input_file>
      <input_file id="fl-e3">
         <path>/Applications/ti/ccsv7/tools/compiler/ti-cgt-arm_16.9.0.LTS/lib/</path>
         <kind>archive</kind>
         <file>rtsv7M4_T_le_v4SPD16_eabi.lib</file>
         <name>ltoa.obj</name>
      </input_file>
      <input_file id="fl-e4">
         <path>/Applications/ti/ccsv7/tools/compiler/ti-cgt-arm_16.9.0.LTS/lib/</path>
         <kind>archive</kind>
         <file>rtsv7M4_T_le_v4SPD16_eabi.lib</file>
         <name>memccpy.obj</name>
      </input_file>
      <input_file id="fl-e5">
         <path>/Applications/ti/ccsv7/tools/compiler/ti-cgt-arm_16.9.0.LTS/lib/</path>
         <kind>archive</kind>
         <file>rtsv7M4_T_le_v4SPD16_eabi.lib</file>
         <name>s_frexp.obj</name>
      </input_file>
      <input_file id="fl-e6">
         <path>/Applications/ti/ccsv7/tools/compiler/ti-cgt-arm_16.9.0.LTS/lib/</path>
         <kind>archive</kind>
         <file>rtsv7M4_T_le_v4SPD16_eabi.lib</file>
         <name>s_scalbn.obj</name>
      </input_file>
      <input_file id="fl-e7">
         <path>/Applications/ti/ccsv7/tools/compiler/ti-cgt-arm_16.9.0.LTS/lib/</path>
         <kind>archive</kind>
         <file>rtsv7M4_T_le_v4SPD16_eabi.lib</file>
         <name>strchr.obj</name>
      </input_file>
      <input_file id="fl-e8">
         <path>/Applications/ti/ccsv7/tools/compiler/ti-cgt-arm_16.9.0.LTS/lib/</path>
         <kind>archive</kind>
         <file>rtsv7M4_T_le_v4SPD16_eabi.lib</file>
         <name>strlen.obj</name>
      </input_file>
      <input_file id="fl-e9">
         <path>/Applications/ti/ccsv7/tools/compiler/ti-cgt-arm_16.9.0.LTS/lib/</path>
         <kind>archive</kind>
         <file>rtsv7M4_T_le_v4SPD16_eabi.lib</file>
         <name>errno.obj</name>
      </input_file>
      <input_file id="fl-ea">
         <path>/Applications/ti/ccsv7/tools/compiler/ti-cgt-arm_16.9.0.LTS/lib/</path>
         <kind>archive</kind>
         <file>rtsv7M4_T_le_v4SPD16_eabi.lib</file>
         <name>s_copysign.obj</name>
      </input_file>
   </input_file_list>
   <object_component_list>
      <object_component id="oc-f">
         <name>.intvecs</name>
         <load_address>0x0</load_address>
         <run_address>0x0</run_address>
         <size>0x26c</size>
         <input_file_ref idref="fl-3"/>
      </object_component>
      <object_component id="oc-1e6">
         <name>.text</name>
         <load_address>0x26c</load_address>
         <run_address>0x26c</run_address>
         <size>0x113a</size>
         <input_file_ref idref="fl-da"/>
      </object_component>
      <object_component id="oc-57">
         <name>.text</name>
         <load_address>0x13a6</load_address>
         <run_address>0x13a6</run_address>
         <size>0x2</size>
         <input_file_ref idref="fl-c6"/>
      </object_component>
      <object_component id="oc-d6">
         <name>.text</name>
         <load_address>0x13a8</load_address>
         <run_address>0x13a8</run_address>
         <size>0x3d4</size>
         <input_file_ref idref="fl-ce"/>
      </object_component>
      <object_component id="oc-12d">
         <name>.text</name>
         <load_address>0x177c</load_address>
         <run_address>0x177c</run_address>
         <size>0x1f4</size>
         <input_file_ref idref="fl-d8"/>
      </object_component>
      <object_component id="oc-243">
         <name>.text</name>
         <load_address>0x1970</load_address>
         <run_address>0x1970</run_address>
         <size>0x1b6</size>
         <input_file_ref idref="fl-dd"/>
      </object_component>
      <object_component id="oc-9f">
         <name>.text</name>
         <load_address>0x1b26</load_address>
         <run_address>0x1b26</run_address>
         <size>0x2</size>
         <input_file_ref idref="fl-cd"/>
      </object_component>
      <object_component id="oc-a7">
         <name>.text</name>
         <load_address>0x1b28</load_address>
         <run_address>0x1b28</run_address>
         <size>0x164</size>
         <input_file_ref idref="fl-2"/>
      </object_component>
      <object_component id="oc-229">
         <name>.text</name>
         <load_address>0x1c8c</load_address>
         <run_address>0x1c8c</run_address>
         <size>0x136</size>
         <input_file_ref idref="fl-df"/>
      </object_component>
      <object_component id="oc-162">
         <name>.text:GPIOPadConfigSet</name>
         <load_address>0x1dc2</load_address>
         <run_address>0x1dc2</run_address>
         <size>0x132</size>
         <input_file_ref idref="fl-d2"/>
      </object_component>
      <object_component id="oc-139">
         <name>.text:SysCtlClockGet</name>
         <load_address>0x1ef4</load_address>
         <run_address>0x1ef4</run_address>
         <size>0x110</size>
         <input_file_ref idref="fl-d4"/>
      </object_component>
      <object_component id="oc-224">
         <name>.text</name>
         <load_address>0x2004</load_address>
         <run_address>0x2004</run_address>
         <size>0xfc</size>
         <input_file_ref idref="fl-e0"/>
      </object_component>
      <object_component id="oc-24e">
         <name>.text</name>
         <load_address>0x2100</load_address>
         <run_address>0x2100</run_address>
         <size>0xfc</size>
         <input_file_ref idref="fl-e6"/>
      </object_component>
      <object_component id="oc-133">
         <name>.text:SysCtlClockSet</name>
         <load_address>0x21fc</load_address>
         <run_address>0x21fc</run_address>
         <size>0xf4</size>
         <input_file_ref idref="fl-d4"/>
      </object_component>
      <object_component id="oc-e2">
         <name>.text</name>
         <load_address>0x22f0</load_address>
         <run_address>0x22f0</run_address>
         <size>0xc4</size>
         <input_file_ref idref="fl-d1"/>
      </object_component>
      <object_component id="oc-3f">
         <name>.text</name>
         <load_address>0x23b4</load_address>
         <run_address>0x23b4</run_address>
         <size>0x9c</size>
         <input_file_ref idref="fl-c4"/>
      </object_component>
      <object_component id="oc-d0">
         <name>.text</name>
         <load_address>0x2450</load_address>
         <run_address>0x2450</run_address>
         <size>0x9c</size>
         <input_file_ref idref="fl-cf"/>
      </object_component>
      <object_component id="oc-dc">
         <name>.text</name>
         <load_address>0x24ec</load_address>
         <run_address>0x24ec</run_address>
         <size>0x8c</size>
         <input_file_ref idref="fl-d0"/>
      </object_component>
      <object_component id="oc-190">
         <name>.text</name>
         <load_address>0x2578</load_address>
         <run_address>0x2578</run_address>
         <size>0x88</size>
         <input_file_ref idref="fl-d9"/>
      </object_component>
      <object_component id="oc-21f">
         <name>.text:__aeabi_cdcmple</name>
         <load_address>0x2600</load_address>
         <run_address>0x2600</run_address>
         <size>0x86</size>
         <input_file_ref idref="fl-de"/>
      </object_component>
      <object_component id="oc-22e">
         <name>.text:__aeabi_cdrcmple</name>
         <load_address>0x2686</load_address>
         <run_address>0x2686</run_address>
         <size>0x86</size>
         <input_file_ref idref="fl-de"/>
      </object_component>
      <object_component id="oc-4b">
         <name>.text</name>
         <load_address>0x270c</load_address>
         <run_address>0x270c</run_address>
         <size>0x7a</size>
         <input_file_ref idref="fl-c5"/>
      </object_component>
      <object_component id="oc-63">
         <name>.text</name>
         <load_address>0x2788</load_address>
         <run_address>0x2788</run_address>
         <size>0x70</size>
         <input_file_ref idref="fl-cb"/>
      </object_component>
      <object_component id="oc-12">
         <name>.text:decompress:lzss</name>
         <load_address>0x27f8</load_address>
         <run_address>0x27f8</run_address>
         <size>0x68</size>
         <input_file_ref idref="fl-c0"/>
      </object_component>
      <object_component id="oc-248">
         <name>.text</name>
         <load_address>0x2860</load_address>
         <run_address>0x2860</run_address>
         <size>0x64</size>
         <input_file_ref idref="fl-e5"/>
      </object_component>
      <object_component id="oc-238">
         <name>.text</name>
         <load_address>0x28c4</load_address>
         <run_address>0x28c4</run_address>
         <size>0x56</size>
         <input_file_ref idref="fl-e3"/>
      </object_component>
      <object_component id="oc-24">
         <name>.text</name>
         <load_address>0x291c</load_address>
         <run_address>0x291c</run_address>
         <size>0x54</size>
         <input_file_ref idref="fl-bf"/>
      </object_component>
      <object_component id="oc-6f">
         <name>.text</name>
         <load_address>0x2970</load_address>
         <run_address>0x2970</run_address>
         <size>0x54</size>
         <input_file_ref idref="fl-c3"/>
      </object_component>
      <object_component id="oc-25a">
         <name>.text</name>
         <load_address>0x29c4</load_address>
         <run_address>0x29c4</run_address>
         <size>0x4c</size>
         <input_file_ref idref="fl-db"/>
      </object_component>
      <object_component id="oc-99">
         <name>.text</name>
         <load_address>0x2a10</load_address>
         <run_address>0x2a10</run_address>
         <size>0x4c</size>
         <input_file_ref idref="fl-cc"/>
      </object_component>
      <object_component id="oc-172">
         <name>.text:GPIOPinConfigure</name>
         <load_address>0x2a5c</load_address>
         <run_address>0x2a5c</run_address>
         <size>0x48</size>
         <input_file_ref idref="fl-d2"/>
      </object_component>
      <object_component id="oc-233">
         <name>.text</name>
         <load_address>0x2aa4</load_address>
         <run_address>0x2aa4</run_address>
         <size>0x48</size>
         <input_file_ref idref="fl-e1"/>
      </object_component>
      <object_component id="oc-17e">
         <name>.text:UARTConfigSetExpClk</name>
         <load_address>0x2aec</load_address>
         <run_address>0x2aec</run_address>
         <size>0x46</size>
         <input_file_ref idref="fl-d6"/>
      </object_component>
      <object_component id="oc-1bb">
         <name>.text:IntRegister</name>
         <load_address>0x2b34</load_address>
         <run_address>0x2b34</run_address>
         <size>0x34</size>
         <input_file_ref idref="fl-d3"/>
      </object_component>
      <object_component id="oc-111">
         <name>.text:SysCtlPeripheralEnable</name>
         <load_address>0x2b68</load_address>
         <run_address>0x2b68</run_address>
         <size>0x34</size>
         <input_file_ref idref="fl-d4"/>
      </object_component>
      <object_component id="oc-23e">
         <name>.text</name>
         <load_address>0x2b9c</load_address>
         <run_address>0x2b9c</run_address>
         <size>0x2e</size>
         <input_file_ref idref="fl-e2"/>
      </object_component>
      <object_component id="oc-1a4">
         <name>.text:GPIODirModeSet</name>
         <load_address>0x2bca</load_address>
         <run_address>0x2bca</run_address>
         <size>0x2a</size>
         <input_file_ref idref="fl-d2"/>
      </object_component>
      <object_component id="oc-1d6">
         <name>.text:UARTDisable</name>
         <load_address>0x2bf4</load_address>
         <run_address>0x2bf4</run_address>
         <size>0x20</size>
         <input_file_ref idref="fl-d6"/>
      </object_component>
      <object_component id="oc-145">
         <name>.text:SysTickIntRegister</name>
         <load_address>0x2c14</load_address>
         <run_address>0x2c14</run_address>
         <size>0x1c</size>
         <input_file_ref idref="fl-d5"/>
      </object_component>
      <object_component id="oc-260">
         <name>.text</name>
         <load_address>0x2c30</load_address>
         <run_address>0x2c30</run_address>
         <size>0x1c</size>
         <input_file_ref idref="fl-e4"/>
      </object_component>
      <object_component id="oc-117">
         <name>.text:GPIOPinTypeGPIOOutput</name>
         <load_address>0x2c4c</load_address>
         <run_address>0x2c4c</run_address>
         <size>0x18</size>
         <input_file_ref idref="fl-d2"/>
      </object_component>
      <object_component id="oc-69">
         <name>.text</name>
         <load_address>0x2c64</load_address>
         <run_address>0x2c64</run_address>
         <size>0x18</size>
         <input_file_ref idref="fl-ca"/>
      </object_component>
      <object_component id="oc-254">
         <name>.text</name>
         <load_address>0x2c7c</load_address>
         <run_address>0x2c7c</run_address>
         <size>0x16</size>
         <input_file_ref idref="fl-e7"/>
      </object_component>
      <object_component id="oc-151">
         <name>.text:SysTickEnable</name>
         <load_address>0x2c94</load_address>
         <run_address>0x2c94</run_address>
         <size>0x14</size>
         <input_file_ref idref="fl-d5"/>
      </object_component>
      <object_component id="oc-14b">
         <name>.text:SysTickIntEnable</name>
         <load_address>0x2ca8</load_address>
         <run_address>0x2ca8</run_address>
         <size>0x14</size>
         <input_file_ref idref="fl-d5"/>
      </object_component>
      <object_component id="oc-1dc">
         <name>.text:UARTEnable</name>
         <load_address>0x2cbc</load_address>
         <run_address>0x2cbc</run_address>
         <size>0x14</size>
         <input_file_ref idref="fl-d6"/>
      </object_component>
      <object_component id="oc-f9">
         <name>.text</name>
         <load_address>0x2cd0</load_address>
         <run_address>0x2cd0</run_address>
         <size>0x14</size>
         <input_file_ref idref="fl-c9"/>
      </object_component>
      <object_component id="oc-28c">
         <name>.text</name>
         <load_address>0x2ce4</load_address>
         <run_address>0x2ce4</run_address>
         <size>0x14</size>
         <input_file_ref idref="fl-ea"/>
      </object_component>
      <object_component id="oc-219">
         <name>.text</name>
         <load_address>0x2cf8</load_address>
         <run_address>0x2cf8</run_address>
         <size>0x14</size>
         <input_file_ref idref="fl-e8"/>
      </object_component>
      <object_component id="oc-15c">
         <name>.text:GPIOPinTypeGPIOInput</name>
         <load_address>0x2d0c</load_address>
         <run_address>0x2d0c</run_address>
         <size>0x12</size>
         <input_file_ref idref="fl-d2"/>
      </object_component>
      <object_component id="oc-178">
         <name>.text:GPIOPinTypeUART</name>
         <load_address>0x2d1e</load_address>
         <run_address>0x2d1e</run_address>
         <size>0x12</size>
         <input_file_ref idref="fl-d2"/>
      </object_component>
      <object_component id="oc-13f">
         <name>.text:SysTickPeriodSet</name>
         <load_address>0x2d30</load_address>
         <run_address>0x2d30</run_address>
         <size>0x10</size>
         <input_file_ref idref="fl-d5"/>
      </object_component>
      <object_component id="oc-18">
         <name>.text:decompress:none</name>
         <load_address>0x2d40</load_address>
         <run_address>0x2d40</run_address>
         <size>0xe</size>
         <input_file_ref idref="fl-c1"/>
      </object_component>
      <object_component id="oc-1e">
         <name>.text:decompress:ZI</name>
         <load_address>0x2d4e</load_address>
         <run_address>0x2d4e</run_address>
         <size>0xc</size>
         <input_file_ref idref="fl-c2"/>
      </object_component>
      <object_component id="oc-2b">
         <name>.text</name>
         <load_address>0x2d5a</load_address>
         <run_address>0x2d5a</run_address>
         <size>0xc</size>
         <input_file_ref idref="fl-3"/>
      </object_component>
      <object_component id="oc-18a">
         <name>.text:UARTCharGet</name>
         <load_address>0x2d66</load_address>
         <run_address>0x2d66</run_address>
         <size>0xa</size>
         <input_file_ref idref="fl-d6"/>
      </object_component>
      <object_component id="oc-184">
         <name>.text:UARTCharPut</name>
         <load_address>0x2d70</load_address>
         <run_address>0x2d70</run_address>
         <size>0xa</size>
         <input_file_ref idref="fl-d6"/>
      </object_component>
      <object_component id="oc-168">
         <name>.text:GPIOPinRead</name>
         <load_address>0x2d7a</load_address>
         <run_address>0x2d7a</run_address>
         <size>0x6</size>
         <input_file_ref idref="fl-d2"/>
      </object_component>
      <object_component id="oc-11d">
         <name>.text:GPIOPinWrite</name>
         <load_address>0x2d80</load_address>
         <run_address>0x2d80</run_address>
         <size>0x6</size>
         <input_file_ref idref="fl-d2"/>
      </object_component>
      <object_component id="oc-132">
         <name>.text:SysCtlDelay</name>
         <load_address>0x2d86</load_address>
         <run_address>0x2d86</run_address>
         <size>0x6</size>
         <input_file_ref idref="fl-d4"/>
      </object_component>
      <object_component id="oc-5d">
         <name>.text</name>
         <load_address>0x2d8c</load_address>
         <run_address>0x2d8c</run_address>
         <size>0x4</size>
         <input_file_ref idref="fl-c7"/>
      </object_component>
      <object_component id="oc-299">
         <name>.const:.string:_ctypes_</name>
         <load_address>0x2d90</load_address>
         <run_address>0x2d90</run_address>
         <size>0x101</size>
         <input_file_ref idref="fl-dc"/>
      </object_component>
      <object_component id="oc-1d1">
         <name>.const:g_pui32GPIOBaseAddrs</name>
         <load_address>0x2e94</load_address>
         <run_address>0x2e94</run_address>
         <size>0x90</size>
         <input_file_ref idref="fl-d2"/>
      </object_component>
      <object_component id="oc-1b5">
         <name>.const:g_pui32Xtals</name>
         <load_address>0x2f24</load_address>
         <run_address>0x2f24</run_address>
         <size>0x6c</size>
         <input_file_ref idref="fl-d4"/>
      </object_component>
      <object_component id="oc-2df">
         <name>.cinit..data.load</name>
         <load_address>0x2f90</load_address>
         <run_address>0x2f90</run_address>
         <size>0x17</size>
      </object_component>
      <object_component id="oc-2dc">
         <name>__TI_handler_table</name>
         <load_address>0x2fa8</load_address>
         <run_address>0x2fa8</run_address>
         <size>0xc</size>
      </object_component>
      <object_component id="oc-2e0">
         <name>.cinit..bss.load</name>
         <load_address>0x2fb8</load_address>
         <run_address>0x2fb8</run_address>
         <size>0x8</size>
      </object_component>
      <object_component id="oc-2de">
         <name>.cinit..vtable.load</name>
         <load_address>0x2fc0</load_address>
         <run_address>0x2fc0</run_address>
         <size>0x8</size>
      </object_component>
      <object_component id="oc-2dd">
         <name>__TI_cinit_table</name>
         <load_address>0x2fc8</load_address>
         <run_address>0x2fc8</run_address>
         <size>0x18</size>
      </object_component>
      <object_component id="oc-20e">
         <name>.vtable</name>
         <uninitialized>true</uninitialized>
         <run_address>0x20000000</run_address>
         <size>0x26c</size>
         <input_file_ref idref="fl-d3"/>
      </object_component>
      <object_component id="oc-e8">
         <name>.data</name>
         <load_address>0x2000050c</load_address>
         <run_address>0x2000050c</run_address>
         <size>0x5</size>
         <input_file_ref idref="fl-2"/>
      </object_component>
      <object_component id="oc-af">
         <name>.data:$O1$$</name>
         <load_address>0x200004f0</load_address>
         <run_address>0x200004f0</run_address>
         <size>0xc</size>
         <input_file_ref idref="fl-c3"/>
      </object_component>
      <object_component id="oc-75">
         <name>.data</name>
         <load_address>0x20000518</load_address>
         <run_address>0x20000518</run_address>
         <size>0x4</size>
         <input_file_ref idref="fl-c8"/>
      </object_component>
      <object_component id="oc-b2">
         <name>.data:$O1$$</name>
         <load_address>0x200004fc</load_address>
         <run_address>0x200004fc</run_address>
         <size>0x8</size>
         <input_file_ref idref="fl-c9"/>
      </object_component>
      <object_component id="oc-127">
         <name>.data</name>
         <load_address>0x20000504</load_address>
         <run_address>0x20000504</run_address>
         <size>0x8</size>
         <input_file_ref idref="fl-ce"/>
      </object_component>
      <object_component id="oc-123">
         <name>.data</name>
         <load_address>0x20000511</load_address>
         <run_address>0x20000511</run_address>
         <size>0x1</size>
         <input_file_ref idref="fl-cf"/>
      </object_component>
      <object_component id="oc-16e">
         <name>.data</name>
         <load_address>0x20000512</load_address>
         <run_address>0x20000512</run_address>
         <size>0x1</size>
         <input_file_ref idref="fl-d0"/>
      </object_component>
      <object_component id="oc-292">
         <name>.data</name>
         <load_address>0x20000514</load_address>
         <run_address>0x20000514</run_address>
         <size>0x4</size>
         <input_file_ref idref="fl-e9"/>
      </object_component>
      <object_component id="oc-157">
         <name>.bss</name>
         <uninitialized>true</uninitialized>
         <run_address>0x200004ec</run_address>
         <size>0x4</size>
         <input_file_ref idref="fl-ce"/>
      </object_component>
      <object_component id="oc-12a">
         <name>.bss:callbackHeap</name>
         <uninitialized>true</uninitialized>
         <run_address>0x2000046c</run_address>
         <size>0x80</size>
         <input_file_ref idref="fl-ce"/>
      </object_component>
      <object_component id="oc-2a">
         <name>.stack</name>
         <uninitialized>true</uninitialized>
         <run_address>0x2000026c</run_address>
         <size>0x0</size>
         <input_file_ref idref="fl-bf"/>
      </object_component>
      <object_component id="oc-2e1">
         <name>.stack</name>
         <uninitialized>true</uninitialized>
         <run_address>0x2000026c</run_address>
         <size>0x0</size>
      </object_component>
      <object_component id="oc-1ff">
         <name>.debug_info</name>
         <load_address>0x0</load_address>
         <run_address>0x0</run_address>
         <size>0x1ae</size>
         <input_file_ref idref="fl-2"/>
      </object_component>
      <object_component id="oc-e9">
         <name>.debug_info</name>
         <load_address>0x1ae</load_address>
         <run_address>0x1ae</run_address>
         <size>0xf0</size>
         <input_file_ref idref="fl-2"/>
      </object_component>
      <object_component id="oc-a8">
         <name>.debug_info</name>
         <load_address>0x29e</load_address>
         <run_address>0x29e</run_address>
         <size>0x355</size>
         <input_file_ref idref="fl-2"/>
      </object_component>
      <object_component id="oc-ec">
         <name>.debug_info</name>
         <load_address>0x5f3</load_address>
         <run_address>0x5f3</run_address>
         <size>0x3b</size>
         <input_file_ref idref="fl-2"/>
      </object_component>
      <object_component id="oc-1fa">
         <name>.debug_info</name>
         <load_address>0x62e</load_address>
         <run_address>0x62e</run_address>
         <size>0xc8</size>
         <input_file_ref idref="fl-2"/>
      </object_component>
      <object_component id="oc-ba">
         <name>.debug_info</name>
         <load_address>0x6f6</load_address>
         <run_address>0x6f6</run_address>
         <size>0x8b</size>
         <input_file_ref idref="fl-2"/>
      </object_component>
      <object_component id="oc-7c">
         <name>.debug_info</name>
         <load_address>0x781</load_address>
         <run_address>0x781</run_address>
         <size>0x18b</size>
         <input_file_ref idref="fl-2"/>
      </object_component>
      <object_component id="oc-198">
         <name>.debug_info</name>
         <load_address>0x90c</load_address>
         <run_address>0x90c</run_address>
         <size>0x4e</size>
         <input_file_ref idref="fl-2"/>
      </object_component>
      <object_component id="oc-33">
         <name>.debug_info</name>
         <load_address>0x95a</load_address>
         <run_address>0x95a</run_address>
         <size>0x106</size>
         <input_file_ref idref="fl-3"/>
      </object_component>
      <object_component id="oc-10">
         <name>.debug_info</name>
         <load_address>0xa60</load_address>
         <run_address>0xa60</run_address>
         <size>0xf1</size>
         <input_file_ref idref="fl-3"/>
      </object_component>
      <object_component id="oc-2c">
         <name>.debug_info</name>
         <load_address>0xb51</load_address>
         <run_address>0xb51</run_address>
         <size>0x26d</size>
         <input_file_ref idref="fl-3"/>
      </object_component>
      <object_component id="oc-3a">
         <name>.debug_info</name>
         <load_address>0xdbe</load_address>
         <run_address>0xdbe</run_address>
         <size>0x84</size>
         <input_file_ref idref="fl-3"/>
      </object_component>
      <object_component id="oc-25">
         <name>.debug_info</name>
         <load_address>0xe42</load_address>
         <run_address>0xe42</run_address>
         <size>0x160</size>
         <input_file_ref idref="fl-bf"/>
      </object_component>
      <object_component id="oc-86">
         <name>.debug_info</name>
         <load_address>0xfa2</load_address>
         <run_address>0xfa2</run_address>
         <size>0xf9</size>
         <input_file_ref idref="fl-c0"/>
      </object_component>
      <object_component id="oc-13">
         <name>.debug_info</name>
         <load_address>0x109b</load_address>
         <run_address>0x109b</run_address>
         <size>0x245</size>
         <input_file_ref idref="fl-c0"/>
      </object_component>
      <object_component id="oc-35">
         <name>.debug_info</name>
         <load_address>0x12e0</load_address>
         <run_address>0x12e0</run_address>
         <size>0x60</size>
         <input_file_ref idref="fl-c0"/>
      </object_component>
      <object_component id="oc-81">
         <name>.debug_info</name>
         <load_address>0x1340</load_address>
         <run_address>0x1340</run_address>
         <size>0x46</size>
         <input_file_ref idref="fl-c0"/>
      </object_component>
      <object_component id="oc-4a">
         <name>.debug_info</name>
         <load_address>0x1386</load_address>
         <run_address>0x1386</run_address>
         <size>0x140</size>
         <input_file_ref idref="fl-c1"/>
      </object_component>
      <object_component id="oc-19">
         <name>.debug_info</name>
         <load_address>0x14c6</load_address>
         <run_address>0x14c6</run_address>
         <size>0x1df</size>
         <input_file_ref idref="fl-c1"/>
      </object_component>
      <object_component id="oc-45">
         <name>.debug_info</name>
         <load_address>0x16a5</load_address>
         <run_address>0x16a5</run_address>
         <size>0x46</size>
         <input_file_ref idref="fl-c1"/>
      </object_component>
      <object_component id="oc-88">
         <name>.debug_info</name>
         <load_address>0x16eb</load_address>
         <run_address>0x16eb</run_address>
         <size>0x2c</size>
         <input_file_ref idref="fl-c1"/>
      </object_component>
      <object_component id="oc-56">
         <name>.debug_info</name>
         <load_address>0x1717</load_address>
         <run_address>0x1717</run_address>
         <size>0x12f</size>
         <input_file_ref idref="fl-c2"/>
      </object_component>
      <object_component id="oc-1f">
         <name>.debug_info</name>
         <load_address>0x1846</load_address>
         <run_address>0x1846</run_address>
         <size>0x1aa</size>
         <input_file_ref idref="fl-c2"/>
      </object_component>
      <object_component id="oc-51">
         <name>.debug_info</name>
         <load_address>0x19f0</load_address>
         <run_address>0x19f0</run_address>
         <size>0x46</size>
         <input_file_ref idref="fl-c2"/>
      </object_component>
      <object_component id="oc-90">
         <name>.debug_info</name>
         <load_address>0x1a36</load_address>
         <run_address>0x1a36</run_address>
         <size>0x2c</size>
         <input_file_ref idref="fl-c2"/>
      </object_component>
      <object_component id="oc-b6">
         <name>.debug_info</name>
         <load_address>0x1a62</load_address>
         <run_address>0x1a62</run_address>
         <size>0x234</size>
         <input_file_ref idref="fl-c3"/>
      </object_component>
      <object_component id="oc-b0">
         <name>.debug_info</name>
         <load_address>0x1c96</load_address>
         <run_address>0x1c96</run_address>
         <size>0x185</size>
         <input_file_ref idref="fl-c3"/>
      </object_component>
      <object_component id="oc-70">
         <name>.debug_info</name>
         <load_address>0x1e1b</load_address>
         <run_address>0x1e1b</run_address>
         <size>0x214</size>
         <input_file_ref idref="fl-c3"/>
      </object_component>
      <object_component id="oc-40">
         <name>.debug_info</name>
         <load_address>0x202f</load_address>
         <run_address>0x202f</run_address>
         <size>0x111</size>
         <input_file_ref idref="fl-c4"/>
      </object_component>
      <object_component id="oc-4c">
         <name>.debug_info</name>
         <load_address>0x2140</load_address>
         <run_address>0x2140</run_address>
         <size>0x13f</size>
         <input_file_ref idref="fl-c5"/>
      </object_component>
      <object_component id="oc-58">
         <name>.debug_info</name>
         <load_address>0x227f</load_address>
         <run_address>0x227f</run_address>
         <size>0x138</size>
         <input_file_ref idref="fl-c6"/>
      </object_component>
      <object_component id="oc-5e">
         <name>.debug_info</name>
         <load_address>0x23b7</load_address>
         <run_address>0x23b7</run_address>
         <size>0x148</size>
         <input_file_ref idref="fl-c7"/>
      </object_component>
      <object_component id="oc-76">
         <name>.debug_info</name>
         <load_address>0x24ff</load_address>
         <run_address>0x24ff</run_address>
         <size>0x109</size>
         <input_file_ref idref="fl-c8"/>
      </object_component>
      <object_component id="oc-101">
         <name>.debug_info</name>
         <load_address>0x2608</load_address>
         <run_address>0x2608</run_address>
         <size>0x124</size>
         <input_file_ref idref="fl-c9"/>
      </object_component>
      <object_component id="oc-b3">
         <name>.debug_info</name>
         <load_address>0x272c</load_address>
         <run_address>0x272c</run_address>
         <size>0x113</size>
         <input_file_ref idref="fl-c9"/>
      </object_component>
      <object_component id="oc-fa">
         <name>.debug_info</name>
         <load_address>0x283f</load_address>
         <run_address>0x283f</run_address>
         <size>0x21f</size>
         <input_file_ref idref="fl-c9"/>
      </object_component>
      <object_component id="oc-ae">
         <name>.debug_info</name>
         <load_address>0x2a5e</load_address>
         <run_address>0x2a5e</run_address>
         <size>0x166</size>
         <input_file_ref idref="fl-ca"/>
      </object_component>
      <object_component id="oc-6a">
         <name>.debug_info</name>
         <load_address>0x2bc4</load_address>
         <run_address>0x2bc4</run_address>
         <size>0x167</size>
         <input_file_ref idref="fl-ca"/>
      </object_component>
      <object_component id="oc-f2">
         <name>.debug_info</name>
         <load_address>0x2d2b</load_address>
         <run_address>0x2d2b</run_address>
         <size>0x5e</size>
         <input_file_ref idref="fl-ca"/>
      </object_component>
      <object_component id="oc-a6">
         <name>.debug_info</name>
         <load_address>0x2d89</load_address>
         <run_address>0x2d89</run_address>
         <size>0x2e9</size>
         <input_file_ref idref="fl-cb"/>
      </object_component>
      <object_component id="oc-64">
         <name>.debug_info</name>
         <load_address>0x3072</load_address>
         <run_address>0x3072</run_address>
         <size>0x190</size>
         <input_file_ref idref="fl-cb"/>
      </object_component>
      <object_component id="oc-c6">
         <name>.debug_info</name>
         <load_address>0x3202</load_address>
         <run_address>0x3202</run_address>
         <size>0x39</size>
         <input_file_ref idref="fl-cb"/>
      </object_component>
      <object_component id="oc-10c">
         <name>.debug_info</name>
         <load_address>0x323b</load_address>
         <run_address>0x323b</run_address>
         <size>0x39</size>
         <input_file_ref idref="fl-cb"/>
      </object_component>
      <object_component id="oc-cb">
         <name>.debug_info</name>
         <load_address>0x3274</load_address>
         <run_address>0x3274</run_address>
         <size>0xcd</size>
         <input_file_ref idref="fl-cb"/>
      </object_component>
      <object_component id="oc-c2">
         <name>.debug_info</name>
         <load_address>0x3341</load_address>
         <run_address>0x3341</run_address>
         <size>0x1e0</size>
         <input_file_ref idref="fl-cc"/>
      </object_component>
      <object_component id="oc-9a">
         <name>.debug_info</name>
         <load_address>0x3521</load_address>
         <run_address>0x3521</run_address>
         <size>0x183</size>
         <input_file_ref idref="fl-cc"/>
      </object_component>
      <object_component id="oc-107">
         <name>.debug_info</name>
         <load_address>0x36a4</load_address>
         <run_address>0x36a4</run_address>
         <size>0x2c</size>
         <input_file_ref idref="fl-cc"/>
      </object_component>
      <object_component id="oc-a2">
         <name>.debug_info</name>
         <load_address>0x36d0</load_address>
         <run_address>0x36d0</run_address>
         <size>0x145</size>
         <input_file_ref idref="fl-cd"/>
      </object_component>
      <object_component id="oc-15b">
         <name>.debug_info</name>
         <load_address>0x3815</load_address>
         <run_address>0x3815</run_address>
         <size>0x28c</size>
         <input_file_ref idref="fl-ce"/>
      </object_component>
      <object_component id="oc-158">
         <name>.debug_info</name>
         <load_address>0x3aa1</load_address>
         <run_address>0x3aa1</run_address>
         <size>0xd5</size>
         <input_file_ref idref="fl-ce"/>
      </object_component>
      <object_component id="oc-128">
         <name>.debug_info</name>
         <load_address>0x3b76</load_address>
         <run_address>0x3b76</run_address>
         <size>0x101</size>
         <input_file_ref idref="fl-ce"/>
      </object_component>
      <object_component id="oc-12b">
         <name>.debug_info</name>
         <load_address>0x3c77</load_address>
         <run_address>0x3c77</run_address>
         <size>0xdb</size>
         <input_file_ref idref="fl-ce"/>
      </object_component>
      <object_component id="oc-d7">
         <name>.debug_info</name>
         <load_address>0x3d52</load_address>
         <run_address>0x3d52</run_address>
         <size>0x9cc</size>
         <input_file_ref idref="fl-ce"/>
      </object_component>
      <object_component id="oc-1c8">
         <name>.debug_info</name>
         <load_address>0x471e</load_address>
         <run_address>0x471e</run_address>
         <size>0x51</size>
         <input_file_ref idref="fl-ce"/>
      </object_component>
      <object_component id="oc-124">
         <name>.debug_info</name>
         <load_address>0x476f</load_address>
         <run_address>0x476f</run_address>
         <size>0xd3</size>
         <input_file_ref idref="fl-cf"/>
      </object_component>
      <object_component id="oc-d1">
         <name>.debug_info</name>
         <load_address>0x4842</load_address>
         <run_address>0x4842</run_address>
         <size>0x2a3</size>
         <input_file_ref idref="fl-cf"/>
      </object_component>
      <object_component id="oc-16f">
         <name>.debug_info</name>
         <load_address>0x4ae5</load_address>
         <run_address>0x4ae5</run_address>
         <size>0xda</size>
         <input_file_ref idref="fl-d0"/>
      </object_component>
      <object_component id="oc-dd">
         <name>.debug_info</name>
         <load_address>0x4bbf</load_address>
         <run_address>0x4bbf</run_address>
         <size>0x23b</size>
         <input_file_ref idref="fl-d0"/>
      </object_component>
      <object_component id="oc-197">
         <name>.debug_info</name>
         <load_address>0x4dfa</load_address>
         <run_address>0x4dfa</run_address>
         <size>0x280</size>
         <input_file_ref idref="fl-d1"/>
      </object_component>
      <object_component id="oc-e3">
         <name>.debug_info</name>
         <load_address>0x507a</load_address>
         <run_address>0x507a</run_address>
         <size>0x3d8</size>
         <input_file_ref idref="fl-d1"/>
      </object_component>
      <object_component id="oc-1ab">
         <name>.debug_info</name>
         <load_address>0x5452</load_address>
         <run_address>0x5452</run_address>
         <size>0x230</size>
         <input_file_ref idref="fl-d2"/>
      </object_component>
      <object_component id="oc-1d2">
         <name>.debug_info</name>
         <load_address>0x5682</load_address>
         <run_address>0x5682</run_address>
         <size>0x15b</size>
         <input_file_ref idref="fl-d2"/>
      </object_component>
      <object_component id="oc-11e">
         <name>.debug_info</name>
         <load_address>0x57dd</load_address>
         <run_address>0x57dd</run_address>
         <size>0x2a3</size>
         <input_file_ref idref="fl-d2"/>
      </object_component>
      <object_component id="oc-1a5">
         <name>.debug_info</name>
         <load_address>0x5a80</load_address>
         <run_address>0x5a80</run_address>
         <size>0x2b3</size>
         <input_file_ref idref="fl-d2"/>
      </object_component>
      <object_component id="oc-163">
         <name>.debug_info</name>
         <load_address>0x5d33</load_address>
         <run_address>0x5d33</run_address>
         <size>0x316</size>
         <input_file_ref idref="fl-d2"/>
      </object_component>
      <object_component id="oc-179">
         <name>.debug_info</name>
         <load_address>0x6049</load_address>
         <run_address>0x6049</run_address>
         <size>0x27b</size>
         <input_file_ref idref="fl-d2"/>
      </object_component>
      <object_component id="oc-118">
         <name>.debug_info</name>
         <load_address>0x62c4</load_address>
         <run_address>0x62c4</run_address>
         <size>0x2b7</size>
         <input_file_ref idref="fl-d2"/>
      </object_component>
      <object_component id="oc-15d">
         <name>.debug_info</name>
         <load_address>0x657b</load_address>
         <run_address>0x657b</run_address>
         <size>0x285</size>
         <input_file_ref idref="fl-d2"/>
      </object_component>
      <object_component id="oc-169">
         <name>.debug_info</name>
         <load_address>0x6800</load_address>
         <run_address>0x6800</run_address>
         <size>0x27b</size>
         <input_file_ref idref="fl-d2"/>
      </object_component>
      <object_component id="oc-173">
         <name>.debug_info</name>
         <load_address>0x6a7b</load_address>
         <run_address>0x6a7b</run_address>
         <size>0x280</size>
         <input_file_ref idref="fl-d2"/>
      </object_component>
      <object_component id="oc-212">
         <name>.debug_info</name>
         <load_address>0x6cfb</load_address>
         <run_address>0x6cfb</run_address>
         <size>0x20e</size>
         <input_file_ref idref="fl-d3"/>
      </object_component>
      <object_component id="oc-20f">
         <name>.debug_info</name>
         <load_address>0x6f09</load_address>
         <run_address>0x6f09</run_address>
         <size>0x157</size>
         <input_file_ref idref="fl-d3"/>
      </object_component>
      <object_component id="oc-1bc">
         <name>.debug_info</name>
         <load_address>0x7060</load_address>
         <run_address>0x7060</run_address>
         <size>0x2c1</size>
         <input_file_ref idref="fl-d3"/>
      </object_component>
      <object_component id="oc-1a3">
         <name>.debug_info</name>
         <load_address>0x7321</load_address>
         <run_address>0x7321</run_address>
         <size>0x298</size>
         <input_file_ref idref="fl-d4"/>
      </object_component>
      <object_component id="oc-1b6">
         <name>.debug_info</name>
         <load_address>0x75b9</load_address>
         <run_address>0x75b9</run_address>
         <size>0x14d</size>
         <input_file_ref idref="fl-d4"/>
      </object_component>
      <object_component id="oc-112">
         <name>.debug_info</name>
         <load_address>0x7706</load_address>
         <run_address>0x7706</run_address>
         <size>0x27d</size>
         <input_file_ref idref="fl-d4"/>
      </object_component>
      <object_component id="oc-134">
         <name>.debug_info</name>
         <load_address>0x7983</load_address>
         <run_address>0x7983</run_address>
         <size>0x2db</size>
         <input_file_ref idref="fl-d4"/>
      </object_component>
      <object_component id="oc-13a">
         <name>.debug_info</name>
         <load_address>0x7c5e</load_address>
         <run_address>0x7c5e</run_address>
         <size>0x2b5</size>
         <input_file_ref idref="fl-d4"/>
      </object_component>
      <object_component id="oc-202">
         <name>.debug_info</name>
         <load_address>0x7f13</load_address>
         <run_address>0x7f13</run_address>
         <size>0x5f</size>
         <input_file_ref idref="fl-d4"/>
      </object_component>
      <object_component id="oc-1ba">
         <name>.debug_info</name>
         <load_address>0x7f72</load_address>
         <run_address>0x7f72</run_address>
         <size>0x19d</size>
         <input_file_ref idref="fl-d5"/>
      </object_component>
      <object_component id="oc-140">
         <name>.debug_info</name>
         <load_address>0x810f</load_address>
         <run_address>0x810f</run_address>
         <size>0x261</size>
         <input_file_ref idref="fl-d5"/>
      </object_component>
      <object_component id="oc-146">
         <name>.debug_info</name>
         <load_address>0x8370</load_address>
         <run_address>0x8370</run_address>
         <size>0x277</size>
         <input_file_ref idref="fl-d5"/>
      </object_component>
      <object_component id="oc-14c">
         <name>.debug_info</name>
         <load_address>0x85e7</load_address>
         <run_address>0x85e7</run_address>
         <size>0x227</size>
         <input_file_ref idref="fl-d5"/>
      </object_component>
      <object_component id="oc-152">
         <name>.debug_info</name>
         <load_address>0x880e</load_address>
         <run_address>0x880e</run_address>
         <size>0x221</size>
         <input_file_ref idref="fl-d5"/>
      </object_component>
      <object_component id="oc-1e3">
         <name>.debug_info</name>
         <load_address>0x8a2f</load_address>
         <run_address>0x8a2f</run_address>
         <size>0x227</size>
         <input_file_ref idref="fl-d6"/>
      </object_component>
      <object_component id="oc-1dd">
         <name>.debug_info</name>
         <load_address>0x8c56</load_address>
         <run_address>0x8c56</run_address>
         <size>0x247</size>
         <input_file_ref idref="fl-d6"/>
      </object_component>
      <object_component id="oc-1d7">
         <name>.debug_info</name>
         <load_address>0x8e9d</load_address>
         <run_address>0x8e9d</run_address>
         <size>0x249</size>
         <input_file_ref idref="fl-d6"/>
      </object_component>
      <object_component id="oc-17f">
         <name>.debug_info</name>
         <load_address>0x90e6</load_address>
         <run_address>0x90e6</run_address>
         <size>0x326</size>
         <input_file_ref idref="fl-d6"/>
      </object_component>
      <object_component id="oc-185">
         <name>.debug_info</name>
         <load_address>0x940c</load_address>
         <run_address>0x940c</run_address>
         <size>0x273</size>
         <input_file_ref idref="fl-d6"/>
      </object_component>
      <object_component id="oc-18b">
         <name>.debug_info</name>
         <load_address>0x967f</load_address>
         <run_address>0x967f</run_address>
         <size>0x24d</size>
         <input_file_ref idref="fl-d6"/>
      </object_component>
      <object_component id="oc-12e">
         <name>.debug_info</name>
         <load_address>0x98cc</load_address>
         <run_address>0x98cc</run_address>
         <size>0x17d</size>
         <input_file_ref idref="fl-d8"/>
      </object_component>
      <object_component id="oc-1ed">
         <name>.debug_info</name>
         <load_address>0x9a49</load_address>
         <run_address>0x9a49</run_address>
         <size>0x1c8</size>
         <input_file_ref idref="fl-d9"/>
      </object_component>
      <object_component id="oc-191">
         <name>.debug_info</name>
         <load_address>0x9c11</load_address>
         <run_address>0x9c11</run_address>
         <size>0x35c</size>
         <input_file_ref idref="fl-d9"/>
      </object_component>
      <object_component id="oc-1ee">
         <name>.debug_info</name>
         <load_address>0x9f6d</load_address>
         <run_address>0x9f6d</run_address>
         <size>0x2c</size>
         <input_file_ref idref="fl-d9"/>
      </object_component>
      <object_component id="oc-1f3">
         <name>.debug_info</name>
         <load_address>0x9f99</load_address>
         <run_address>0x9f99</run_address>
         <size>0x69</size>
         <input_file_ref idref="fl-d9"/>
      </object_component>
      <object_component id="oc-267">
         <name>.debug_info</name>
         <load_address>0xa002</load_address>
         <run_address>0xa002</run_address>
         <size>0x385</size>
         <input_file_ref idref="fl-da"/>
      </object_component>
      <object_component id="oc-1e7">
         <name>.debug_info</name>
         <load_address>0xa387</load_address>
         <run_address>0xa387</run_address>
         <size>0x1543</size>
         <input_file_ref idref="fl-da"/>
      </object_component>
      <object_component id="oc-268">
         <name>.debug_info</name>
         <load_address>0xb8ca</load_address>
         <run_address>0xb8ca</run_address>
         <size>0x86</size>
         <input_file_ref idref="fl-da"/>
      </object_component>
      <object_component id="oc-2a2">
         <name>.debug_info</name>
         <load_address>0xb950</load_address>
         <run_address>0xb950</run_address>
         <size>0x46</size>
         <input_file_ref idref="fl-da"/>
      </object_component>
      <object_component id="oc-26d">
         <name>.debug_info</name>
         <load_address>0xb996</load_address>
         <run_address>0xb996</run_address>
         <size>0x39</size>
         <input_file_ref idref="fl-da"/>
      </object_component>
      <object_component id="oc-29d">
         <name>.debug_info</name>
         <load_address>0xb9cf</load_address>
         <run_address>0xb9cf</run_address>
         <size>0x114</size>
         <input_file_ref idref="fl-db"/>
      </object_component>
      <object_component id="oc-25b">
         <name>.debug_info</name>
         <load_address>0xbae3</load_address>
         <run_address>0xbae3</run_address>
         <size>0x171</size>
         <input_file_ref idref="fl-db"/>
      </object_component>
      <object_component id="oc-2b6">
         <name>.debug_info</name>
         <load_address>0xbc54</load_address>
         <run_address>0xbc54</run_address>
         <size>0xee</size>
         <input_file_ref idref="fl-dc"/>
      </object_component>
      <object_component id="oc-29a">
         <name>.debug_info</name>
         <load_address>0xbd42</load_address>
         <run_address>0xbd42</run_address>
         <size>0xfa</size>
         <input_file_ref idref="fl-dc"/>
      </object_component>
      <object_component id="oc-244">
         <name>.debug_info</name>
         <load_address>0xbe3c</load_address>
         <run_address>0xbe3c</run_address>
         <size>0x144</size>
         <input_file_ref idref="fl-dd"/>
      </object_component>
      <object_component id="oc-220">
         <name>.debug_info</name>
         <load_address>0xbf80</load_address>
         <run_address>0xbf80</run_address>
         <size>0x120</size>
         <input_file_ref idref="fl-de"/>
      </object_component>
      <object_component id="oc-22f">
         <name>.debug_info</name>
         <load_address>0xc0a0</load_address>
         <run_address>0xc0a0</run_address>
         <size>0x122</size>
         <input_file_ref idref="fl-de"/>
      </object_component>
      <object_component id="oc-22a">
         <name>.debug_info</name>
         <load_address>0xc1c2</load_address>
         <run_address>0xc1c2</run_address>
         <size>0x132</size>
         <input_file_ref idref="fl-df"/>
      </object_component>
      <object_component id="oc-225">
         <name>.debug_info</name>
         <load_address>0xc2f4</load_address>
         <run_address>0xc2f4</run_address>
         <size>0x132</size>
         <input_file_ref idref="fl-e0"/>
      </object_component>
      <object_component id="oc-234">
         <name>.debug_info</name>
         <load_address>0xc426</load_address>
         <run_address>0xc426</run_address>
         <size>0x126</size>
         <input_file_ref idref="fl-e1"/>
      </object_component>
      <object_component id="oc-23f">
         <name>.debug_info</name>
         <load_address>0xc54c</load_address>
         <run_address>0xc54c</run_address>
         <size>0x124</size>
         <input_file_ref idref="fl-e2"/>
      </object_component>
      <object_component id="oc-282">
         <name>.debug_info</name>
         <load_address>0xc670</load_address>
         <run_address>0xc670</run_address>
         <size>0x14c</size>
         <input_file_ref idref="fl-e3"/>
      </object_component>
      <object_component id="oc-239">
         <name>.debug_info</name>
         <load_address>0xc7bc</load_address>
         <run_address>0xc7bc</run_address>
         <size>0x1c2</size>
         <input_file_ref idref="fl-e3"/>
      </object_component>
      <object_component id="oc-29f">
         <name>.debug_info</name>
         <load_address>0xc97e</load_address>
         <run_address>0xc97e</run_address>
         <size>0xf1</size>
         <input_file_ref idref="fl-e4"/>
      </object_component>
      <object_component id="oc-261">
         <name>.debug_info</name>
         <load_address>0xca6f</load_address>
         <run_address>0xca6f</run_address>
         <size>0x1ab</size>
         <input_file_ref idref="fl-e4"/>
      </object_component>
      <object_component id="oc-286">
         <name>.debug_info</name>
         <load_address>0xcc1a</load_address>
         <run_address>0xcc1a</run_address>
         <size>0x13f</size>
         <input_file_ref idref="fl-e5"/>
      </object_component>
      <object_component id="oc-249">
         <name>.debug_info</name>
         <load_address>0xcd59</load_address>
         <run_address>0xcd59</run_address>
         <size>0x18a</size>
         <input_file_ref idref="fl-e5"/>
      </object_component>
      <object_component id="oc-287">
         <name>.debug_info</name>
         <load_address>0xcee3</load_address>
         <run_address>0xcee3</run_address>
         <size>0x2c</size>
         <input_file_ref idref="fl-e5"/>
      </object_component>
      <object_component id="oc-296">
         <name>.debug_info</name>
         <load_address>0xcf0f</load_address>
         <run_address>0xcf0f</run_address>
         <size>0x17c</size>
         <input_file_ref idref="fl-e6"/>
      </object_component>
      <object_component id="oc-24f">
         <name>.debug_info</name>
         <load_address>0xd08b</load_address>
         <run_address>0xd08b</run_address>
         <size>0x1d5</size>
         <input_file_ref idref="fl-e6"/>
      </object_component>
      <object_component id="oc-298">
         <name>.debug_info</name>
         <load_address>0xd260</load_address>
         <run_address>0xd260</run_address>
         <size>0xf5</size>
         <input_file_ref idref="fl-e7"/>
      </object_component>
      <object_component id="oc-255">
         <name>.debug_info</name>
         <load_address>0xd355</load_address>
         <run_address>0xd355</run_address>
         <size>0x244</size>
         <input_file_ref idref="fl-e7"/>
      </object_component>
      <object_component id="oc-27b">
         <name>.debug_info</name>
         <load_address>0xd599</load_address>
         <run_address>0xd599</run_address>
         <size>0xea</size>
         <input_file_ref idref="fl-e8"/>
      </object_component>
      <object_component id="oc-21a">
         <name>.debug_info</name>
         <load_address>0xd683</load_address>
         <run_address>0xd683</run_address>
         <size>0x22a</size>
         <input_file_ref idref="fl-e8"/>
      </object_component>
      <object_component id="oc-293">
         <name>.debug_info</name>
         <load_address>0xd8ad</load_address>
         <run_address>0xd8ad</run_address>
         <size>0xf3</size>
         <input_file_ref idref="fl-e9"/>
      </object_component>
      <object_component id="oc-28d">
         <name>.debug_info</name>
         <load_address>0xd9a0</load_address>
         <run_address>0xd9a0</run_address>
         <size>0x156</size>
         <input_file_ref idref="fl-ea"/>
      </object_component>
      <object_component id="oc-2e2">
         <name>.debug_info</name>
         <load_address>0xdaf6</load_address>
         <run_address>0xdaf6</run_address>
         <size>0xa7</size>
      </object_component>
      <object_component id="oc-275">
         <name>.debug_line</name>
         <load_address>0x0</load_address>
         <run_address>0x0</run_address>
         <size>0x5a</size>
         <input_file_ref idref="fl-2"/>
      </object_component>
      <object_component id="oc-19e">
         <name>.debug_line</name>
         <load_address>0x5a</load_address>
         <run_address>0x5a</run_address>
         <size>0x2d</size>
         <input_file_ref idref="fl-2"/>
      </object_component>
      <object_component id="oc-ab">
         <name>.debug_line</name>
         <load_address>0x87</load_address>
         <run_address>0x87</run_address>
         <size>0xe2</size>
         <input_file_ref idref="fl-2"/>
      </object_component>
      <object_component id="oc-ee">
         <name>.debug_line</name>
         <load_address>0x169</load_address>
         <run_address>0x169</run_address>
         <size>0x2d</size>
         <input_file_ref idref="fl-2"/>
      </object_component>
      <object_component id="oc-1fd">
         <name>.debug_line</name>
         <load_address>0x196</load_address>
         <run_address>0x196</run_address>
         <size>0x6f</size>
         <input_file_ref idref="fl-2"/>
      </object_component>
      <object_component id="oc-bd">
         <name>.debug_line</name>
         <load_address>0x205</load_address>
         <run_address>0x205</run_address>
         <size>0x20</size>
         <input_file_ref idref="fl-2"/>
      </object_component>
      <object_component id="oc-7f">
         <name>.debug_line</name>
         <load_address>0x225</load_address>
         <run_address>0x225</run_address>
         <size>0x70</size>
         <input_file_ref idref="fl-2"/>
      </object_component>
      <object_component id="oc-19b">
         <name>.debug_line</name>
         <load_address>0x295</load_address>
         <run_address>0x295</run_address>
         <size>0x70</size>
         <input_file_ref idref="fl-2"/>
      </object_component>
      <object_component id="oc-7b">
         <name>.debug_line</name>
         <load_address>0x305</load_address>
         <run_address>0x305</run_address>
         <size>0x41</size>
         <input_file_ref idref="fl-3"/>
      </object_component>
      <object_component id="oc-32">
         <name>.debug_line</name>
         <load_address>0x346</load_address>
         <run_address>0x346</run_address>
         <size>0x41</size>
         <input_file_ref idref="fl-3"/>
      </object_component>
      <object_component id="oc-2f">
         <name>.debug_line</name>
         <load_address>0x387</load_address>
         <run_address>0x387</run_address>
         <size>0xa1</size>
         <input_file_ref idref="fl-3"/>
      </object_component>
      <object_component id="oc-3d">
         <name>.debug_line</name>
         <load_address>0x428</load_address>
         <run_address>0x428</run_address>
         <size>0x20</size>
         <input_file_ref idref="fl-3"/>
      </object_component>
      <object_component id="oc-28">
         <name>.debug_line</name>
         <load_address>0x448</load_address>
         <run_address>0x448</run_address>
         <size>0x53</size>
         <input_file_ref idref="fl-bf"/>
      </object_component>
      <object_component id="oc-c0">
         <name>.debug_line</name>
         <load_address>0x49b</load_address>
         <run_address>0x49b</run_address>
         <size>0x20</size>
         <input_file_ref idref="fl-c0"/>
      </object_component>
      <object_component id="oc-16">
         <name>.debug_line</name>
         <load_address>0x4bb</load_address>
         <run_address>0x4bb</run_address>
         <size>0xa9</size>
         <input_file_ref idref="fl-c0"/>
      </object_component>
      <object_component id="oc-38">
         <name>.debug_line</name>
         <load_address>0x564</load_address>
         <run_address>0x564</run_address>
         <size>0x3a</size>
         <input_file_ref idref="fl-c0"/>
      </object_component>
      <object_component id="oc-84">
         <name>.debug_line</name>
         <load_address>0x59e</load_address>
         <run_address>0x59e</run_address>
         <size>0x8a</size>
         <input_file_ref idref="fl-c0"/>
      </object_component>
      <object_component id="oc-8e">
         <name>.debug_line</name>
         <load_address>0x628</load_address>
         <run_address>0x628</run_address>
         <size>0x8a</size>
         <input_file_ref idref="fl-c1"/>
      </object_component>
      <object_component id="oc-1c">
         <name>.debug_line</name>
         <load_address>0x6b2</load_address>
         <run_address>0x6b2</run_address>
         <size>0x55</size>
         <input_file_ref idref="fl-c1"/>
      </object_component>
      <object_component id="oc-48">
         <name>.debug_line</name>
         <load_address>0x707</load_address>
         <run_address>0x707</run_address>
         <size>0x3a</size>
         <input_file_ref idref="fl-c1"/>
      </object_component>
      <object_component id="oc-8b">
         <name>.debug_line</name>
         <load_address>0x741</load_address>
         <run_address>0x741</run_address>
         <size>0x8a</size>
         <input_file_ref idref="fl-c1"/>
      </object_component>
      <object_component id="oc-96">
         <name>.debug_line</name>
         <load_address>0x7cb</load_address>
         <run_address>0x7cb</run_address>
         <size>0x8a</size>
         <input_file_ref idref="fl-c2"/>
      </object_component>
      <object_component id="oc-22">
         <name>.debug_line</name>
         <load_address>0x855</load_address>
         <run_address>0x855</run_address>
         <size>0x4f</size>
         <input_file_ref idref="fl-c2"/>
      </object_component>
      <object_component id="oc-54">
         <name>.debug_line</name>
         <load_address>0x8a4</load_address>
         <run_address>0x8a4</run_address>
         <size>0x34</size>
         <input_file_ref idref="fl-c2"/>
      </object_component>
      <object_component id="oc-93">
         <name>.debug_line</name>
         <load_address>0x8d8</load_address>
         <run_address>0x8d8</run_address>
         <size>0x8a</size>
         <input_file_ref idref="fl-c2"/>
      </object_component>
      <object_component id="oc-104">
         <name>.debug_line</name>
         <load_address>0x962</load_address>
         <run_address>0x962</run_address>
         <size>0xf2</size>
         <input_file_ref idref="fl-c3"/>
      </object_component>
      <object_component id="oc-f8">
         <name>.debug_line</name>
         <load_address>0xa54</load_address>
         <run_address>0xa54</run_address>
         <size>0x2a</size>
         <input_file_ref idref="fl-c3"/>
      </object_component>
      <object_component id="oc-73">
         <name>.debug_line</name>
         <load_address>0xa7e</load_address>
         <run_address>0xa7e</run_address>
         <size>0x86</size>
         <input_file_ref idref="fl-c3"/>
      </object_component>
      <object_component id="oc-43">
         <name>.debug_line</name>
         <load_address>0xb04</load_address>
         <run_address>0xb04</run_address>
         <size>0x88</size>
         <input_file_ref idref="fl-c4"/>
      </object_component>
      <object_component id="oc-4f">
         <name>.debug_line</name>
         <load_address>0xb8c</load_address>
         <run_address>0xb8c</run_address>
         <size>0x79</size>
         <input_file_ref idref="fl-c5"/>
      </object_component>
      <object_component id="oc-5b">
         <name>.debug_line</name>
         <load_address>0xc05</load_address>
         <run_address>0xc05</run_address>
         <size>0x3d</size>
         <input_file_ref idref="fl-c6"/>
      </object_component>
      <object_component id="oc-61">
         <name>.debug_line</name>
         <load_address>0xc42</load_address>
         <run_address>0xc42</run_address>
         <size>0x40</size>
         <input_file_ref idref="fl-c7"/>
      </object_component>
      <object_component id="oc-b9">
         <name>.debug_line</name>
         <load_address>0xc82</load_address>
         <run_address>0xc82</run_address>
         <size>0x33</size>
         <input_file_ref idref="fl-c8"/>
      </object_component>
      <object_component id="oc-1a1">
         <name>.debug_line</name>
         <load_address>0xcb5</load_address>
         <run_address>0xcb5</run_address>
         <size>0x20</size>
         <input_file_ref idref="fl-c9"/>
      </object_component>
      <object_component id="oc-100">
         <name>.debug_line</name>
         <load_address>0xcd5</load_address>
         <run_address>0xcd5</run_address>
         <size>0x2b</size>
         <input_file_ref idref="fl-c9"/>
      </object_component>
      <object_component id="oc-fd">
         <name>.debug_line</name>
         <load_address>0xd00</load_address>
         <run_address>0xd00</run_address>
         <size>0x68</size>
         <input_file_ref idref="fl-c9"/>
      </object_component>
      <object_component id="oc-f1">
         <name>.debug_line</name>
         <load_address>0xd68</load_address>
         <run_address>0xd68</run_address>
         <size>0x2b</size>
         <input_file_ref idref="fl-ca"/>
      </object_component>
      <object_component id="oc-6d">
         <name>.debug_line</name>
         <load_address>0xd93</load_address>
         <run_address>0xd93</run_address>
         <size>0x4a</size>
         <input_file_ref idref="fl-ca"/>
      </object_component>
      <object_component id="oc-f5">
         <name>.debug_line</name>
         <load_address>0xddd</load_address>
         <run_address>0xddd</run_address>
         <size>0x2b</size>
         <input_file_ref idref="fl-ca"/>
      </object_component>
      <object_component id="oc-c5">
         <name>.debug_line</name>
         <load_address>0xe08</load_address>
         <run_address>0xe08</run_address>
         <size>0xa9</size>
         <input_file_ref idref="fl-cb"/>
      </object_component>
      <object_component id="oc-67">
         <name>.debug_line</name>
         <load_address>0xeb1</load_address>
         <run_address>0xeb1</run_address>
         <size>0x8b</size>
         <input_file_ref idref="fl-cb"/>
      </object_component>
      <object_component id="oc-c9">
         <name>.debug_line</name>
         <load_address>0xf3c</load_address>
         <run_address>0xf3c</run_address>
         <size>0x2e</size>
         <input_file_ref idref="fl-cb"/>
      </object_component>
      <object_component id="oc-10f">
         <name>.debug_line</name>
         <load_address>0xf6a</load_address>
         <run_address>0xf6a</run_address>
         <size>0x8a</size>
         <input_file_ref idref="fl-cb"/>
      </object_component>
      <object_component id="oc-ce">
         <name>.debug_line</name>
         <load_address>0xff4</load_address>
         <run_address>0xff4</run_address>
         <size>0x8b</size>
         <input_file_ref idref="fl-cb"/>
      </object_component>
      <object_component id="oc-106">
         <name>.debug_line</name>
         <load_address>0x107f</load_address>
         <run_address>0x107f</run_address>
         <size>0x98</size>
         <input_file_ref idref="fl-cc"/>
      </object_component>
      <object_component id="oc-9d">
         <name>.debug_line</name>
         <load_address>0x1117</load_address>
         <run_address>0x1117</run_address>
         <size>0x68</size>
         <input_file_ref idref="fl-cc"/>
      </object_component>
      <object_component id="oc-10a">
         <name>.debug_line</name>
         <load_address>0x117f</load_address>
         <run_address>0x117f</run_address>
         <size>0x2e</size>
         <input_file_ref idref="fl-cc"/>
      </object_component>
      <object_component id="oc-a1">
         <name>.debug_line</name>
         <load_address>0x11ad</load_address>
         <run_address>0x11ad</run_address>
         <size>0x3c</size>
         <input_file_ref idref="fl-cd"/>
      </object_component>
      <object_component id="oc-1c7">
         <name>.debug_line</name>
         <load_address>0x11e9</load_address>
         <run_address>0x11e9</run_address>
         <size>0xb9</size>
         <input_file_ref idref="fl-ce"/>
      </object_component>
      <object_component id="oc-1c5">
         <name>.debug_line</name>
         <load_address>0x12a2</load_address>
         <run_address>0x12a2</run_address>
         <size>0x32</size>
         <input_file_ref idref="fl-ce"/>
      </object_component>
      <object_component id="oc-1b0">
         <name>.debug_line</name>
         <load_address>0x12d4</load_address>
         <run_address>0x12d4</run_address>
         <size>0x32</size>
         <input_file_ref idref="fl-ce"/>
      </object_component>
      <object_component id="oc-1b2">
         <name>.debug_line</name>
         <load_address>0x1306</load_address>
         <run_address>0x1306</run_address>
         <size>0x32</size>
         <input_file_ref idref="fl-ce"/>
      </object_component>
      <object_component id="oc-da">
         <name>.debug_line</name>
         <load_address>0x1338</load_address>
         <run_address>0x1338</run_address>
         <size>0x28a</size>
         <input_file_ref idref="fl-ce"/>
      </object_component>
      <object_component id="oc-1ca">
         <name>.debug_line</name>
         <load_address>0x15c2</load_address>
         <run_address>0x15c2</run_address>
         <size>0x32</size>
         <input_file_ref idref="fl-ce"/>
      </object_component>
      <object_component id="oc-1ae">
         <name>.debug_line</name>
         <load_address>0x15f4</load_address>
         <run_address>0x15f4</run_address>
         <size>0x2c</size>
         <input_file_ref idref="fl-cf"/>
      </object_component>
      <object_component id="oc-d4">
         <name>.debug_line</name>
         <load_address>0x1620</load_address>
         <run_address>0x1620</run_address>
         <size>0x96</size>
         <input_file_ref idref="fl-cf"/>
      </object_component>
      <object_component id="oc-1d0">
         <name>.debug_line</name>
         <load_address>0x16b6</load_address>
         <run_address>0x16b6</run_address>
         <size>0x33</size>
         <input_file_ref idref="fl-d0"/>
      </object_component>
      <object_component id="oc-e0">
         <name>.debug_line</name>
         <load_address>0x16e9</load_address>
         <run_address>0x16e9</run_address>
         <size>0x97</size>
         <input_file_ref idref="fl-d0"/>
      </object_component>
      <object_component id="oc-1f9">
         <name>.debug_line</name>
         <load_address>0x1780</load_address>
         <run_address>0x1780</run_address>
         <size>0x134</size>
         <input_file_ref idref="fl-d1"/>
      </object_component>
      <object_component id="oc-e6">
         <name>.debug_line</name>
         <load_address>0x18b4</load_address>
         <run_address>0x18b4</run_address>
         <size>0xc5</size>
         <input_file_ref idref="fl-d1"/>
      </object_component>
      <object_component id="oc-209">
         <name>.debug_line</name>
         <load_address>0x1979</load_address>
         <run_address>0x1979</run_address>
         <size>0x82</size>
         <input_file_ref idref="fl-d2"/>
      </object_component>
      <object_component id="oc-214">
         <name>.debug_line</name>
         <load_address>0x19fb</load_address>
         <run_address>0x19fb</run_address>
         <size>0x7d</size>
         <input_file_ref idref="fl-d2"/>
      </object_component>
[...]
            <run_address>0x20000000</run_address>
            <run_size>0x26c</run_size>
            <compression>zero_init</compression>
         </cprec>
      </cptbl>
   </cptbl_list>
   <handler_table>
      <handler_table_name>__TI_handler_table</handler_table_name>
      <handler>
         <index>0x0</index>
         <name>__TI_zero_init</name>
      </handler>
      <handler>
         <index>0x1</index>
         <name>__TI_decompress_lzss</name>
      </handler>
      <handler>
         <index>0x2</index>
         <name>__TI_decompress_none</name>
      </handler>
   </handler_table>
   <symbol_table>
      <symbol id="sm-1">
         <name>__STACK_TOP</name>
         <value>0x2000046c</value>
      </symbol>
      <symbol id="sm-2">
         <name>__TI_CINIT_Base</name>
         <value>0x2fc8</value>
      </symbol>
      <symbol id="sm-3">
         <name>__TI_CINIT_Limit</name>
         <value>0x2fe0</value>
      </symbol>
      <symbol id="sm-4">
         <name>__TI_Handler_Table_Base</name>
         <value>0x2fa8</value>
      </symbol>
      <symbol id="sm-5">
         <name>__TI_Handler_Table_Limit</name>
         <value>0x2fb4</value>
      </symbol>
      <symbol id="sm-6">
         <name>binit</name>
         <value>0xffffffff</value>
      </symbol>
      <symbol id="sm-7">
         <name>__binit__</name>
         <value>0xffffffff</value>
      </symbol>
      <symbol id="sm-8">
         <name>__STACK_SIZE</name>
         <value>0x200</value>
      </symbol>
      <symbol id="sm-9">
         <name>__STACK_END</name>
         <value>0x2000046c</value>
      </symbol>
      <symbol id="sm-a">
         <name>__c_args__</name>
         <value>0xffffffff</value>
      </symbol>
      <symbol id="sm-b">
         <name>__TI_pprof_out_hndl</name>
         <value>0xffffffff</value>
      </symbol>
      <symbol id="sm-c">
         <name>__TI_prof_data_start</name>
         <value>0xffffffff</value>
      </symbol>
      <symbol id="sm-d">
         <name>__TI_prof_data_size</name>
         <value>0xffffffff</value>
      </symbol>
      <symbol id="sm-70">
         <name>event_button</name>
         <value>0x1bad</value>
         <object_component_ref idref="oc-a7"/>
      </symbol>
      <symbol id="sm-71">
         <name>event_LED</name>
         <value>0x1b29</value>
         <object_component_ref idref="oc-a7"/>
      </symbol>
      <symbol id="sm-72">
         <name>main</name>
         <value>0x1c55</value>
         <object_component_ref idref="oc-a7"/>
      </symbol>
      <symbol id="sm-73">
         <name>g_color</name>
         <value>0x2000050c</value>
         <object_component_ref idref="oc-e8"/>
      </symbol>
      <symbol id="sm-74">
         <name>lab1exec</name>
         <value>0x1c2d</value>
         <object_component_ref idref="oc-a7"/>
      </symbol>
      <symbol id="sm-75">
         <name>g_freq</name>
         <value>0x2000050e</value>
         <object_component_ref idref="oc-e8"/>
      </symbol>
      <symbol id="sm-96">
         <name>ResetISR</name>
         <value>0x2d5b</value>
         <object_component_ref idref="oc-2b"/>
      </symbol>
      <symbol id="sm-97">
         <name>g_pfnVectors</name>
         <value>0x0</value>
         <object_component_ref idref="oc-f"/>
      </symbol>
      <symbol id="sm-a8">
         <name>_c_int00</name>
         <value>0x291d</value>
         <object_component_ref idref="oc-24"/>
      </symbol>
      <symbol id="sm-a9">
         <name>__stack</name>
         <value>0x2000026c</value>
         <object_component_ref idref="oc-2a"/>
      </symbol>
      <symbol id="sm-c7">
         <name>__TI_decompress_lzss</name>
         <value>0x27f9</value>
         <object_component_ref idref="oc-12"/>
      </symbol>
      <symbol id="sm-de">
         <name>__TI_decompress_none</name>
         <value>0x2d41</value>
         <object_component_ref idref="oc-18"/>
      </symbol>
      <symbol id="sm-f5">
         <name>__TI_zero_init</name>
         <value>0x2d4f</value>
         <object_component_ref idref="oc-1e"/>
      </symbol>
      <symbol id="sm-116">
         <name>C$$EXIT</name>
         <value>0x2971</value>
         <object_component_ref idref="oc-6f"/>
      </symbol>
      <symbol id="sm-117">
         <name>abort</name>
         <value>0x2975</value>
         <object_component_ref idref="oc-6f"/>
      </symbol>
      <symbol id="sm-118">
         <name>exit</name>
         <value>0x297d</value>
         <object_component_ref idref="oc-6f"/>
      </symbol>
      <symbol id="sm-119">
         <name>__TI_dtors_ptr</name>
         <value>0x200004f4</value>
         <object_component_ref idref="oc-af"/>
      </symbol>
      <symbol id="sm-11a">
         <name>__TI_cleanup_ptr</name>
         <value>0x200004f0</value>
         <object_component_ref idref="oc-af"/>
      </symbol>
      <symbol id="sm-11b">
         <name>__TI_enable_exit_profile_output</name>
         <value>0x200004f8</value>
         <object_component_ref idref="oc-af"/>
      </symbol>
      <symbol id="sm-136">
         <name>memcpy</name>
         <value>0x23b5</value>
         <object_component_ref idref="oc-3f"/>
      </symbol>
      <symbol id="sm-137">
         <name>__aeabi_memcpy</name>
         <value>0x23b5</value>
         <object_component_ref idref="oc-3f"/>
      </symbol>
      <symbol id="sm-138">
         <name>__aeabi_memcpy8</name>
         <value>0x23b5</value>
         <object_component_ref idref="oc-3f"/>
      </symbol>
      <symbol id="sm-139">
         <name>__aeabi_memcpy4</name>
         <value>0x23b5</value>
         <object_component_ref idref="oc-3f"/>
      </symbol>
      <symbol id="sm-148">
         <name>__aeabi_memset</name>
         <value>0x270f</value>
         <object_component_ref idref="oc-4b"/>
      </symbol>
      <symbol id="sm-149">
         <name>memset</name>
         <value>0x2715</value>
         <object_component_ref idref="oc-4b"/>
      </symbol>
      <symbol id="sm-14a">
         <name>__aeabi_memset8</name>
         <value>0x270f</value>
         <object_component_ref idref="oc-4b"/>
      </symbol>
      <symbol id="sm-14b">
         <name>__aeabi_memset4</name>
         <value>0x270f</value>
         <object_component_ref idref="oc-4b"/>
      </symbol>
      <symbol id="sm-14c">
         <name>__aeabi_memclr8</name>
         <value>0x270d</value>
         <object_component_ref idref="oc-4b"/>
      </symbol>
      <symbol id="sm-14d">
         <name>__aeabi_memclr4</name>
         <value>0x270d</value>
         <object_component_ref idref="oc-4b"/>
      </symbol>
      <symbol id="sm-14e">
         <name>__aeabi_memclr</name>
         <value>0x270d</value>
         <object_component_ref idref="oc-4b"/>
      </symbol>
      <symbol id="sm-158">
         <name>__mpu_init</name>
         <value>0x13a7</value>
         <object_component_ref idref="oc-57"/>
      </symbol>
      <symbol id="sm-162">
         <name>_system_pre_init</name>
         <value>0x2d8d</value>
         <object_component_ref idref="oc-5d"/>
      </symbol>
      <symbol id="sm-16a">
         <name>main_func_sp</name>
         <value>0x20000518</value>
         <object_component_ref idref="oc-75"/>
      </symbol>
      <symbol id="sm-183">
         <name>_nop</name>
         <value>0x2cdf</value>
         <object_component_ref idref="oc-f9"/>
      </symbol>
      <symbol id="sm-184">
         <name>_lock</name>
         <value>0x200004fc</value>
         <object_component_ref idref="oc-b2"/>
      </symbol>
      <symbol id="sm-185">
         <name>_unlock</name>
         <value>0x20000500</value>
         <object_component_ref idref="oc-b2"/>
      </symbol>
      <symbol id="sm-186">
         <name>_register_lock</name>
         <value>0x2cd7</value>
         <object_component_ref idref="oc-f9"/>
      </symbol>
      <symbol id="sm-187">
         <name>_register_unlock</name>
         <value>0x2cd1</value>
         <object_component_ref idref="oc-f9"/>
      </symbol>
      <symbol id="sm-19b">
         <name>_args_main</name>
         <value>0x2c65</value>
         <object_component_ref idref="oc-69"/>
      </symbol>
      <symbol id="sm-1c5">
         <name>__TI_auto_init</name>
         <value>0x2789</value>
         <object_component_ref idref="oc-63"/>
      </symbol>
      <symbol id="sm-1df">
         <name>copy_in</name>
         <value>0x2a11</value>
         <object_component_ref idref="oc-99"/>
      </symbol>
      <symbol id="sm-1e9">
         <name>_system_post_cinit</name>
         <value>0x1b27</value>
         <object_component_ref idref="oc-9f"/>
      </symbol>
      <symbol id="sm-247">
         <name>schdExecute</name>
         <value>0x1551</value>
         <object_component_ref idref="oc-d6"/>
      </symbol>
      <symbol id="sm-248">
         <name>sysTimeWaitAbsolute</name>
         <value>0x148b</value>
         <object_component_ref idref="oc-d6"/>
      </symbol>
      <symbol id="sm-249">
         <name>lpInit</name>
         <value>0x16b7</value>
         <object_component_ref idref="oc-d6"/>
      </symbol>
      <symbol id="sm-24a">
         <name>sysTimeGet</name>
         <value>0x143b</value>
         <object_component_ref idref="oc-d6"/>
      </symbol>
      <symbol id="sm-24b">
         <name>sysTimeReached</name>
         <value>0x1441</value>
         <object_component_ref idref="oc-d6"/>
      </symbol>
      <symbol id="sm-24c">
         <name>waitUs</name>
         <value>0x1689</value>
         <object_component_ref idref="oc-d6"/>
      </symbol>
      <symbol id="sm-24d">
         <name>sysTimeWait</name>
         <value>0x1467</value>
         <object_component_ref idref="oc-d6"/>
      </symbol>
      <symbol id="sm-24e">
         <name>schdCallback</name>
         <value>0x14d7</value>
         <object_component_ref idref="oc-d6"/>
      </symbol>
      <symbol id="sm-24f">
         <name>waitMs</name>
         <value>0x1659</value>
         <object_component_ref idref="oc-d6"/>
      </symbol>
      <symbol id="sm-26a">
         <name>ledInit</name>
         <value>0x2473</value>
         <object_component_ref idref="oc-d0"/>
      </symbol>
      <symbol id="sm-26b">
         <name>ledInitForced</name>
         <value>0x2451</value>
         <object_component_ref idref="oc-d0"/>
      </symbol>
      <symbol id="sm-26c">
         <name>ledTurnOnOff</name>
         <value>0x2487</value>
         <object_component_ref idref="oc-d0"/>
      </symbol>
      <symbol id="sm-28a">
         <name>pbInitForced</name>
         <value>0x24ed</value>
         <object_component_ref idref="oc-dc"/>
      </symbol>
      <symbol id="sm-28b">
         <name>pbInit</name>
         <value>0x2521</value>
         <object_component_ref idref="oc-dc"/>
      </symbol>
      <symbol id="sm-28c">
         <name>pbRead</name>
         <value>0x2535</value>
         <object_component_ref idref="oc-dc"/>
      </symbol>
      <symbol id="sm-2a3">
         <name>uartPutString</name>
         <value>0x234f</value>
         <object_component_ref idref="oc-e2"/>
      </symbol>
      <symbol id="sm-2a4">
         <name>uprintf</name>
         <value>0x237b</value>
         <object_component_ref idref="oc-e2"/>
      </symbol>
      <symbol id="sm-2a5">
         <name>uartInit</name>
         <value>0x22f1</value>
         <object_component_ref idref="oc-e2"/>
      </symbol>
      <symbol id="sm-2a6">
         <name>uartPutChar</name>
         <value>0x232b</value>
         <object_component_ref idref="oc-e2"/>
      </symbol>
      <symbol id="sm-2a7">
         <name>uartGetChar</name>
         <value>0x233d</value>
         <object_component_ref idref="oc-e2"/>
      </symbol>
      <symbol id="sm-2f9">
         <name>GPIOPinConfigure</name>
         <value>0x2a5d</value>
         <object_component_ref idref="oc-172"/>
      </symbol>
      <symbol id="sm-2fa">
         <name>GPIOPinTypeGPIOInput</name>
         <value>0x2d0d</value>
         <object_component_ref idref="oc-15c"/>
      </symbol>
      <symbol id="sm-2fb">
         <name>GPIOPinTypeUART</name>
         <value>0x2d1f</value>
         <object_component_ref idref="oc-178"/>
      </symbol>
      <symbol id="sm-2fc">
         <name>GPIOPinTypeGPIOOutput</name>
         <value>0x2c4d</value>
         <object_component_ref idref="oc-117"/>
      </symbol>
      <symbol id="sm-2fd">
         <name>GPIOPinRead</name>
         <value>0x2d7b</value>
         <object_component_ref idref="oc-168"/>
      </symbol>
      <symbol id="sm-2fe">
         <name>GPIODirModeSet</name>
         <value>0x2bcb</value>
         <object_component_ref idref="oc-1a4"/>
      </symbol>
      <symbol id="sm-2ff">
         <name>GPIOPinWrite</name>
         <value>0x2d81</value>
         <object_component_ref idref="oc-11d"/>
      </symbol>
      <symbol id="sm-300">
         <name>GPIOPadConfigSet</name>
         <value>0x1dc3</value>
         <object_component_ref idref="oc-162"/>
      </symbol>
      <symbol id="sm-317">
         <name>IntRegister</name>
         <value>0x2b35</value>
         <object_component_ref idref="oc-1bb"/>
      </symbol>
      <symbol id="sm-318">
         <name>g_pfnRAMVectors</name>
         <value>0x20000000</value>
         <object_component_ref idref="oc-20e"/>
      </symbol>
      <symbol id="sm-36a">
         <name>SysCtlClockSet</name>
         <value>0x21fd</value>
         <object_component_ref idref="oc-133"/>
      </symbol>
      <symbol id="sm-36b">
         <name>SysCtlDelay</name>
         <value>0x2d87</value>
         <object_component_ref idref="oc-132"/>
      </symbol>
      <symbol id="sm-36c">
         <name>SysCtlPeripheralEnable</name>
         <value>0x2b69</value>
         <object_component_ref idref="oc-111"/>
      </symbol>
      <symbol id="sm-36d">
         <name>SysCtlClockGet</name>
         <value>0x1ef5</value>
         <object_component_ref idref="oc-139"/>
      </symbol>
      <symbol id="sm-39a">
         <name>SysTickEnable</name>
         <value>0x2c95</value>
         <object_component_ref idref="oc-151"/>
      </symbol>
      <symbol id="sm-39b">
         <name>SysTickIntRegister</name>
         <value>0x2c15</value>
         <object_component_ref idref="oc-145"/>
      </symbol>
      <symbol id="sm-39c">
         <name>SysTickIntEnable</name>
         <value>0x2ca9</value>
         <object_component_ref idref="oc-14b"/>
      </symbol>
      <symbol id="sm-39d">
         <name>SysTickPeriodSet</name>
         <value>0x2d31</value>
         <object_component_ref idref="oc-13f"/>
      </symbol>
      <symbol id="sm-3d0">
         <name>UARTConfigSetExpClk</name>
         <value>0x2aed</value>
         <object_component_ref idref="oc-17e"/>
      </symbol>
      <symbol id="sm-3d1">
         <name>UARTDisable</name>
         <value>0x2bf5</value>
         <object_component_ref idref="oc-1d6"/>
      </symbol>
      <symbol id="sm-3d2">
         <name>UARTCharPut</name>
         <value>0x2d71</value>
         <object_component_ref idref="oc-184"/>
      </symbol>
      <symbol id="sm-3d3">
         <name>UARTEnable</name>
         <value>0x2cbd</value>
         <object_component_ref idref="oc-1dc"/>
      </symbol>
      <symbol id="sm-3d4">
         <name>UARTCharGet</name>
         <value>0x2d67</value>
         <object_component_ref idref="oc-18a"/>
      </symbol>
      <symbol id="sm-3f1">
         <name>__aeabi_uldivmod</name>
         <value>0x177d</value>
         <object_component_ref idref="oc-12d"/>
      </symbol>
      <symbol id="sm-412">
         <name>vsnprintf</name>
         <value>0x2579</value>
         <object_component_ref idref="oc-190"/>
      </symbol>
      <symbol id="sm-513">
         <name>__TI_printfi</name>
         <value>0xaad</value>
         <object_component_ref idref="oc-1e6"/>
      </symbol>
      <symbol id="sm-529">
         <name>atoi</name>
         <value>0x29c5</value>
         <object_component_ref idref="oc-25a"/>
      </symbol>
      <symbol id="sm-534">
         <name>_ctypes_</name>
         <value>0x2d90</value>
         <object_component_ref idref="oc-299"/>
      </symbol>
      <symbol id="sm-54b">
         <name>__aeabi_dsub</name>
         <value>0x1971</value>
         <object_component_ref idref="oc-243"/>
      </symbol>
      <symbol id="sm-54c">
         <name>__aeabi_dadd</name>
         <value>0x197b</value>
         <object_component_ref idref="oc-243"/>
      </symbol>
      <symbol id="sm-56e">
         <name>__aeabi_cdcmpeq</name>
         <value>0x2601</value>
         <object_component_ref idref="oc-21f"/>
      </symbol>
      <symbol id="sm-56f">
         <name>__aeabi_cdcmple</name>
         <value>0x2601</value>
         <object_component_ref idref="oc-21f"/>
      </symbol>
      <symbol id="sm-570">
         <name>__aeabi_cdrcmple</name>
         <value>0x2687</value>
         <object_component_ref idref="oc-22e"/>
      </symbol>
      <symbol id="sm-584">
         <name>__aeabi_ddiv</name>
         <value>0x1c8d</value>
         <object_component_ref idref="oc-229"/>
      </symbol>
      <symbol id="sm-58f">
         <name>__aeabi_dmul</name>
         <value>0x2005</value>
         <object_component_ref idref="oc-224"/>
      </symbol>
      <symbol id="sm-599">
         <name>__aeabi_d2iz</name>
         <value>0x2aa5</value>
         <object_component_ref idref="oc-233"/>
      </symbol>
      <symbol id="sm-5a3">
         <name>__aeabi_i2d</name>
         <value>0x2b9d</value>
         <object_component_ref idref="oc-23e"/>
      </symbol>
      <symbol id="sm-5b2">
         <name>ltoa</name>
         <value>0x28c5</value>
         <object_component_ref idref="oc-238"/>
      </symbol>
      <symbol id="sm-5c2">
         <name>memccpy</name>
         <value>0x2c31</value>
         <object_component_ref idref="oc-260"/>
      </symbol>
      <symbol id="sm-5dd">
         <name>frexpl</name>
         <value>0x2861</value>
         <object_component_ref idref="oc-248"/>
      </symbol>
      <symbol id="sm-5de">
         <name>frexp</name>
         <value>0x2861</value>
         <object_component_ref idref="oc-248"/>
      </symbol>
      <symbol id="sm-5fb">
         <name>scalbn</name>
         <value>0x2101</value>
         <object_component_ref idref="oc-24e"/>
      </symbol>
      <symbol id="sm-5fc">
         <name>scalbnl</name>
         <value>0x2101</value>
         <object_component_ref idref="oc-24e"/>
      </symbol>
      <symbol id="sm-5fd">
         <name>ldexpl</name>
         <value>0x2101</value>
         <object_component_ref idref="oc-24e"/>
      </symbol>
      <symbol id="sm-5fe">
         <name>ldexp</name>
         <value>0x2101</value>
         <object_component_ref idref="oc-24e"/>
      </symbol>
      <symbol id="sm-60e">
         <name>strchr</name>
         <value>0x2c7d</value>
         <object_component_ref idref="oc-254"/>
      </symbol>
      <symbol id="sm-61c">
         <name>strlen</name>
         <value>0x2cf9</value>
         <object_component_ref idref="oc-219"/>
      </symbol>
      <symbol id="sm-624">
         <name>errno</name>
         <value>0x20000514</value>
         <object_component_ref idref="oc-292"/>
      </symbol>
      <symbol id="sm-62e">
         <name>copysign</name>
         <value>0x2ce5</value>
         <object_component_ref idref="oc-28c"/>
      </symbol>
      <symbol id="sm-62f">
         <name>copysignl</name>
         <value>0x2ce5</value>
         <object_component_ref idref="oc-28c"/>
      </symbol>
      <symbol id="sm-630">
         <name>__TI_static_base__</name>
         <value>0x0</value>
      </symbol>
      <symbol id="sm-633">
         <name>SHT$$INIT_ARRAY$$Limit</name>
         <value>0x0</value>
      </symbol>
      <symbol id="sm-634">
         <name>SHT$$INIT_ARRAY$$Base</name>
         <value>0x0</value>
      </symbol>
   </symbol_table>
   <title>Link successful</title>
</link_info>
