<?xml version="1.0"?>
<link_info>
   <banner>TI ARM Linker Unix v16.9.0.LTS</banner>
   <copyright>Copyright (c) 1996-2015 Texas Instruments Incorporated</copyright>
   <link_time>0x589a30ca</link_time>
   <link_errors>0x0</link_errors>
   <output_file>lab0-test.out</output_file>
   <entry_point>
      <name>_c_int00</name>
      <address>0x287d</address>
   </entry_point>
   <input_file_list>
      <input_file id="fl-2">
         <path>./</path>
         <kind>object</kind>
         <file>main.obj</file>
         <name>main.obj</name>
      </input_file>
      <input_file id="fl-3">
         <path>./</path>
         <kind>object</kind>
         <file>tm4c123gh6pm_startup_ccs.obj</file>
         <name>tm4c123gh6pm_startup_ccs.obj</name>
      </input_file>
      <input_file id="fl-bf">
         <path>/Applications/ti/ccsv7/tools/compiler/ti-cgt-arm_16.9.0.LTS/lib/</path>
         <kind>archive</kind>
         <file>rtsv7M4_T_le_v4SPD16_eabi.lib</file>
         <name>boot.obj</name>
      </input_file>
      <input_file id="fl-c0">
         <path>/Applications/ti/ccsv7/tools/compiler/ti-cgt-arm_16.9.0.LTS/lib/</path>
         <kind>archive</kind>
         <file>rtsv7M4_T_le_v4SPD16_eabi.lib</file>
         <name>copy_decompress_lzss.obj</name>
      </input_file>
      <input_file id="fl-c1">
         <path>/Applications/ti/ccsv7/tools/compiler/ti-cgt-arm_16.9.0.LTS/lib/</path>
         <kind>archive</kind>
         <file>rtsv7M4_T_le_v4SPD16_eabi.lib</file>
         <name>copy_decompress_none.obj</name>
      </input_file>
      <input_file id="fl-c2">
         <path>/Applications/ti/ccsv7/tools/compiler/ti-cgt-arm_16.9.0.LTS/lib/</path>
         <kind>archive</kind>
         <file>rtsv7M4_T_le_v4SPD16_eabi.lib</file>
         <name>copy_zero_init.obj</name>
      </input_file>
      <input_file id="fl-c3">
         <path>/Applications/ti/ccsv7/tools/compiler/ti-cgt-arm_16.9.0.LTS/lib/</path>
         <kind>archive</kind>
         <file>rtsv7M4_T_le_v4SPD16_eabi.lib</file>
         <name>exit.obj</name>
      </input_file>
      <input_file id="fl-c4">
         <path>/Applications/ti/ccsv7/tools/compiler/ti-cgt-arm_16.9.0.LTS/lib/</path>
         <kind>archive</kind>
         <file>rtsv7M4_T_le_v4SPD16_eabi.lib</file>
         <name>memcpy_t2.obj</name>
      </input_file>
      <input_file id="fl-c5">
         <path>/Applications/ti/ccsv7/tools/compiler/ti-cgt-arm_16.9.0.LTS/lib/</path>
         <kind>archive</kind>
         <file>rtsv7M4_T_le_v4SPD16_eabi.lib</file>
         <name>memset_t2.obj</name>
      </input_file>
      <input_file id="fl-c6">
         <path>/Applications/ti/ccsv7/tools/compiler/ti-cgt-arm_16.9.0.LTS/lib/</path>
         <kind>archive</kind>
         <file>rtsv7M4_T_le_v4SPD16_eabi.lib</file>
         <name>mpu_init.obj</name>
      </input_file>
      <input_file id="fl-c7">
         <path>/Applications/ti/ccsv7/tools/compiler/ti-cgt-arm_16.9.0.LTS/lib/</path>
         <kind>archive</kind>
         <file>rtsv7M4_T_le_v4SPD16_eabi.lib</file>
         <name>pre_init.obj</name>
      </input_file>
      <input_file id="fl-c8">
         <path>/Applications/ti/ccsv7/tools/compiler/ti-cgt-arm_16.9.0.LTS/lib/</path>
         <kind>archive</kind>
         <file>rtsv7M4_T_le_v4SPD16_eabi.lib</file>
         <name>stkdepth_vars.obj</name>
      </input_file>
      <input_file id="fl-c9">
         <path>/Applications/ti/ccsv7/tools/compiler/ti-cgt-arm_16.9.0.LTS/lib/</path>
         <kind>archive</kind>
         <file>rtsv7M4_T_le_v4SPD16_eabi.lib</file>
         <name>_lock.obj</name>
      </input_file>
      <input_file id="fl-ca">
         <path>/Applications/ti/ccsv7/tools/compiler/ti-cgt-arm_16.9.0.LTS/lib/</path>
         <kind>archive</kind>
         <file>rtsv7M4_T_le_v4SPD16_eabi.lib</file>
         <name>args_main.obj</name>
      </input_file>
      <input_file id="fl-cb">
         <path>/Applications/ti/ccsv7/tools/compiler/ti-cgt-arm_16.9.0.LTS/lib/</path>
         <kind>archive</kind>
         <file>rtsv7M4_T_le_v4SPD16_eabi.lib</file>
         <name>autoinit.obj</name>
      </input_file>
      <input_file id="fl-cc">
         <path>/Applications/ti/ccsv7/tools/compiler/ti-cgt-arm_16.9.0.LTS/lib/</path>
         <kind>archive</kind>
         <file>rtsv7M4_T_le_v4SPD16_eabi.lib</file>
         <name>cpy_tbl.obj</name>
      </input_file>
      <input_file id="fl-cd">
         <path>/Applications/ti/ccsv7/tools/compiler/ti-cgt-arm_16.9.0.LTS/lib/</path>
         <kind>archive</kind>
         <file>rtsv7M4_T_le_v4SPD16_eabi.lib</file>
         <name>startup.obj</name>
      </input_file>
      <input_file id="fl-ce">
         <path>/Users/schmitgreg/GitHub/learn/ece367/util/Debug/</path>
         <kind>archive</kind>
         <file>util.lib</file>
         <name>launchpad.obj</name>
      </input_file>
      <input_file id="fl-cf">
         <path>/Users/schmitgreg/GitHub/learn/ece367/util/Debug/</path>
         <kind>archive</kind>
         <file>util.lib</file>
         <name>led.obj</name>
      </input_file>
      <input_file id="fl-d0">
         <path>/Users/schmitgreg/GitHub/learn/ece367/util/Debug/</path>
         <kind>archive</kind>
         <file>util.lib</file>
         <name>pushbutton.obj</name>
      </input_file>
      <input_file id="fl-d1">
         <path>/Users/schmitgreg/GitHub/learn/ece367/util/Debug/</path>
         <kind>archive</kind>
         <file>util.lib</file>
         <name>uart.obj</name>
      </input_file>
      <input_file id="fl-d2">
         <path>/Applications/ti/ccsv7/tools/compiler/ti-cgt-arm_16.9.0.LTS/lib/</path>
         <kind>archive</kind>
         <file>rtsv7M4_T_le_v4SPD16_eabi.lib</file>
         <name>ull_div_t2.obj</name>
      </input_file>
      <input_file id="fl-d3">
         <path>/Applications/ti/ccsv7/tools/compiler/ti-cgt-arm_16.9.0.LTS/lib/</path>
         <kind>archive</kind>
         <file>rtsv7M4_T_le_v4SPD16_eabi.lib</file>
         <name>vsnprintf.obj</name>
      </input_file>
      <input_file id="fl-d4">
         <path>/Applications/ti/ccsv7/tools/compiler/ti-cgt-arm_16.9.0.LTS/lib/</path>
         <kind>archive</kind>
         <file>rtsv7M4_T_le_v4SPD16_eabi.lib</file>
         <name>_printfi.obj</name>
      </input_file>
      <input_file id="fl-d5">
         <path>/Applications/ti/ccsv7/tools/compiler/ti-cgt-arm_16.9.0.LTS/lib/</path>
         <kind>archive</kind>
         <file>rtsv7M4_T_le_v4SPD16_eabi.lib</file>
         <name>atoi.obj</name>
      </input_file>
      <input_file id="fl-d6">
         <path>/Applications/ti/ccsv7/tools/compiler/ti-cgt-arm_16.9.0.LTS/lib/</path>
         <kind>archive</kind>
         <file>rtsv7M4_T_le_v4SPD16_eabi.lib</file>
         <name>ctype.obj</name>
      </input_file>
      <input_file id="fl-d7">
         <path>/Applications/ti/ccsv7/tools/compiler/ti-cgt-arm_16.9.0.LTS/lib/</path>
         <kind>archive</kind>
         <file>rtsv7M4_T_le_v4SPD16_eabi.lib</file>
         <name>fd_add_t2.obj</name>
      </input_file>
      <input_file id="fl-d8">
         <path>/Applications/ti/ccsv7/tools/compiler/ti-cgt-arm_16.9.0.LTS/lib/</path>
         <kind>archive</kind>
         <file>rtsv7M4_T_le_v4SPD16_eabi.lib</file>
         <name>fd_cmp_t2.obj</name>
      </input_file>
      <input_file id="fl-d9">
         <path>/Applications/ti/ccsv7/tools/compiler/ti-cgt-arm_16.9.0.LTS/lib/</path>
         <kind>archive</kind>
         <file>rtsv7M4_T_le_v4SPD16_eabi.lib</file>
         <name>fd_div_t2.obj</name>
      </input_file>
      <input_file id="fl-da">
         <path>/Applications/ti/ccsv7/tools/compiler/ti-cgt-arm_16.9.0.LTS/lib/</path>
         <kind>archive</kind>
         <file>rtsv7M4_T_le_v4SPD16_eabi.lib</file>
         <name>fd_mul_t2.obj</name>
      </input_file>
      <input_file id="fl-db">
         <path>/Applications/ti/ccsv7/tools/compiler/ti-cgt-arm_16.9.0.LTS/lib/</path>
         <kind>archive</kind>
         <file>rtsv7M4_T_le_v4SPD16_eabi.lib</file>
         <name>fd_toi_t2.obj</name>
      </input_file>
      <input_file id="fl-dc">
         <path>/Applications/ti/ccsv7/tools/compiler/ti-cgt-arm_16.9.0.LTS/lib/</path>
         <kind>archive</kind>
         <file>rtsv7M4_T_le_v4SPD16_eabi.lib</file>
         <name>i_tofd_t2.obj</name>
      </input_file>
      <input_file id="fl-dd">
         <path>/Applications/ti/ccsv7/tools/compiler/ti-cgt-arm_16.9.0.LTS/lib/</path>
         <kind>archive</kind>
         <file>rtsv7M4_T_le_v4SPD16_eabi.lib</file>
         <name>ltoa.obj</name>
      </input_file>
      <input_file id="fl-de">
         <path>/Applications/ti/ccsv7/tools/compiler/ti-cgt-arm_16.9.0.LTS/lib/</path>
         <kind>archive</kind>
         <file>rtsv7M4_T_le_v4SPD16_eabi.lib</file>
         <name>memccpy.obj</name>
      </input_file>
      <input_file id="fl-df">
         <path>/Applications/ti/ccsv7/tools/compiler/ti-cgt-arm_16.9.0.LTS/lib/</path>
         <kind>archive</kind>
         <file>rtsv7M4_T_le_v4SPD16_eabi.lib</file>
         <name>s_frexp.obj</name>
      </input_file>
      <input_file id="fl-e0">
         <path>/Applications/ti/ccsv7/tools/compiler/ti-cgt-arm_16.9.0.LTS/lib/</path>
         <kind>archive</kind>
         <file>rtsv7M4_T_le_v4SPD16_eabi.lib</file>
         <name>s_scalbn.obj</name>
      </input_file>
      <input_file id="fl-e1">
         <path>/Applications/ti/ccsv7/tools/compiler/ti-cgt-arm_16.9.0.LTS/lib/</path>
         <kind>archive</kind>
         <file>rtsv7M4_T_le_v4SPD16_eabi.lib</file>
         <name>strchr.obj</name>
      </input_file>
      <input_file id="fl-e2">
         <path>/Applications/ti/ccsv7/tools/compiler/ti-cgt-arm_16.9.0.LTS/lib/</path>
         <kind>archive</kind>
         <file>rtsv7M4_T_le_v4SPD16_eabi.lib</file>
         <name>strlen.obj</name>
      </input_file>
      <input_file id="fl-e3">
         <path>/Applications/ti/ccsv7/tools/compiler/ti-cgt-arm_16.9.0.LTS/lib/</path>
         <kind>archive</kind>
         <file>rtsv7M4_T_le_v4SPD16_eabi.lib</file>
         <name>errno.obj</name>
      </input_file>
      <input_file id="fl-e4">
         <path>/Applications/ti/ccsv7/tools/compiler/ti-cgt-arm_16.9.0.LTS/lib/</path>
         <kind>archive</kind>
         <file>rtsv7M4_T_le_v4SPD16_eabi.lib</file>
         <name>s_copysign.obj</name>
      </input_file>
      <input_file id="fl-e5">
         <path>/Applications/ti/TivaWare_C_Series-2.1.3.156/driverlib/ccs/Debug/</path>
         <kind>archive</kind>
         <file>driverlib.lib</file>
         <name>gpio.obj</name>
      </input_file>
      <input_file id="fl-e6">
         <path>/Applications/ti/TivaWare_C_Series-2.1.3.156/driverlib/ccs/Debug/</path>
         <kind>archive</kind>
         <file>driverlib.lib</file>
         <name>interrupt.obj</name>
      </input_file>
      <input_file id="fl-e7">
         <path>/Applications/ti/TivaWare_C_Series-2.1.3.156/driverlib/ccs/Debug/</path>
         <kind>archive</kind>
         <file>driverlib.lib</file>
         <name>sysctl.obj</name>
      </input_file>
      <input_file id="fl-e8">
         <path>/Applications/ti/TivaWare_C_Series-2.1.3.156/driverlib/ccs/Debug/</path>
         <kind>archive</kind>
         <file>driverlib.lib</file>
         <name>systick.obj</name>
      </input_file>
      <input_file id="fl-e9">
         <path>/Applications/ti/TivaWare_C_Series-2.1.3.156/driverlib/ccs/Debug/</path>
         <kind>archive</kind>
         <file>driverlib.lib</file>
         <name>uart.obj</name>
      </input_file>
      <input_file id="fl-ea">
         <path>/Applications/ti/TivaWare_C_Series-2.1.3.156/driverlib/ccs/Debug/</path>
         <kind>archive</kind>
         <file>driverlib.lib</file>
         <name>cpu.obj</name>
      </input_file>
   </input_file_list>
   <object_component_list>
      <object_component id="oc-f">
         <name>.intvecs</name>
         <load_address>0x0</load_address>
         <run_address>0x0</run_address>
         <size>0x26c</size>
         <input_file_ref idref="fl-3"/>
      </object_component>
      <object_component id="oc-1dc">
         <name>.text</name>
         <load_address>0x26c</load_address>
         <run_address>0x26c</run_address>
         <size>0x113a</size>
         <input_file_ref idref="fl-d4"/>
      </object_component>
      <object_component id="oc-57">
         <name>.text</name>
         <load_address>0x13a6</load_address>
         <run_address>0x13a6</run_address>
         <size>0x2</size>
         <input_file_ref idref="fl-c6"/>
      </object_component>
      <object_component id="oc-d0">
         <name>.text</name>
         <load_address>0x13a8</load_address>
         <run_address>0x13a8</run_address>
         <size>0x3d4</size>
         <input_file_ref idref="fl-ce"/>
      </object_component>
      <object_component id="oc-116">
         <name>.text</name>
         <load_address>0x177c</load_address>
         <run_address>0x177c</run_address>
         <size>0x1f4</size>
         <input_file_ref idref="fl-d2"/>
      </object_component>
      <object_component id="oc-241">
         <name>.text</name>
         <load_address>0x1970</load_address>
         <run_address>0x1970</run_address>
         <size>0x1b6</size>
         <input_file_ref idref="fl-d7"/>
      </object_component>
      <object_component id="oc-227">
         <name>.text</name>
         <load_address>0x1b26</load_address>
         <run_address>0x1b26</run_address>
         <size>0x136</size>
         <input_file_ref idref="fl-d9"/>
      </object_component>
      <object_component id="oc-18c">
         <name>.text:GPIOPadConfigSet</name>
         <load_address>0x1c5c</load_address>
         <run_address>0x1c5c</run_address>
         <size>0x132</size>
         <input_file_ref idref="fl-e5"/>
      </object_component>
      <object_component id="oc-9f">
         <name>.text</name>
         <load_address>0x1d8e</load_address>
         <run_address>0x1d8e</run_address>
         <size>0x2</size>
         <input_file_ref idref="fl-cd"/>
      </object_component>
      <object_component id="oc-122">
         <name>.text:SysCtlClockGet</name>
         <load_address>0x1d90</load_address>
         <run_address>0x1d90</run_address>
         <size>0x110</size>
         <input_file_ref idref="fl-e7"/>
      </object_component>
      <object_component id="oc-222">
         <name>.text</name>
         <load_address>0x1ea0</load_address>
         <run_address>0x1ea0</run_address>
         <size>0xfc</size>
         <input_file_ref idref="fl-da"/>
      </object_component>
      <object_component id="oc-24c">
         <name>.text</name>
         <load_address>0x1f9c</load_address>
         <run_address>0x1f9c</run_address>
         <size>0xfc</size>
         <input_file_ref idref="fl-e0"/>
      </object_component>
      <object_component id="oc-11c">
         <name>.text:SysCtlClockSet</name>
         <load_address>0x2098</load_address>
         <run_address>0x2098</run_address>
         <size>0xf4</size>
         <input_file_ref idref="fl-e7"/>
      </object_component>
      <object_component id="oc-a7">
         <name>.text</name>
         <load_address>0x218c</load_address>
         <run_address>0x218c</run_address>
         <size>0xc4</size>
         <input_file_ref idref="fl-2"/>
      </object_component>
      <object_component id="oc-d6">
         <name>.text</name>
         <load_address>0x2250</load_address>
         <run_address>0x2250</run_address>
         <size>0xc4</size>
         <input_file_ref idref="fl-d1"/>
      </object_component>
      <object_component id="oc-3f">
         <name>.text</name>
         <load_address>0x2314</load_address>
         <run_address>0x2314</run_address>
         <size>0x9c</size>
         <input_file_ref idref="fl-c4"/>
      </object_component>
      <object_component id="oc-dc">
         <name>.text</name>
         <load_address>0x23b0</load_address>
         <run_address>0x23b0</run_address>
         <size>0x9c</size>
         <input_file_ref idref="fl-cf"/>
      </object_component>
      <object_component id="oc-e2">
         <name>.text</name>
         <load_address>0x244c</load_address>
         <run_address>0x244c</run_address>
         <size>0x8c</size>
         <input_file_ref idref="fl-d0"/>
      </object_component>
      <object_component id="oc-169">
         <name>.text</name>
         <load_address>0x24d8</load_address>
         <run_address>0x24d8</run_address>
         <size>0x88</size>
         <input_file_ref idref="fl-d3"/>
      </object_component>
      <object_component id="oc-21d">
         <name>.text:__aeabi_cdcmple</name>
         <load_address>0x2560</load_address>
         <run_address>0x2560</run_address>
         <size>0x86</size>
         <input_file_ref idref="fl-d8"/>
      </object_component>
      <object_component id="oc-22c">
         <name>.text:__aeabi_cdrcmple</name>
         <load_address>0x25e6</load_address>
         <run_address>0x25e6</run_address>
         <size>0x86</size>
         <input_file_ref idref="fl-d8"/>
      </object_component>
      <object_component id="oc-4b">
         <name>.text</name>
         <load_address>0x266c</load_address>
         <run_address>0x266c</run_address>
         <size>0x7a</size>
         <input_file_ref idref="fl-c5"/>
      </object_component>
      <object_component id="oc-63">
         <name>.text</name>
         <load_address>0x26e8</load_address>
         <run_address>0x26e8</run_address>
         <size>0x70</size>
         <input_file_ref idref="fl-cb"/>
      </object_component>
      <object_component id="oc-12">
         <name>.text:decompress:lzss</name>
         <load_address>0x2758</load_address>
         <run_address>0x2758</run_address>
         <size>0x68</size>
         <input_file_ref idref="fl-c0"/>
      </object_component>
      <object_component id="oc-246">
         <name>.text</name>
         <load_address>0x27c0</load_address>
         <run_address>0x27c0</run_address>
         <size>0x64</size>
         <input_file_ref idref="fl-df"/>
      </object_component>
      <object_component id="oc-236">
         <name>.text</name>
         <load_address>0x2824</load_address>
         <run_address>0x2824</run_address>
         <size>0x56</size>
         <input_file_ref idref="fl-dd"/>
      </object_component>
      <object_component id="oc-24">
         <name>.text</name>
         <load_address>0x287c</load_address>
         <run_address>0x287c</run_address>
         <size>0x54</size>
         <input_file_ref idref="fl-bf"/>
      </object_component>
      <object_component id="oc-6f">
         <name>.text</name>
         <load_address>0x28d0</load_address>
         <run_address>0x28d0</run_address>
         <size>0x54</size>
         <input_file_ref idref="fl-c3"/>
      </object_component>
      <object_component id="oc-258">
         <name>.text</name>
         <load_address>0x2924</load_address>
         <run_address>0x2924</run_address>
         <size>0x4c</size>
         <input_file_ref idref="fl-d5"/>
      </object_component>
      <object_component id="oc-99">
         <name>.text</name>
         <load_address>0x2970</load_address>
         <run_address>0x2970</run_address>
         <size>0x4c</size>
         <input_file_ref idref="fl-cc"/>
      </object_component>
      <object_component id="oc-14b">
         <name>.text:GPIOPinConfigure</name>
         <load_address>0x29bc</load_address>
         <run_address>0x29bc</run_address>
         <size>0x48</size>
         <input_file_ref idref="fl-e5"/>
      </object_component>
      <object_component id="oc-231">
         <name>.text</name>
         <load_address>0x2a04</load_address>
         <run_address>0x2a04</run_address>
         <size>0x48</size>
         <input_file_ref idref="fl-db"/>
      </object_component>
      <object_component id="oc-157">
         <name>.text:UARTConfigSetExpClk</name>
         <load_address>0x2a4c</load_address>
         <run_address>0x2a4c</run_address>
         <size>0x46</size>
         <input_file_ref idref="fl-e9"/>
      </object_component>
      <object_component id="oc-1ae">
         <name>.text:IntRegister</name>
         <load_address>0x2a94</load_address>
         <run_address>0x2a94</run_address>
         <size>0x34</size>
         <input_file_ref idref="fl-e6"/>
      </object_component>
      <object_component id="oc-145">
         <name>.text:SysCtlPeripheralEnable</name>
         <load_address>0x2ac8</load_address>
         <run_address>0x2ac8</run_address>
         <size>0x34</size>
         <input_file_ref idref="fl-e7"/>
      </object_component>
      <object_component id="oc-23c">
         <name>.text</name>
         <load_address>0x2afc</load_address>
         <run_address>0x2afc</run_address>
         <size>0x2e</size>
         <input_file_ref idref="fl-dc"/>
      </object_component>
      <object_component id="oc-1c5">
         <name>.text:GPIODirModeSet</name>
         <load_address>0x2b2a</load_address>
         <run_address>0x2b2a</run_address>
         <size>0x2a</size>
         <input_file_ref idref="fl-e5"/>
      </object_component>
      <object_component id="oc-1cc">
         <name>.text:UARTDisable</name>
         <load_address>0x2b54</load_address>
         <run_address>0x2b54</run_address>
         <size>0x20</size>
         <input_file_ref idref="fl-e9"/>
      </object_component>
      <object_component id="oc-12e">
         <name>.text:SysTickIntRegister</name>
         <load_address>0x2b74</load_address>
         <run_address>0x2b74</run_address>
         <size>0x1c</size>
         <input_file_ref idref="fl-e8"/>
      </object_component>
      <object_component id="oc-25e">
         <name>.text</name>
         <load_address>0x2b90</load_address>
         <run_address>0x2b90</run_address>
         <size>0x1c</size>
         <input_file_ref idref="fl-de"/>
      </object_component>
      <object_component id="oc-176">
         <name>.text:GPIOPinTypeGPIOOutput</name>
         <load_address>0x2bac</load_address>
         <run_address>0x2bac</run_address>
         <size>0x18</size>
         <input_file_ref idref="fl-e5"/>
      </object_component>
      <object_component id="oc-69">
         <name>.text</name>
         <load_address>0x2bc4</load_address>
         <run_address>0x2bc4</run_address>
         <size>0x18</size>
         <input_file_ref idref="fl-ca"/>
      </object_component>
      <object_component id="oc-252">
         <name>.text</name>
         <load_address>0x2bdc</load_address>
         <run_address>0x2bdc</run_address>
         <size>0x16</size>
         <input_file_ref idref="fl-e1"/>
      </object_component>
      <object_component id="oc-13a">
         <name>.text:SysTickEnable</name>
         <load_address>0x2bf4</load_address>
         <run_address>0x2bf4</run_address>
         <size>0x14</size>
         <input_file_ref idref="fl-e8"/>
      </object_component>
      <object_component id="oc-134">
         <name>.text:SysTickIntEnable</name>
         <load_address>0x2c08</load_address>
         <run_address>0x2c08</run_address>
         <size>0x14</size>
         <input_file_ref idref="fl-e8"/>
      </object_component>
      <object_component id="oc-1d2">
         <name>.text:UARTEnable</name>
         <load_address>0x2c1c</load_address>
         <run_address>0x2c1c</run_address>
         <size>0x14</size>
         <input_file_ref idref="fl-e9"/>
      </object_component>
      <object_component id="oc-f8">
         <name>.text</name>
         <load_address>0x2c30</load_address>
         <run_address>0x2c30</run_address>
         <size>0x14</size>
         <input_file_ref idref="fl-c9"/>
      </object_component>
      <object_component id="oc-288">
         <name>.text</name>
         <load_address>0x2c44</load_address>
         <run_address>0x2c44</run_address>
         <size>0x14</size>
         <input_file_ref idref="fl-e4"/>
      </object_component>
      <object_component id="oc-217">
         <name>.text</name>
         <load_address>0x2c58</load_address>
         <run_address>0x2c58</run_address>
         <size>0x14</size>
         <input_file_ref idref="fl-e2"/>
      </object_component>
      <object_component id="oc-186">
         <name>.text:GPIOPinTypeGPIOInput</name>
         <load_address>0x2c6c</load_address>
         <run_address>0x2c6c</run_address>
         <size>0x12</size>
         <input_file_ref idref="fl-e5"/>
      </object_component>
      <object_component id="oc-151">
         <name>.text:GPIOPinTypeUART</name>
         <load_address>0x2c7e</load_address>
         <run_address>0x2c7e</run_address>
         <size>0x12</size>
         <input_file_ref idref="fl-e5"/>
      </object_component>
      <object_component id="oc-128">
         <name>.text:SysTickPeriodSet</name>
         <load_address>0x2c90</load_address>
         <run_address>0x2c90</run_address>
         <size>0x10</size>
         <input_file_ref idref="fl-e8"/>
      </object_component>
      <object_component id="oc-18">
         <name>.text:decompress:none</name>
         <load_address>0x2ca0</load_address>
         <run_address>0x2ca0</run_address>
         <size>0xe</size>
         <input_file_ref idref="fl-c1"/>
      </object_component>
      <object_component id="oc-1e">
         <name>.text:decompress:ZI</name>
         <load_address>0x2cae</load_address>
         <run_address>0x2cae</run_address>
         <size>0xc</size>
         <input_file_ref idref="fl-c2"/>
      </object_component>
      <object_component id="oc-2b">
         <name>.text</name>
         <load_address>0x2cba</load_address>
         <run_address>0x2cba</run_address>
         <size>0xc</size>
         <input_file_ref idref="fl-3"/>
      </object_component>
      <object_component id="oc-163">
         <name>.text:UARTCharGet</name>
         <load_address>0x2cc6</load_address>
         <run_address>0x2cc6</run_address>
         <size>0xa</size>
         <input_file_ref idref="fl-e9"/>
      </object_component>
      <object_component id="oc-15d">
         <name>.text:UARTCharPut</name>
         <load_address>0x2cd0</load_address>
         <run_address>0x2cd0</run_address>
         <size>0xa</size>
         <input_file_ref idref="fl-e9"/>
      </object_component>
      <object_component id="oc-192">
         <name>.text:GPIOPinRead</name>
         <load_address>0x2cda</load_address>
         <run_address>0x2cda</run_address>
         <size>0x6</size>
         <input_file_ref idref="fl-e5"/>
      </object_component>
      <object_component id="oc-17c">
         <name>.text:GPIOPinWrite</name>
         <load_address>0x2ce0</load_address>
         <run_address>0x2ce0</run_address>
         <size>0x6</size>
         <input_file_ref idref="fl-e5"/>
      </object_component>
      <object_component id="oc-11b">
         <name>.text:SysCtlDelay</name>
         <load_address>0x2ce6</load_address>
         <run_address>0x2ce6</run_address>
         <size>0x6</size>
         <input_file_ref idref="fl-e7"/>
      </object_component>
      <object_component id="oc-5d">
         <name>.text</name>
         <load_address>0x2cec</load_address>
         <run_address>0x2cec</run_address>
         <size>0x4</size>
         <input_file_ref idref="fl-c7"/>
      </object_component>
      <object_component id="oc-295">
         <name>.const:.string:_ctypes_</name>
         <load_address>0x2cf0</load_address>
         <run_address>0x2cf0</run_address>
         <size>0x101</size>
         <input_file_ref idref="fl-d6"/>
      </object_component>
      <object_component id="oc-1c0">
         <name>.const:g_pui32GPIOBaseAddrs</name>
         <load_address>0x2df4</load_address>
         <run_address>0x2df4</run_address>
         <size>0x90</size>
         <input_file_ref idref="fl-e5"/>
      </object_component>
      <object_component id="oc-1a8">
         <name>.const:g_pui32Xtals</name>
         <load_address>0x2e84</load_address>
         <run_address>0x2e84</run_address>
         <size>0x6c</size>
         <input_file_ref idref="fl-e7"/>
      </object_component>
      <object_component id="oc-2db">
         <name>.cinit..data.load</name>
         <load_address>0x2ef0</load_address>
         <run_address>0x2ef0</run_address>
         <size>0x12</size>
      </object_component>
      <object_component id="oc-2d8">
         <name>__TI_handler_table</name>
         <load_address>0x2f04</load_address>
         <run_address>0x2f04</run_address>
         <size>0xc</size>
      </object_component>
      <object_component id="oc-2dc">
         <name>.cinit..bss.load</name>
         <load_address>0x2f10</load_address>
         <run_address>0x2f10</run_address>
         <size>0x8</size>
      </object_component>
      <object_component id="oc-2da">
         <name>.cinit..vtable.load</name>
         <load_address>0x2f18</load_address>
         <run_address>0x2f18</run_address>
         <size>0x8</size>
      </object_component>
      <object_component id="oc-2d9">
         <name>__TI_cinit_table</name>
         <load_address>0x2f20</load_address>
         <run_address>0x2f20</run_address>
         <size>0x18</size>
      </object_component>
      <object_component id="oc-209">
         <name>.vtable</name>
         <uninitialized>true</uninitialized>
         <run_address>0x20000000</run_address>
         <size>0x26c</size>
         <input_file_ref idref="fl-e6"/>
      </object_component>
      <object_component id="oc-e8">
         <name>.data</name>
         <load_address>0x20000514</load_address>
         <run_address>0x20000514</run_address>
         <size>0x1</size>
         <input_file_ref idref="fl-2"/>
      </object_component>
      <object_component id="oc-af">
         <name>.data:$O1$$</name>
         <load_address>0x200004f0</load_address>
         <run_address>0x200004f0</run_address>
         <size>0xc</size>
         <input_file_ref idref="fl-c3"/>
      </object_component>
      <object_component id="oc-75">
         <name>.data</name>
         <load_address>0x20000510</load_address>
         <run_address>0x20000510</run_address>
         <size>0x4</size>
         <input_file_ref idref="fl-c8"/>
      </object_component>
      <object_component id="oc-b2">
         <name>.data:$O1$$</name>
         <load_address>0x200004fc</load_address>
         <run_address>0x200004fc</run_address>
         <size>0x8</size>
         <input_file_ref idref="fl-c9"/>
      </object_component>
      <object_component id="oc-110">
         <name>.data</name>
         <load_address>0x20000504</load_address>
         <run_address>0x20000504</run_address>
         <size>0x8</size>
         <input_file_ref idref="fl-ce"/>
      </object_component>
      <object_component id="oc-182">
         <name>.data</name>
         <load_address>0x20000515</load_address>
         <run_address>0x20000515</run_address>
         <size>0x1</size>
         <input_file_ref idref="fl-cf"/>
      </object_component>
      <object_component id="oc-198">
         <name>.data</name>
         <load_address>0x20000516</load_address>
         <run_address>0x20000516</run_address>
         <size>0x1</size>
         <input_file_ref idref="fl-d0"/>
      </object_component>
      <object_component id="oc-28e">
         <name>.data</name>
         <load_address>0x2000050c</load_address>
         <run_address>0x2000050c</run_address>
         <size>0x4</size>
         <input_file_ref idref="fl-e3"/>
      </object_component>
      <object_component id="oc-140">
         <name>.bss</name>
         <uninitialized>true</uninitialized>
         <run_address>0x200004ec</run_address>
         <size>0x4</size>
         <input_file_ref idref="fl-ce"/>
      </object_component>
      <object_component id="oc-113">
         <name>.bss:callbackHeap</name>
         <uninitialized>true</uninitialized>
         <run_address>0x2000046c</run_address>
         <size>0x80</size>
         <input_file_ref idref="fl-ce"/>
      </object_component>
      <object_component id="oc-2a">
         <name>.stack</name>
         <uninitialized>true</uninitialized>
         <run_address>0x2000026c</run_address>
         <size>0x0</size>
         <input_file_ref idref="fl-bf"/>
      </object_component>
      <object_component id="oc-2dd">
         <name>.stack</name>
         <uninitialized>true</uninitialized>
         <run_address>0x2000026c</run_address>
         <size>0x0</size>
      </object_component>
      <object_component id="oc-ee">
         <name>.debug_info</name>
         <load_address>0x0</load_address>
         <run_address>0x0</run_address>
         <size>0x1b4</size>
         <input_file_ref idref="fl-2"/>
      </object_component>
      <object_component id="oc-a8">
         <name>.debug_info</name>
         <load_address>0x1b4</load_address>
         <run_address>0x1b4</run_address>
         <size>0x2a1</size>
         <input_file_ref idref="fl-2"/>
      </object_component>
      <object_component id="oc-ea">
         <name>.debug_info</name>
         <load_address>0x455</load_address>
         <run_address>0x455</run_address>
         <size>0x3b</size>
         <input_file_ref idref="fl-2"/>
      </object_component>
      <object_component id="oc-1f0">
         <name>.debug_info</name>
         <load_address>0x490</load_address>
         <run_address>0x490</run_address>
         <size>0xc8</size>
         <input_file_ref idref="fl-2"/>
      </object_component>
      <object_component id="oc-ba">
         <name>.debug_info</name>
         <load_address>0x558</load_address>
         <run_address>0x558</run_address>
         <size>0x8b</size>
         <input_file_ref idref="fl-2"/>
      </object_component>
      <object_component id="oc-7c">
         <name>.debug_info</name>
         <load_address>0x5e3</load_address>
         <run_address>0x5e3</run_address>
         <size>0x18b</size>
         <input_file_ref idref="fl-2"/>
      </object_component>
      <object_component id="oc-171">
         <name>.debug_info</name>
         <load_address>0x76e</load_address>
         <run_address>0x76e</run_address>
         <size>0x4e</size>
         <input_file_ref idref="fl-2"/>
      </object_component>
      <object_component id="oc-33">
         <name>.debug_info</name>
         <load_address>0x7bc</load_address>
         <run_address>0x7bc</run_address>
         <size>0x107</size>
         <input_file_ref idref="fl-3"/>
      </object_component>
      <object_component id="oc-10">
         <name>.debug_info</name>
         <load_address>0x8c3</load_address>
         <run_address>0x8c3</run_address>
         <size>0xf2</size>
         <input_file_ref idref="fl-3"/>
      </object_component>
      <object_component id="oc-2c">
         <name>.debug_info</name>
         <load_address>0x9b5</load_address>
         <run_address>0x9b5</run_address>
         <size>0x26e</size>
         <input_file_ref idref="fl-3"/>
      </object_component>
      <object_component id="oc-3a">
         <name>.debug_info</name>
         <load_address>0xc23</load_address>
         <run_address>0xc23</run_address>
         <size>0x84</size>
         <input_file_ref idref="fl-3"/>
      </object_component>
      <object_component id="oc-25">
         <name>.debug_info</name>
         <load_address>0xca7</load_address>
         <run_address>0xca7</run_address>
         <size>0x160</size>
         <input_file_ref idref="fl-bf"/>
      </object_component>
      <object_component id="oc-86">
         <name>.debug_info</name>
         <load_address>0xe07</load_address>
         <run_address>0xe07</run_address>
         <size>0xf9</size>
         <input_file_ref idref="fl-c0"/>
      </object_component>
      <object_component id="oc-13">
         <name>.debug_info</name>
         <load_address>0xf00</load_address>
         <run_address>0xf00</run_address>
         <size>0x245</size>
         <input_file_ref idref="fl-c0"/>
      </object_component>
      <object_component id="oc-35">
         <name>.debug_info</name>
         <load_address>0x1145</load_address>
         <run_address>0x1145</run_address>
         <size>0x60</size>
         <input_file_ref idref="fl-c0"/>
      </object_component>
      <object_component id="oc-81">
         <name>.debug_info</name>
         <load_address>0x11a5</load_address>
         <run_address>0x11a5</run_address>
         <size>0x46</size>
         <input_file_ref idref="fl-c0"/>
      </object_component>
      <object_component id="oc-4a">
         <name>.debug_info</name>
         <load_address>0x11eb</load_address>
         <run_address>0x11eb</run_address>
         <size>0x140</size>
         <input_file_ref idref="fl-c1"/>
      </object_component>
      <object_component id="oc-19">
         <name>.debug_info</name>
         <load_address>0x132b</load_address>
         <run_address>0x132b</run_address>
         <size>0x1df</size>
         <input_file_ref idref="fl-c1"/>
      </object_component>
      <object_component id="oc-45">
         <name>.debug_info</name>
         <load_address>0x150a</load_address>
         <run_address>0x150a</run_address>
         <size>0x46</size>
         <input_file_ref idref="fl-c1"/>
      </object_component>
      <object_component id="oc-88">
         <name>.debug_info</name>
         <load_address>0x1550</load_address>
         <run_address>0x1550</run_address>
         <size>0x2c</size>
         <input_file_ref idref="fl-c1"/>
      </object_component>
      <object_component id="oc-56">
         <name>.debug_info</name>
         <load_address>0x157c</load_address>
         <run_address>0x157c</run_address>
         <size>0x12f</size>
         <input_file_ref idref="fl-c2"/>
      </object_component>
      <object_component id="oc-1f">
         <name>.debug_info</name>
         <load_address>0x16ab</load_address>
         <run_address>0x16ab</run_address>
         <size>0x1aa</size>
         <input_file_ref idref="fl-c2"/>
      </object_component>
      <object_component id="oc-51">
         <name>.debug_info</name>
         <load_address>0x1855</load_address>
         <run_address>0x1855</run_address>
         <size>0x46</size>
         <input_file_ref idref="fl-c2"/>
      </object_component>
      <object_component id="oc-90">
         <name>.debug_info</name>
         <load_address>0x189b</load_address>
         <run_address>0x189b</run_address>
         <size>0x2c</size>
         <input_file_ref idref="fl-c2"/>
      </object_component>
      <object_component id="oc-b6">
         <name>.debug_info</name>
         <load_address>0x18c7</load_address>
         <run_address>0x18c7</run_address>
         <size>0x234</size>
         <input_file_ref idref="fl-c3"/>
      </object_component>
      <object_component id="oc-b0">
         <name>.debug_info</name>
         <load_address>0x1afb</load_address>
         <run_address>0x1afb</run_address>
         <size>0x185</size>
         <input_file_ref idref="fl-c3"/>
      </object_component>
      <object_component id="oc-70">
         <name>.debug_info</name>
         <load_address>0x1c80</load_address>
         <run_address>0x1c80</run_address>
         <size>0x214</size>
         <input_file_ref idref="fl-c3"/>
      </object_component>
      <object_component id="oc-40">
         <name>.debug_info</name>
         <load_address>0x1e94</load_address>
         <run_address>0x1e94</run_address>
         <size>0x111</size>
         <input_file_ref idref="fl-c4"/>
      </object_component>
      <object_component id="oc-4c">
         <name>.debug_info</name>
         <load_address>0x1fa5</load_address>
         <run_address>0x1fa5</run_address>
         <size>0x13f</size>
         <input_file_ref idref="fl-c5"/>
      </object_component>
      <object_component id="oc-58">
         <name>.debug_info</name>
         <load_address>0x20e4</load_address>
         <run_address>0x20e4</run_address>
         <size>0x138</size>
         <input_file_ref idref="fl-c6"/>
      </object_component>
      <object_component id="oc-5e">
         <name>.debug_info</name>
         <load_address>0x221c</load_address>
         <run_address>0x221c</run_address>
         <size>0x148</size>
         <input_file_ref idref="fl-c7"/>
      </object_component>
      <object_component id="oc-76">
         <name>.debug_info</name>
         <load_address>0x2364</load_address>
         <run_address>0x2364</run_address>
         <size>0x109</size>
         <input_file_ref idref="fl-c8"/>
      </object_component>
      <object_component id="oc-100">
         <name>.debug_info</name>
         <load_address>0x246d</load_address>
         <run_address>0x246d</run_address>
         <size>0x124</size>
         <input_file_ref idref="fl-c9"/>
      </object_component>
      <object_component id="oc-b3">
         <name>.debug_info</name>
         <load_address>0x2591</load_address>
         <run_address>0x2591</run_address>
         <size>0x113</size>
         <input_file_ref idref="fl-c9"/>
      </object_component>
      <object_component id="oc-f9">
         <name>.debug_info</name>
         <load_address>0x26a4</load_address>
         <run_address>0x26a4</run_address>
         <size>0x21f</size>
         <input_file_ref idref="fl-c9"/>
      </object_component>
      <object_component id="oc-ae">
         <name>.debug_info</name>
         <load_address>0x28c3</load_address>
         <run_address>0x28c3</run_address>
         <size>0x166</size>
         <input_file_ref idref="fl-ca"/>
      </object_component>
      <object_component id="oc-6a">
         <name>.debug_info</name>
         <load_address>0x2a29</load_address>
         <run_address>0x2a29</run_address>
         <size>0x167</size>
         <input_file_ref idref="fl-ca"/>
      </object_component>
      <object_component id="oc-f1">
         <name>.debug_info</name>
         <load_address>0x2b90</load_address>
         <run_address>0x2b90</run_address>
         <size>0x5e</size>
         <input_file_ref idref="fl-ca"/>
      </object_component>
      <object_component id="oc-a6">
         <name>.debug_info</name>
         <load_address>0x2bee</load_address>
         <run_address>0x2bee</run_address>
         <size>0x2e9</size>
         <input_file_ref idref="fl-cb"/>
      </object_component>
      <object_component id="oc-64">
         <name>.debug_info</name>
         <load_address>0x2ed7</load_address>
         <run_address>0x2ed7</run_address>
         <size>0x190</size>
         <input_file_ref idref="fl-cb"/>
      </object_component>
      <object_component id="oc-c6">
         <name>.debug_info</name>
         <load_address>0x3067</load_address>
         <run_address>0x3067</run_address>
         <size>0x39</size>
         <input_file_ref idref="fl-cb"/>
      </object_component>
      <object_component id="oc-10b">
         <name>.debug_info</name>
         <load_address>0x30a0</load_address>
         <run_address>0x30a0</run_address>
         <size>0x39</size>
         <input_file_ref idref="fl-cb"/>
      </object_component>
      <object_component id="oc-cb">
         <name>.debug_info</name>
         <load_address>0x30d9</load_address>
         <run_address>0x30d9</run_address>
         <size>0xcd</size>
         <input_file_ref idref="fl-cb"/>
      </object_component>
      <object_component id="oc-c2">
         <name>.debug_info</name>
         <load_address>0x31a6</load_address>
         <run_address>0x31a6</run_address>
         <size>0x1e0</size>
         <input_file_ref idref="fl-cc"/>
      </object_component>
      <object_component id="oc-9a">
         <name>.debug_info</name>
         <load_address>0x3386</load_address>
         <run_address>0x3386</run_address>
         <size>0x183</size>
         <input_file_ref idref="fl-cc"/>
      </object_component>
      <object_component id="oc-106">
         <name>.debug_info</name>
         <load_address>0x3509</load_address>
         <run_address>0x3509</run_address>
         <size>0x2c</size>
         <input_file_ref idref="fl-cc"/>
      </object_component>
      <object_component id="oc-a0">
         <name>.debug_info</name>
         <load_address>0x3535</load_address>
         <run_address>0x3535</run_address>
         <size>0x145</size>
         <input_file_ref idref="fl-cd"/>
      </object_component>
      <object_component id="oc-144">
         <name>.debug_info</name>
         <load_address>0x367a</load_address>
         <run_address>0x367a</run_address>
         <size>0x28c</size>
         <input_file_ref idref="fl-ce"/>
      </object_component>
      <object_component id="oc-141">
         <name>.debug_info</name>
         <load_address>0x3906</load_address>
         <run_address>0x3906</run_address>
         <size>0xd5</size>
         <input_file_ref idref="fl-ce"/>
      </object_component>
      <object_component id="oc-111">
         <name>.debug_info</name>
         <load_address>0x39db</load_address>
         <run_address>0x39db</run_address>
         <size>0x101</size>
         <input_file_ref idref="fl-ce"/>
      </object_component>
      <object_component id="oc-114">
         <name>.debug_info</name>
         <load_address>0x3adc</load_address>
         <run_address>0x3adc</run_address>
         <size>0xdb</size>
         <input_file_ref idref="fl-ce"/>
      </object_component>
      <object_component id="oc-d1">
         <name>.debug_info</name>
         <load_address>0x3bb7</load_address>
         <run_address>0x3bb7</run_address>
         <size>0x9cc</size>
         <input_file_ref idref="fl-ce"/>
      </object_component>
      <object_component id="oc-1bb">
         <name>.debug_info</name>
         <load_address>0x4583</load_address>
         <run_address>0x4583</run_address>
         <size>0x51</size>
         <input_file_ref idref="fl-ce"/>
      </object_component>
      <object_component id="oc-183">
         <name>.debug_info</name>
         <load_address>0x45d4</load_address>
         <run_address>0x45d4</run_address>
         <size>0xd3</size>
         <input_file_ref idref="fl-cf"/>
      </object_component>
      <object_component id="oc-dd">
         <name>.debug_info</name>
         <load_address>0x46a7</load_address>
         <run_address>0x46a7</run_address>
         <size>0x2a3</size>
         <input_file_ref idref="fl-cf"/>
      </object_component>
      <object_component id="oc-199">
         <name>.debug_info</name>
         <load_address>0x494a</load_address>
         <run_address>0x494a</run_address>
         <size>0xda</size>
         <input_file_ref idref="fl-d0"/>
      </object_component>
      <object_component id="oc-e3">
         <name>.debug_info</name>
         <load_address>0x4a24</load_address>
         <run_address>0x4a24</run_address>
         <size>0x23b</size>
         <input_file_ref idref="fl-d0"/>
      </object_component>
      <object_component id="oc-170">
         <name>.debug_info</name>
         <load_address>0x4c5f</load_address>
         <run_address>0x4c5f</run_address>
         <size>0x280</size>
         <input_file_ref idref="fl-d1"/>
      </object_component>
      <object_component id="oc-d7">
         <name>.debug_info</name>
         <load_address>0x4edf</load_address>
         <run_address>0x4edf</run_address>
         <size>0x3d8</size>
         <input_file_ref idref="fl-d1"/>
      </object_component>
      <object_component id="oc-117">
         <name>.debug_info</name>
         <load_address>0x52b7</load_address>
         <run_address>0x52b7</run_address>
         <size>0x17d</size>
         <input_file_ref idref="fl-d2"/>
      </object_component>
      <object_component id="oc-1e3">
         <name>.debug_info</name>
         <load_address>0x5434</load_address>
         <run_address>0x5434</run_address>
         <size>0x1c8</size>
         <input_file_ref idref="fl-d3"/>
      </object_component>
      <object_component id="oc-16a">
         <name>.debug_info</name>
         <load_address>0x55fc</load_address>
         <run_address>0x55fc</run_address>
         <size>0x35c</size>
         <input_file_ref idref="fl-d3"/>
      </object_component>
      <object_component id="oc-1e4">
         <name>.debug_info</name>
         <load_address>0x5958</load_address>
         <run_address>0x5958</run_address>
         <size>0x2c</size>
         <input_file_ref idref="fl-d3"/>
      </object_component>
      <object_component id="oc-1e9">
         <name>.debug_info</name>
         <load_address>0x5984</load_address>
         <run_address>0x5984</run_address>
         <size>0x69</size>
         <input_file_ref idref="fl-d3"/>
      </object_component>
      <object_component id="oc-265">
         <name>.debug_info</name>
         <load_address>0x59ed</load_address>
         <run_address>0x59ed</run_address>
         <size>0x385</size>
         <input_file_ref idref="fl-d4"/>
      </object_component>
      <object_component id="oc-1dd">
         <name>.debug_info</name>
         <load_address>0x5d72</load_address>
         <run_address>0x5d72</run_address>
         <size>0x1543</size>
         <input_file_ref idref="fl-d4"/>
      </object_component>
      <object_component id="oc-266">
         <name>.debug_info</name>
         <load_address>0x72b5</load_address>
         <run_address>0x72b5</run_address>
         <size>0x86</size>
         <input_file_ref idref="fl-d4"/>
      </object_component>
      <object_component id="oc-29e">
         <name>.debug_info</name>
         <load_address>0x733b</load_address>
         <run_address>0x733b</run_address>
         <size>0x46</size>
         <input_file_ref idref="fl-d4"/>
      </object_component>
      <object_component id="oc-26b">
         <name>.debug_info</name>
         <load_address>0x7381</load_address>
         <run_address>0x7381</run_address>
         <size>0x39</size>
         <input_file_ref idref="fl-d4"/>
      </object_component>
      <object_component id="oc-299">
         <name>.debug_info</name>
         <load_address>0x73ba</load_address>
         <run_address>0x73ba</run_address>
         <size>0x114</size>
         <input_file_ref idref="fl-d5"/>
      </object_component>
      <object_component id="oc-259">
         <name>.debug_info</name>
         <load_address>0x74ce</load_address>
         <run_address>0x74ce</run_address>
         <size>0x171</size>
         <input_file_ref idref="fl-d5"/>
      </object_component>
      <object_component id="oc-2b2">
         <name>.debug_info</name>
         <load_address>0x763f</load_address>
         <run_address>0x763f</run_address>
         <size>0xee</size>
         <input_file_ref idref="fl-d6"/>
      </object_component>
      <object_component id="oc-296">
         <name>.debug_info</name>
         <load_address>0x772d</load_address>
         <run_address>0x772d</run_address>
         <size>0xfa</size>
         <input_file_ref idref="fl-d6"/>
      </object_component>
      <object_component id="oc-242">
         <name>.debug_info</name>
         <load_address>0x7827</load_address>
         <run_address>0x7827</run_address>
         <size>0x144</size>
         <input_file_ref idref="fl-d7"/>
      </object_component>
      <object_component id="oc-21e">
         <name>.debug_info</name>
         <load_address>0x796b</load_address>
         <run_address>0x796b</run_address>
         <size>0x120</size>
         <input_file_ref idref="fl-d8"/>
      </object_component>
      <object_component id="oc-22d">
         <name>.debug_info</name>
         <load_address>0x7a8b</load_address>
         <run_address>0x7a8b</run_address>
         <size>0x122</size>
         <input_file_ref idref="fl-d8"/>
      </object_component>
      <object_component id="oc-228">
         <name>.debug_info</name>
         <load_address>0x7bad</load_address>
         <run_address>0x7bad</run_address>
         <size>0x132</size>
         <input_file_ref idref="fl-d9"/>
      </object_component>
      <object_component id="oc-223">
         <name>.debug_info</name>
         <load_address>0x7cdf</load_address>
         <run_address>0x7cdf</run_address>
         <size>0x132</size>
         <input_file_ref idref="fl-da"/>
      </object_component>
      <object_component id="oc-232">
         <name>.debug_info</name>
         <load_address>0x7e11</load_address>
         <run_address>0x7e11</run_address>
         <size>0x126</size>
         <input_file_ref idref="fl-db"/>
      </object_component>
      <object_component id="oc-23d">
         <name>.debug_info</name>
         <load_address>0x7f37</load_address>
         <run_address>0x7f37</run_address>
         <size>0x124</size>
         <input_file_ref idref="fl-dc"/>
      </object_component>
      <object_component id="oc-27e">
         <name>.debug_info</name>
         <load_address>0x805b</load_address>
         <run_address>0x805b</run_address>
         <size>0x14c</size>
         <input_file_ref idref="fl-dd"/>
      </object_component>
      <object_component id="oc-237">
         <name>.debug_info</name>
         <load_address>0x81a7</load_address>
         <run_address>0x81a7</run_address>
         <size>0x1c2</size>
         <input_file_ref idref="fl-dd"/>
      </object_component>
      <object_component id="oc-29b">
         <name>.debug_info</name>
         <load_address>0x8369</load_address>
         <run_address>0x8369</run_address>
         <size>0xf1</size>
         <input_file_ref idref="fl-de"/>
      </object_component>
      <object_component id="oc-25f">
         <name>.debug_info</name>
         <load_address>0x845a</load_address>
         <run_address>0x845a</run_address>
         <size>0x1ab</size>
         <input_file_ref idref="fl-de"/>
      </object_component>
      <object_component id="oc-282">
         <name>.debug_info</name>
         <load_address>0x8605</load_address>
         <run_address>0x8605</run_address>
         <size>0x13f</size>
         <input_file_ref idref="fl-df"/>
      </object_component>
      <object_component id="oc-247">
         <name>.debug_info</name>
         <load_address>0x8744</load_address>
         <run_address>0x8744</run_address>
         <size>0x18a</size>
         <input_file_ref idref="fl-df"/>
      </object_component>
      <object_component id="oc-283">
         <name>.debug_info</name>
         <load_address>0x88ce</load_address>
         <run_address>0x88ce</run_address>
         <size>0x2c</size>
         <input_file_ref idref="fl-df"/>
      </object_component>
      <object_component id="oc-292">
         <name>.debug_info</name>
         <load_address>0x88fa</load_address>
         <run_address>0x88fa</run_address>
         <size>0x17c</size>
         <input_file_ref idref="fl-e0"/>
      </object_component>
      <object_component id="oc-24d">
         <name>.debug_info</name>
         <load_address>0x8a76</load_address>
         <run_address>0x8a76</run_address>
         <size>0x1d5</size>
         <input_file_ref idref="fl-e0"/>
      </object_component>
      <object_component id="oc-294">
         <name>.debug_info</name>
         <load_address>0x8c4b</load_address>
         <run_address>0x8c4b</run_address>
         <size>0xf5</size>
         <input_file_ref idref="fl-e1"/>
      </object_component>
      <object_component id="oc-253">
         <name>.debug_info</name>
         <load_address>0x8d40</load_address>
         <run_address>0x8d40</run_address>
         <size>0x244</size>
         <input_file_ref idref="fl-e1"/>
      </object_component>
      <object_component id="oc-277">
         <name>.debug_info</name>
         <load_address>0x8f84</load_address>
         <run_address>0x8f84</run_address>
         <size>0xea</size>
         <input_file_ref idref="fl-e2"/>
      </object_component>
      <object_component id="oc-218">
         <name>.debug_info</name>
         <load_address>0x906e</load_address>
         <run_address>0x906e</run_address>
         <size>0x22a</size>
         <input_file_ref idref="fl-e2"/>
      </object_component>
      <object_component id="oc-28f">
         <name>.debug_info</name>
         <load_address>0x9298</load_address>
         <run_address>0x9298</run_address>
         <size>0xf3</size>
         <input_file_ref idref="fl-e3"/>
      </object_component>
      <object_component id="oc-289">
         <name>.debug_info</name>
         <load_address>0x938b</load_address>
         <run_address>0x938b</run_address>
         <size>0x156</size>
         <input_file_ref idref="fl-e4"/>
      </object_component>
      <object_component id="oc-1c4">
         <name>.debug_info</name>
         <load_address>0x94e1</load_address>
         <run_address>0x94e1</run_address>
         <size>0x230</size>
         <input_file_ref idref="fl-e5"/>
      </object_component>
      <object_component id="oc-1c1">
         <name>.debug_info</name>
         <load_address>0x9711</load_address>
         <run_address>0x9711</run_address>
         <size>0x15b</size>
         <input_file_ref idref="fl-e5"/>
      </object_component>
      <object_component id="oc-17d">
         <name>.debug_info</name>
         <load_address>0x986c</load_address>
         <run_address>0x986c</run_address>
         <size>0x2a3</size>
         <input_file_ref idref="fl-e5"/>
      </object_component>
      <object_component id="oc-1c6">
         <name>.debug_info</name>
         <load_address>0x9b0f</load_address>
         <run_address>0x9b0f</run_address>
         <size>0x2b3</size>
         <input_file_ref idref="fl-e5"/>
      </object_component>
      <object_component id="oc-18d">
         <name>.debug_info</name>
         <load_address>0x9dc2</load_address>
         <run_address>0x9dc2</run_address>
         <size>0x316</size>
         <input_file_ref idref="fl-e5"/>
      </object_component>
      <object_component id="oc-152">
         <name>.debug_info</name>
         <load_address>0xa0d8</load_address>
         <run_address>0xa0d8</run_address>
         <size>0x27b</size>
         <input_file_ref idref="fl-e5"/>
      </object_component>
      <object_component id="oc-177">
         <name>.debug_info</name>
         <load_address>0xa353</load_address>
         <run_address>0xa353</run_address>
         <size>0x2b7</size>
         <input_file_ref idref="fl-e5"/>
      </object_component>
      <object_component id="oc-187">
         <name>.debug_info</name>
         <load_address>0xa60a</load_address>
         <run_address>0xa60a</run_address>
         <size>0x285</size>
         <input_file_ref idref="fl-e5"/>
      </object_component>
      <object_component id="oc-193">
         <name>.debug_info</name>
         <load_address>0xa88f</load_address>
         <run_address>0xa88f</run_address>
         <size>0x27b</size>
         <input_file_ref idref="fl-e5"/>
      </object_component>
      <object_component id="oc-14c">
         <name>.debug_info</name>
         <load_address>0xab0a</load_address>
         <run_address>0xab0a</run_address>
         <size>0x280</size>
         <input_file_ref idref="fl-e5"/>
      </object_component>
      <object_component id="oc-20d">
         <name>.debug_info</name>
         <load_address>0xad8a</load_address>
         <run_address>0xad8a</run_address>
         <size>0x20e</size>
         <input_file_ref idref="fl-e6"/>
      </object_component>
      <object_component id="oc-20a">
         <name>.debug_info</name>
         <load_address>0xaf98</load_address>
         <run_address>0xaf98</run_address>
         <size>0x157</size>
         <input_file_ref idref="fl-e6"/>
      </object_component>
      <object_component id="oc-1af">
         <name>.debug_info</name>
         <load_address>0xb0ef</load_address>
         <run_address>0xb0ef</run_address>
         <size>0x2c1</size>
         <input_file_ref idref="fl-e6"/>
      </object_component>
      <object_component id="oc-1a7">
         <name>.debug_info</name>
         <load_address>0xb3b0</load_address>
         <run_address>0xb3b0</run_address>
         <size>0x298</size>
         <input_file_ref idref="fl-e7"/>
      </object_component>
      <object_component id="oc-1a9">
         <name>.debug_info</name>
         <load_address>0xb648</load_address>
         <run_address>0xb648</run_address>
         <size>0x14d</size>
         <input_file_ref idref="fl-e7"/>
      </object_component>
      <object_component id="oc-146">
         <name>.debug_info</name>
         <load_address>0xb795</load_address>
         <run_address>0xb795</run_address>
         <size>0x27d</size>
         <input_file_ref idref="fl-e7"/>
      </object_component>
      <object_component id="oc-11d">
         <name>.debug_info</name>
         <load_address>0xba12</load_address>
         <run_address>0xba12</run_address>
         <size>0x2db</size>
         <input_file_ref idref="fl-e7"/>
      </object_component>
      <object_component id="oc-123">
         <name>.debug_info</name>
         <load_address>0xbced</load_address>
         <run_address>0xbced</run_address>
         <size>0x2b5</size>
         <input_file_ref idref="fl-e7"/>
      </object_component>
      <object_component id="oc-200">
         <name>.debug_info</name>
         <load_address>0xbfa2</load_address>
         <run_address>0xbfa2</run_address>
         <size>0x5f</size>
         <input_file_ref idref="fl-e7"/>
      </object_component>
      <object_component id="oc-1ad">
         <name>.debug_info</name>
         <load_address>0xc001</load_address>
         <run_address>0xc001</run_address>
         <size>0x19d</size>
         <input_file_ref idref="fl-e8"/>
      </object_component>
      <object_component id="oc-129">
         <name>.debug_info</name>
         <load_address>0xc19e</load_address>
         <run_address>0xc19e</run_address>
         <size>0x261</size>
         <input_file_ref idref="fl-e8"/>
      </object_component>
      <object_component id="oc-12f">
         <name>.debug_info</name>
         <load_address>0xc3ff</load_address>
         <run_address>0xc3ff</run_address>
         <size>0x277</size>
         <input_file_ref idref="fl-e8"/>
      </object_component>
      <object_component id="oc-135">
         <name>.debug_info</name>
         <load_address>0xc676</load_address>
         <run_address>0xc676</run_address>
         <size>0x227</size>
         <input_file_ref idref="fl-e8"/>
      </object_component>
      <object_component id="oc-13b">
         <name>.debug_info</name>
         <load_address>0xc89d</load_address>
         <run_address>0xc89d</run_address>
         <size>0x221</size>
         <input_file_ref idref="fl-e8"/>
      </object_component>
      <object_component id="oc-1d9">
         <name>.debug_info</name>
         <load_address>0xcabe</load_address>
         <run_address>0xcabe</run_address>
         <size>0x227</size>
         <input_file_ref idref="fl-e9"/>
      </object_component>
      <object_component id="oc-1d3">
         <name>.debug_info</name>
         <load_address>0xcce5</load_address>
         <run_address>0xcce5</run_address>
         <size>0x247</size>
         <input_file_ref idref="fl-e9"/>
      </object_component>
      <object_component id="oc-1cd">
         <name>.debug_info</name>
         <load_address>0xcf2c</load_address>
         <run_address>0xcf2c</run_address>
         <size>0x249</size>
         <input_file_ref idref="fl-e9"/>
      </object_component>
      <object_component id="oc-158">
         <name>.debug_info</name>
         <load_address>0xd175</load_address>
         <run_address>0xd175</run_address>
         <size>0x326</size>
         <input_file_ref idref="fl-e9"/>
      </object_component>
      <object_component id="oc-15e">
         <name>.debug_info</name>
         <load_address>0xd49b</load_address>
         <run_address>0xd49b</run_address>
         <size>0x273</size>
         <input_file_ref idref="fl-e9"/>
      </object_component>
      <object_component id="oc-164">
         <name>.debug_info</name>
         <load_address>0xd70e</load_address>
         <run_address>0xd70e</run_address>
         <size>0x24d</size>
         <input_file_ref idref="fl-e9"/>
      </object_component>
      <object_component id="oc-2de">
         <name>.debug_info</name>
         <load_address>0xd95b</load_address>
         <run_address>0xd95b</run_address>
         <size>0xa8</size>
      </object_component>
      <object_component id="oc-19d">
         <name>.debug_line</name>
         <load_address>0x0</load_address>
         <run_address>0x0</run_address>
         <size>0x5a</size>
         <input_file_ref idref="fl-2"/>
      </object_component>
      <object_component id="oc-ab">
         <name>.debug_line</name>
         <load_address>0x5a</load_address>
         <run_address>0x5a</run_address>
         <size>0x98</size>
         <input_file_ref idref="fl-2"/>
      </object_component>
      <object_component id="oc-ec">
         <name>.debug_line</name>
         <load_address>0xf2</load_address>
         <run_address>0xf2</run_address>
         <size>0x2d</size>
         <input_file_ref idref="fl-2"/>
      </object_component>
      <object_component id="oc-1f3">
         <name>.debug_line</name>
         <load_address>0x11f</load_address>
         <run_address>0x11f</run_address>
         <size>0x6f</size>
         <input_file_ref idref="fl-2"/>
      </object_component>
      <object_component id="oc-bd">
         <name>.debug_line</name>
         <load_address>0x18e</load_address>
         <run_address>0x18e</run_address>
         <size>0x20</size>
         <input_file_ref idref="fl-2"/>
      </object_component>
      <object_component id="oc-7f">
         <name>.debug_line</name>
         <load_address>0x1ae</load_address>
         <run_address>0x1ae</run_address>
         <size>0x70</size>
         <input_file_ref idref="fl-2"/>
      </object_component>
      <object_component id="oc-174">
         <name>.debug_line</name>
         <load_address>0x21e</load_address>
         <run_address>0x21e</run_address>
         <size>0x70</size>
         <input_file_ref idref="fl-2"/>
      </object_component>
      <object_component id="oc-7b">
         <name>.debug_line</name>
         <load_address>0x28e</load_address>
         <run_address>0x28e</run_address>
         <size>0x41</size>
         <input_file_ref idref="fl-3"/>
      </object_component>
      <object_component id="oc-32">
         <name>.debug_line</name>
         <load_address>0x2cf</load_address>
         <run_address>0x2cf</run_address>
         <size>0x41</size>
         <input_file_ref idref="fl-3"/>
      </object_component>
      <object_component id="oc-2f">
         <name>.debug_line</name>
         <load_address>0x310</load_address>
         <run_address>0x310</run_address>
         <size>0x9b</size>
         <input_file_ref idref="fl-3"/>
      </object_component>
      <object_component id="oc-3d">
         <name>.debug_line</name>
         <load_address>0x3ab</load_address>
         <run_address>0x3ab</run_address>
         <size>0x20</size>
         <input_file_ref idref="fl-3"/>
      </object_component>
      <object_component id="oc-28">
         <name>.debug_line</name>
         <load_address>0x3cb</load_address>
         <run_address>0x3cb</run_address>
         <size>0x53</size>
         <input_file_ref idref="fl-bf"/>
      </object_component>
      <object_component id="oc-c0">
         <name>.debug_line</name>
         <load_address>0x41e</load_address>
         <run_address>0x41e</run_address>
         <size>0x20</size>
         <input_file_ref idref="fl-c0"/>
      </object_component>
      <object_component id="oc-16">
         <name>.debug_line</name>
         <load_address>0x43e</load_address>
         <run_address>0x43e</run_address>
         <size>0xa9</size>
         <input_file_ref idref="fl-c0"/>
      </object_component>
      <object_component id="oc-38">
         <name>.debug_line</name>
         <load_address>0x4e7</load_address>
         <run_address>0x4e7</run_address>
         <size>0x3a</size>
         <input_file_ref idref="fl-c0"/>
      </object_component>
      <object_component id="oc-84">
         <name>.debug_line</name>
         <load_address>0x521</load_address>
         <run_address>0x521</run_address>
         <size>0x8a</size>
         <input_file_ref idref="fl-c0"/>
      </object_component>
      <object_component id="oc-8e">
         <name>.debug_line</name>
         <load_address>0x5ab</load_address>
         <run_address>0x5ab</run_address>
         <size>0x8a</size>
         <input_file_ref idref="fl-c1"/>
      </object_component>
      <object_component id="oc-1c">
         <name>.debug_line</name>
         <load_address>0x635</load_address>
         <run_address>0x635</run_address>
         <size>0x55</size>
         <input_file_ref idref="fl-c1"/>
      </object_component>
      <object_component id="oc-48">
         <name>.debug_line</name>
         <load_address>0x68a</load_address>
         <run_address>0x68a</run_address>
         <size>0x3a</size>
         <input_file_ref idref="fl-c1"/>
      </object_component>
      <object_component id="oc-8b">
         <name>.debug_line</name>
         <load_address>0x6c4</load_address>
         <run_address>0x6c4</run_address>
         <size>0x8a</size>
         <input_file_ref idref="fl-c1"/>
      </object_component>
      <object_component id="oc-96">
         <name>.debug_line</name>
         <load_address>0x74e</load_address>
         <run_address>0x74e</run_address>
         <size>0x8a</size>
         <input_file_ref idref="fl-c2"/>
      </object_component>
      <object_component id="oc-22">
         <name>.debug_line</name>
         <load_address>0x7d8</load_address>
         <run_address>0x7d8</run_address>
         <size>0x4f</size>
         <input_file_ref idref="fl-c2"/>
      </object_component>
      <object_component id="oc-54">
         <name>.debug_line</name>
         <load_address>0x827</load_address>
         <run_address>0x827</run_address>
         <size>0x34</size>
         <input_file_ref idref="fl-c2"/>
      </object_component>
      <object_component id="oc-93">
         <name>.debug_line</name>
         <load_address>0x85b</load_address>
         <run_address>0x85b</run_address>
         <size>0x8a</size>
         <input_file_ref idref="fl-c2"/>
      </object_component>
      <object_component id="oc-103">
         <name>.debug_line</name>
         <load_address>0x8e5</load_address>
         <run_address>0x8e5</run_address>
         <size>0xf2</size>
         <input_file_ref idref="fl-c3"/>
      </object_component>
      <object_component id="oc-f7">
         <name>.debug_line</name>
         <load_address>0x9d7</load_address>
         <run_address>0x9d7</run_address>
         <size>0x2a</size>
         <input_file_ref idref="fl-c3"/>
      </object_component>
      <object_component id="oc-73">
         <name>.debug_line</name>
         <load_address>0xa01</load_address>
         <run_address>0xa01</run_address>
         <size>0x86</size>
         <input_file_ref idref="fl-c3"/>
      </object_component>
      <object_component id="oc-43">
         <name>.debug_line</name>
         <load_address>0xa87</load_address>
         <run_address>0xa87</run_address>
         <size>0x88</size>
         <input_file_ref idref="fl-c4"/>
      </object_component>
      <object_component id="oc-4f">
         <name>.debug_line</name>
         <load_address>0xb0f</load_address>
         <run_address>0xb0f</run_address>
         <size>0x79</size>
         <input_file_ref idref="fl-c5"/>
      </object_component>
      <object_component id="oc-5b">
         <name>.debug_line</name>
         <load_address>0xb88</load_address>
         <run_address>0xb88</run_address>
         <size>0x3d</size>
         <input_file_ref idref="fl-c6"/>
      </object_component>
      <object_component id="oc-61">
         <name>.debug_line</name>
         <load_address>0xbc5</load_address>
         <run_address>0xbc5</run_address>
         <size>0x40</size>
         <input_file_ref idref="fl-c7"/>
      </object_component>
      <object_component id="oc-b9">
         <name>.debug_line</name>
         <load_address>0xc05</load_address>
         <run_address>0xc05</run_address>
         <size>0x33</size>
         <input_file_ref idref="fl-c8"/>
      </object_component>
      <object_component id="oc-1a0">
         <name>.debug_line</name>
         <load_address>0xc38</load_address>
         <run_address>0xc38</run_address>
         <size>0x20</size>
         <input_file_ref idref="fl-c9"/>
      </object_component>
      <object_component id="oc-ff">
         <name>.debug_line</name>
         <load_address>0xc58</load_address>
         <run_address>0xc58</run_address>
         <size>0x2b</size>
         <input_file_ref idref="fl-c9"/>
      </object_component>
      <object_component id="oc-fc">
         <name>.debug_line</name>
         <load_address>0xc83</load_address>
         <run_address>0xc83</run_address>
         <size>0x68</size>
         <input_file_ref idref="fl-c9"/>
      </object_component>
      <object_component id="oc-f0">
         <name>.debug_line</name>
         <load_address>0xceb</load_address>
         <run_address>0xceb</run_address>
         <size>0x2b</size>
         <input_file_ref idref="fl-ca"/>
      </object_component>
      <object_component id="oc-6d">
         <name>.debug_line</name>
         <load_address>0xd16</load_address>
         <run_address>0xd16</run_address>
         <size>0x4a</size>
         <input_file_ref idref="fl-ca"/>
      </object_component>
      <object_component id="oc-f4">
         <name>.debug_line</name>
         <load_address>0xd60</load_address>
         <run_address>0xd60</run_address>
         <size>0x2b</size>
         <input_file_ref idref="fl-ca"/>
      </object_component>
      <object_component id="oc-c5">
         <name>.debug_line</name>
         <load_address>0xd8b</load_address>
         <run_address>0xd8b</run_address>
         <size>0xa9</size>
         <input_file_ref idref="fl-cb"/>
      </object_component>
      <object_component id="oc-67">
         <name>.debug_line</name>
         <load_address>0xe34</load_address>
         <run_address>0xe34</run_address>
         <size>0x8b</size>
         <input_file_ref idref="fl-cb"/>
      </object_component>
      <object_component id="oc-c9">
         <name>.debug_line</name>
         <load_address>0xebf</load_address>
         <run_address>0xebf</run_address>
         <size>0x2e</size>
         <input_file_ref idref="fl-cb"/>
      </object_component>
      <object_component id="oc-10e">
         <name>.debug_line</name>
         <load_address>0xeed</load_address>
         <run_address>0xeed</run_address>
         <size>0x8a</size>
         <input_file_ref idref="fl-cb"/>
      </object_component>
      <object_component id="oc-ce">
         <name>.debug_line</name>
         <load_address>0xf77</load_address>
         <run_address>0xf77</run_address>
         <size>0x8b</size>
         <input_file_ref idref="fl-cb"/>
      </object_component>
      <object_component id="oc-105">
         <name>.debug_line</name>
         <load_address>0x1002</load_address>
         <run_address>0x1002</run_address>
         <size>0x98</size>
         <input_file_ref idref="fl-cc"/>
      </object_component>
      <object_component id="oc-9d">
         <name>.debug_line</name>
         <load_address>0x109a</load_address>
         <run_address>0x109a</run_address>
         <size>0x68</size>
         <input_file_ref idref="fl-cc"/>
      </object_component>
      <object_component id="oc-109">
         <name>.debug_line</name>
         <load_address>0x1102</load_address>
         <run_address>0x1102</run_address>
         <size>0x2e</size>
         <input_file_ref idref="fl-cc"/>
      </object_component>
      <object_component id="oc-a3">
         <name>.debug_line</name>
         <load_address>0x1130</load_address>
         <run_address>0x1130</run_address>
         <size>0x3c</size>
         <input_file_ref idref="fl-cd"/>
      </object_component>
      <object_component id="oc-1ba">
         <name>.debug_line</name>
         <load_address>0x116c</load_address>
         <run_address>0x116c</run_address>
         <size>0xb9</size>
         <input_file_ref idref="fl-ce"/>
      </object_component>
      <object_component id="oc-1b8">
         <name>.debug_line</name>
         <load_address>0x1225</load_address>
         <run_address>0x1225</run_address>
         <size>0x32</size>
         <input_file_ref idref="fl-ce"/>
      </object_component>
      <object_component id="oc-1a2">
         <name>.debug_line</name>
         <load_address>0x1257</load_address>
         <run_address>0x1257</run_address>
         <size>0x32</size>
         <input_file_ref idref="fl-ce"/>
      </object_component>
      <object_component id="oc-1a4">
         <name>.debug_line</name>
         <load_address>0x1289</load_address>
         <run_address>0x1289</run_address>
         <size>0x32</size>
         <input_file_ref idref="fl-ce"/>
      </object_component>
      <object_component id="oc-d4">
         <name>.debug_line</name>
         <load_address>0x12bb</load_address>
         <run_address>0x12bb</run_address>
         <size>0x28a</size>
         <input_file_ref idref="fl-ce"/>
      </object_component>
      <object_component id="oc-1bd">
         <name>.debug_line</name>
         <load_address>0x1545</load_address>
         <run_address>0x1545</run_address>
         <size>0x32</size>
         <input_file_ref idref="fl-ce"/>
      </object_component>
      <object_component id="oc-1f8">
         <name>.debug_line</name>
         <load_address>0x1577</load_address>
         <run_address>0x1577</run_address>
         <size>0x2c</size>
         <input_file_ref idref="fl-cf"/>
      </object_component>
      <object_component id="oc-e0">
         <name>.debug_line</name>
         <load_address>0x15a3</load_address>
         <run_address>0x15a3</run_address>
         <size>0x96</size>
         <input_file_ref idref="fl-cf"/>
      </object_component>
      <object_component id="oc-1fd">
         <name>.debug_line</name>
         <load_address>0x1639</load_address>
         <run_address>0x1639</run_address>
         <size>0x33</size>
         <input_file_ref idref="fl-d0"/>
      </object_component>
      <object_component id="oc-e6">
         <name>.debug_line</name>
         <load_address>0x166c</load_address>
         <run_address>0x166c</run_address>
         <size>0x97</size>
         <input_file_ref idref="fl-d0"/>
      </object_component>
      <object_component id="oc-1ef">
         <name>.debug_line</name>
         <load_address>0x1703</load_address>
         <run_address>0x1703</run_address>
         <size>0x134</size>
         <input_file_ref idref="fl-d1"/>
      </object_component>
      <object_component id="oc-da">
         <name>.debug_line</name>
         <load_address>0x1837</load_address>
         <run_address>0x1837</run_address>
         <size>0xc5</size>
         <input_file_ref idref="fl-d1"/>
      </object_component>
      <object_component id="oc-11a">
         <name>.debug_line</name>
         <load_address>0x18fc</load_address>
         <run_address>0x18fc</run_address>
         <size>0x118</size>
         <input_file_ref idref="fl-d2"/>
      </object_component>
      <object_component id="oc-271">
         <name>.debug_line</name>
         <load_address>0x1a14</load_address>
         <run_address>0x1a14</run_address>
         <size>0x99</size>
         <input_file_ref idref="fl-d3"/>
      </object_component>
      <object_component id="oc-16d">
         <name>.debug_line</name>
         <load_address>0x1aad</load_address>
         <run_address>0x1aad</run_address>
         <size>0x9f</size>
         <input_file_ref idref="fl-d3"/>
      </object_component>
      <object_component id="oc-1e7">
         <name>.debug_line</name>
         <load_address>0x1b4c</load_address>
         <run_address>0x1b4c</run_address>
         <size>0x89</size>
         <input_file_ref idref="fl-d3"/>
      </object_component>
[...]
            <compression>lzss</compression>
         </cprec>
         <cprec>
            <name>.bss</name>
            <load_address>0x2f10</load_address>
            <load_size>0x8</load_size>
            <run_address>0x2000046c</run_address>
            <run_size>0x84</run_size>
            <compression>zero_init</compression>
         </cprec>
         <cprec>
            <name>.vtable</name>
            <load_address>0x2f18</load_address>
            <load_size>0x8</load_size>
            <run_address>0x20000000</run_address>
            <run_size>0x26c</run_size>
            <compression>zero_init</compression>
         </cprec>
      </cptbl>
   </cptbl_list>
   <handler_table>
      <handler_table_name>__TI_handler_table</handler_table_name>
      <handler>
         <index>0x0</index>
         <name>__TI_zero_init</name>
      </handler>
      <handler>
         <index>0x1</index>
         <name>__TI_decompress_lzss</name>
      </handler>
      <handler>
         <index>0x2</index>
         <name>__TI_decompress_none</name>
      </handler>
   </handler_table>
   <symbol_table>
      <symbol id="sm-1">
         <name>__STACK_TOP</name>
         <value>0x2000046c</value>
      </symbol>
      <symbol id="sm-2">
         <name>__TI_CINIT_Base</name>
         <value>0x2f20</value>
      </symbol>
      <symbol id="sm-3">
         <name>__TI_CINIT_Limit</name>
         <value>0x2f38</value>
      </symbol>
      <symbol id="sm-4">
         <name>__TI_Handler_Table_Base</name>
         <value>0x2f04</value>
      </symbol>
      <symbol id="sm-5">
         <name>__TI_Handler_Table_Limit</name>
         <value>0x2f10</value>
      </symbol>
      <symbol id="sm-6">
         <name>binit</name>
         <value>0xffffffff</value>
      </symbol>
      <symbol id="sm-7">
         <name>__binit__</name>
         <value>0xffffffff</value>
      </symbol>
      <symbol id="sm-8">
         <name>__STACK_SIZE</name>
         <value>0x200</value>
      </symbol>
      <symbol id="sm-9">
         <name>__STACK_END</name>
         <value>0x2000046c</value>
      </symbol>
      <symbol id="sm-a">
         <name>__c_args__</name>
         <value>0xffffffff</value>
      </symbol>
      <symbol id="sm-b">
         <name>__TI_pprof_out_hndl</name>
         <value>0xffffffff</value>
      </symbol>
      <symbol id="sm-c">
         <name>__TI_prof_data_start</name>
         <value>0xffffffff</value>
      </symbol>
      <symbol id="sm-d">
         <name>__TI_prof_data_size</name>
         <value>0xffffffff</value>
      </symbol>
      <symbol id="sm-5c">
         <name>checkPushButton</name>
         <value>0x21e1</value>
         <object_component_ref idref="oc-a7"/>
      </symbol>
      <symbol id="sm-5d">
         <name>main</name>
         <value>0x218d</value>
         <object_component_ref idref="oc-a7"/>
      </symbol>
      <symbol id="sm-5e">
         <name>flashLED</name>
         <value>0x21b5</value>
         <object_component_ref idref="oc-a7"/>
      </symbol>
      <symbol id="sm-7f">
         <name>ResetISR</name>
         <value>0x2cbb</value>
         <object_component_ref idref="oc-2b"/>
      </symbol>
      <symbol id="sm-80">
         <name>g_pfnVectors</name>
         <value>0x0</value>
         <object_component_ref idref="oc-f"/>
      </symbol>
      <symbol id="sm-91">
         <name>_c_int00</name>
         <value>0x287d</value>
         <object_component_ref idref="oc-24"/>
      </symbol>
      <symbol id="sm-92">
         <name>__stack</name>
         <value>0x2000026c</value>
         <object_component_ref idref="oc-2a"/>
      </symbol>
      <symbol id="sm-b0">
         <name>__TI_decompress_lzss</name>
         <value>0x2759</value>
         <object_component_ref idref="oc-12"/>
      </symbol>
      <symbol id="sm-c7">
         <name>__TI_decompress_none</name>
         <value>0x2ca1</value>
         <object_component_ref idref="oc-18"/>
      </symbol>
      <symbol id="sm-de">
         <name>__TI_zero_init</name>
         <value>0x2caf</value>
         <object_component_ref idref="oc-1e"/>
      </symbol>
      <symbol id="sm-ff">
         <name>C$$EXIT</name>
         <value>0x28d1</value>
         <object_component_ref idref="oc-6f"/>
      </symbol>
      <symbol id="sm-100">
         <name>abort</name>
         <value>0x28d5</value>
         <object_component_ref idref="oc-6f"/>
      </symbol>
      <symbol id="sm-101">
         <name>exit</name>
         <value>0x28dd</value>
         <object_component_ref idref="oc-6f"/>
      </symbol>
      <symbol id="sm-102">
         <name>__TI_dtors_ptr</name>
         <value>0x200004f4</value>
         <object_component_ref idref="oc-af"/>
      </symbol>
      <symbol id="sm-103">
         <name>__TI_cleanup_ptr</name>
         <value>0x200004f0</value>
         <object_component_ref idref="oc-af"/>
      </symbol>
      <symbol id="sm-104">
         <name>__TI_enable_exit_profile_output</name>
         <value>0x200004f8</value>
         <object_component_ref idref="oc-af"/>
      </symbol>
      <symbol id="sm-11f">
         <name>memcpy</name>
         <value>0x2315</value>
         <object_component_ref idref="oc-3f"/>
      </symbol>
      <symbol id="sm-120">
         <name>__aeabi_memcpy</name>
         <value>0x2315</value>
         <object_component_ref idref="oc-3f"/>
      </symbol>
      <symbol id="sm-121">
         <name>__aeabi_memcpy8</name>
         <value>0x2315</value>
         <object_component_ref idref="oc-3f"/>
      </symbol>
      <symbol id="sm-122">
         <name>__aeabi_memcpy4</name>
         <value>0x2315</value>
         <object_component_ref idref="oc-3f"/>
      </symbol>
      <symbol id="sm-131">
         <name>__aeabi_memset</name>
         <value>0x266f</value>
         <object_component_ref idref="oc-4b"/>
      </symbol>
      <symbol id="sm-132">
         <name>memset</name>
         <value>0x2675</value>
         <object_component_ref idref="oc-4b"/>
      </symbol>
      <symbol id="sm-133">
         <name>__aeabi_memset8</name>
         <value>0x266f</value>
         <object_component_ref idref="oc-4b"/>
      </symbol>
      <symbol id="sm-134">
         <name>__aeabi_memset4</name>
         <value>0x266f</value>
         <object_component_ref idref="oc-4b"/>
      </symbol>
      <symbol id="sm-135">
         <name>__aeabi_memclr8</name>
         <value>0x266d</value>
         <object_component_ref idref="oc-4b"/>
      </symbol>
      <symbol id="sm-136">
         <name>__aeabi_memclr4</name>
         <value>0x266d</value>
         <object_component_ref idref="oc-4b"/>
      </symbol>
      <symbol id="sm-137">
         <name>__aeabi_memclr</name>
         <value>0x266d</value>
         <object_component_ref idref="oc-4b"/>
      </symbol>
      <symbol id="sm-141">
         <name>__mpu_init</name>
         <value>0x13a7</value>
         <object_component_ref idref="oc-57"/>
      </symbol>
      <symbol id="sm-14b">
         <name>_system_pre_init</name>
         <value>0x2ced</value>
         <object_component_ref idref="oc-5d"/>
      </symbol>
      <symbol id="sm-153">
         <name>main_func_sp</name>
         <value>0x20000510</value>
         <object_component_ref idref="oc-75"/>
      </symbol>
      <symbol id="sm-16c">
         <name>_nop</name>
         <value>0x2c3f</value>
         <object_component_ref idref="oc-f8"/>
      </symbol>
      <symbol id="sm-16d">
         <name>_lock</name>
         <value>0x200004fc</value>
         <object_component_ref idref="oc-b2"/>
      </symbol>
      <symbol id="sm-16e">
         <name>_unlock</name>
         <value>0x20000500</value>
         <object_component_ref idref="oc-b2"/>
      </symbol>
      <symbol id="sm-16f">
         <name>_register_lock</name>
         <value>0x2c37</value>
         <object_component_ref idref="oc-f8"/>
      </symbol>
      <symbol id="sm-170">
         <name>_register_unlock</name>
         <value>0x2c31</value>
         <object_component_ref idref="oc-f8"/>
      </symbol>
      <symbol id="sm-184">
         <name>_args_main</name>
         <value>0x2bc5</value>
         <object_component_ref idref="oc-69"/>
      </symbol>
      <symbol id="sm-1ae">
         <name>__TI_auto_init</name>
         <value>0x26e9</value>
         <object_component_ref idref="oc-63"/>
      </symbol>
      <symbol id="sm-1c8">
         <name>copy_in</name>
         <value>0x2971</value>
         <object_component_ref idref="oc-99"/>
      </symbol>
      <symbol id="sm-1d2">
         <name>_system_post_cinit</name>
         <value>0x1d8f</value>
         <object_component_ref idref="oc-9f"/>
      </symbol>
      <symbol id="sm-230">
         <name>schdExecute</name>
         <value>0x1551</value>
         <object_component_ref idref="oc-d0"/>
      </symbol>
      <symbol id="sm-231">
         <name>sysTimeWaitAbsolute</name>
         <value>0x148b</value>
         <object_component_ref idref="oc-d0"/>
      </symbol>
      <symbol id="sm-232">
         <name>lpInit</name>
         <value>0x16b7</value>
         <object_component_ref idref="oc-d0"/>
      </symbol>
      <symbol id="sm-233">
         <name>sysTimeGet</name>
         <value>0x143b</value>
         <object_component_ref idref="oc-d0"/>
      </symbol>
      <symbol id="sm-234">
         <name>sysTimeReached</name>
         <value>0x1441</value>
         <object_component_ref idref="oc-d0"/>
      </symbol>
      <symbol id="sm-235">
         <name>waitUs</name>
         <value>0x1689</value>
         <object_component_ref idref="oc-d0"/>
      </symbol>
      <symbol id="sm-236">
         <name>sysTimeWait</name>
         <value>0x1467</value>
         <object_component_ref idref="oc-d0"/>
      </symbol>
      <symbol id="sm-237">
         <name>schdCallback</name>
         <value>0x14d7</value>
         <object_component_ref idref="oc-d0"/>
      </symbol>
      <symbol id="sm-238">
         <name>waitMs</name>
         <value>0x1659</value>
         <object_component_ref idref="oc-d0"/>
      </symbol>
      <symbol id="sm-253">
         <name>ledInit</name>
         <value>0x23d3</value>
         <object_component_ref idref="oc-dc"/>
      </symbol>
      <symbol id="sm-254">
         <name>ledInitForced</name>
         <value>0x23b1</value>
         <object_component_ref idref="oc-dc"/>
      </symbol>
      <symbol id="sm-255">
         <name>ledTurnOnOff</name>
         <value>0x23e7</value>
         <object_component_ref idref="oc-dc"/>
      </symbol>
      <symbol id="sm-273">
         <name>pbInitForced</name>
         <value>0x244d</value>
         <object_component_ref idref="oc-e2"/>
      </symbol>
      <symbol id="sm-274">
         <name>pbInit</name>
         <value>0x2481</value>
         <object_component_ref idref="oc-e2"/>
      </symbol>
      <symbol id="sm-275">
         <name>pbRead</name>
         <value>0x2495</value>
         <object_component_ref idref="oc-e2"/>
      </symbol>
      <symbol id="sm-28c">
         <name>uartPutString</name>
         <value>0x22af</value>
         <object_component_ref idref="oc-d6"/>
      </symbol>
      <symbol id="sm-28d">
         <name>uprintf</name>
         <value>0x22db</value>
         <object_component_ref idref="oc-d6"/>
      </symbol>
      <symbol id="sm-28e">
         <name>uartInit</name>
         <value>0x2251</value>
         <object_component_ref idref="oc-d6"/>
      </symbol>
      <symbol id="sm-28f">
         <name>uartPutChar</name>
         <value>0x228b</value>
         <object_component_ref idref="oc-d6"/>
      </symbol>
      <symbol id="sm-290">
         <name>uartGetChar</name>
         <value>0x229d</value>
         <object_component_ref idref="oc-d6"/>
      </symbol>
      <symbol id="sm-2ac">
         <name>__aeabi_uldivmod</name>
         <value>0x177d</value>
         <object_component_ref idref="oc-116"/>
      </symbol>
      <symbol id="sm-2cd">
         <name>vsnprintf</name>
         <value>0x24d9</value>
         <object_component_ref idref="oc-169"/>
      </symbol>
      <symbol id="sm-3ce">
         <name>__TI_printfi</name>
         <value>0xaad</value>
         <object_component_ref idref="oc-1dc"/>
      </symbol>
      <symbol id="sm-3e4">
         <name>atoi</name>
         <value>0x2925</value>
         <object_component_ref idref="oc-258"/>
      </symbol>
      <symbol id="sm-3ef">
         <name>_ctypes_</name>
         <value>0x2cf0</value>
         <object_component_ref idref="oc-295"/>
      </symbol>
      <symbol id="sm-406">
         <name>__aeabi_dsub</name>
         <value>0x1971</value>
         <object_component_ref idref="oc-241"/>
      </symbol>
      <symbol id="sm-407">
         <name>__aeabi_dadd</name>
         <value>0x197b</value>
         <object_component_ref idref="oc-241"/>
      </symbol>
      <symbol id="sm-429">
         <name>__aeabi_cdcmpeq</name>
         <value>0x2561</value>
         <object_component_ref idref="oc-21d"/>
      </symbol>
      <symbol id="sm-42a">
         <name>__aeabi_cdcmple</name>
         <value>0x2561</value>
         <object_component_ref idref="oc-21d"/>
      </symbol>
      <symbol id="sm-42b">
         <name>__aeabi_cdrcmple</name>
         <value>0x25e7</value>
         <object_component_ref idref="oc-22c"/>
      </symbol>
      <symbol id="sm-43f">
         <name>__aeabi_ddiv</name>
         <value>0x1b27</value>
         <object_component_ref idref="oc-227"/>
      </symbol>
      <symbol id="sm-44a">
         <name>__aeabi_dmul</name>
         <value>0x1ea1</value>
         <object_component_ref idref="oc-222"/>
      </symbol>
      <symbol id="sm-454">
         <name>__aeabi_d2iz</name>
         <value>0x2a05</value>
         <object_component_ref idref="oc-231"/>
      </symbol>
      <symbol id="sm-45e">
         <name>__aeabi_i2d</name>
         <value>0x2afd</value>
         <object_component_ref idref="oc-23c"/>
      </symbol>
      <symbol id="sm-46d">
         <name>ltoa</name>
         <value>0x2825</value>
         <object_component_ref idref="oc-236"/>
      </symbol>
      <symbol id="sm-47d">
         <name>memccpy</name>
         <value>0x2b91</value>
         <object_component_ref idref="oc-25e"/>
      </symbol>
      <symbol id="sm-498">
         <name>frexpl</name>
         <value>0x27c1</value>
         <object_component_ref idref="oc-246"/>
      </symbol>
      <symbol id="sm-499">
         <name>frexp</name>
         <value>0x27c1</value>
         <object_component_ref idref="oc-246"/>
      </symbol>
      <symbol id="sm-4b6">
         <name>scalbn</name>
         <value>0x1f9d</value>
         <object_component_ref idref="oc-24c"/>
      </symbol>
      <symbol id="sm-4b7">
         <name>scalbnl</name>
         <value>0x1f9d</value>
         <object_component_ref idref="oc-24c"/>
      </symbol>
      <symbol id="sm-4b8">
         <name>ldexpl</name>
         <value>0x1f9d</value>
         <object_component_ref idref="oc-24c"/>
      </symbol>
      <symbol id="sm-4b9">
         <name>ldexp</name>
         <value>0x1f9d</value>
         <object_component_ref idref="oc-24c"/>
      </symbol>
      <symbol id="sm-4c9">
         <name>strchr</name>
         <value>0x2bdd</value>
         <object_component_ref idref="oc-252"/>
      </symbol>
      <symbol id="sm-4d7">
         <name>strlen</name>
         <value>0x2c59</value>
         <object_component_ref idref="oc-217"/>
      </symbol>
      <symbol id="sm-4df">
         <name>errno</name>
         <value>0x2000050c</value>
         <object_component_ref idref="oc-28e"/>
      </symbol>
      <symbol id="sm-4e9">
         <name>copysign</name>
         <value>0x2c45</value>
         <object_component_ref idref="oc-288"/>
      </symbol>
      <symbol id="sm-4ea">
         <name>copysignl</name>
         <value>0x2c45</value>
         <object_component_ref idref="oc-288"/>
      </symbol>
      <symbol id="sm-53c">
         <name>GPIOPinConfigure</name>
         <value>0x29bd</value>
         <object_component_ref idref="oc-14b"/>
      </symbol>
      <symbol id="sm-53d">
         <name>GPIOPinTypeGPIOInput</name>
         <value>0x2c6d</value>
         <object_component_ref idref="oc-186"/>
      </symbol>
      <symbol id="sm-53e">
         <name>GPIOPinTypeUART</name>
         <value>0x2c7f</value>
         <object_component_ref idref="oc-151"/>
      </symbol>
      <symbol id="sm-53f">
         <name>GPIOPinTypeGPIOOutput</name>
         <value>0x2bad</value>
         <object_component_ref idref="oc-176"/>
      </symbol>
      <symbol id="sm-540">
         <name>GPIOPinRead</name>
         <value>0x2cdb</value>
         <object_component_ref idref="oc-192"/>
      </symbol>
      <symbol id="sm-541">
         <name>GPIODirModeSet</name>
         <value>0x2b2b</value>
         <object_component_ref idref="oc-1c5"/>
      </symbol>
      <symbol id="sm-542">
         <name>GPIOPinWrite</name>
         <value>0x2ce1</value>
         <object_component_ref idref="oc-17c"/>
      </symbol>
      <symbol id="sm-543">
         <name>GPIOPadConfigSet</name>
         <value>0x1c5d</value>
         <object_component_ref idref="oc-18c"/>
      </symbol>
      <symbol id="sm-55a">
         <name>IntRegister</name>
         <value>0x2a95</value>
         <object_component_ref idref="oc-1ae"/>
      </symbol>
      <symbol id="sm-55b">
         <name>g_pfnRAMVectors</name>
         <value>0x20000000</value>
         <object_component_ref idref="oc-209"/>
      </symbol>
      <symbol id="sm-5ad">
         <name>SysCtlClockSet</name>
         <value>0x2099</value>
         <object_component_ref idref="oc-11c"/>
      </symbol>
      <symbol id="sm-5ae">
         <name>SysCtlDelay</name>
         <value>0x2ce7</value>
         <object_component_ref idref="oc-11b"/>
      </symbol>
      <symbol id="sm-5af">
         <name>SysCtlPeripheralEnable</name>
         <value>0x2ac9</value>
         <object_component_ref idref="oc-145"/>
      </symbol>
      <symbol id="sm-5b0">
         <name>SysCtlClockGet</name>
         <value>0x1d91</value>
         <object_component_ref idref="oc-122"/>
      </symbol>
      <symbol id="sm-5dd">
         <name>SysTickEnable</name>
         <value>0x2bf5</value>
         <object_component_ref idref="oc-13a"/>
      </symbol>
      <symbol id="sm-5de">
         <name>SysTickIntRegister</name>
         <value>0x2b75</value>
         <object_component_ref idref="oc-12e"/>
      </symbol>
      <symbol id="sm-5df">
         <name>SysTickIntEnable</name>
         <value>0x2c09</value>
         <object_component_ref idref="oc-134"/>
      </symbol>
      <symbol id="sm-5e0">
         <name>SysTickPeriodSet</name>
         <value>0x2c91</value>
         <object_component_ref idref="oc-128"/>
      </symbol>
      <symbol id="sm-613">
         <name>UARTConfigSetExpClk</name>
         <value>0x2a4d</value>
         <object_component_ref idref="oc-157"/>
      </symbol>
      <symbol id="sm-614">
         <name>UARTDisable</name>
         <value>0x2b55</value>
         <object_component_ref idref="oc-1cc"/>
      </symbol>
      <symbol id="sm-615">
         <name>UARTCharPut</name>
         <value>0x2cd1</value>
         <object_component_ref idref="oc-15d"/>
      </symbol>
      <symbol id="sm-616">
         <name>UARTEnable</name>
         <value>0x2c1d</value>
         <object_component_ref idref="oc-1d2"/>
      </symbol>
      <symbol id="sm-617">
         <name>UARTCharGet</name>
         <value>0x2cc7</value>
         <object_component_ref idref="oc-163"/>
      </symbol>
      <symbol id="sm-619">
         <name>__TI_static_base__</name>
         <value>0x0</value>
      </symbol>
      <symbol id="sm-61c">
         <name>SHT$$INIT_ARRAY$$Limit</name>
         <value>0x0</value>
      </symbol>
      <symbol id="sm-61d">
         <name>SHT$$INIT_ARRAY$$Base</name>
         <value>0x0</value>
      </symbol>
   </symbol_table>
   <title>Link successful</title>
</link_info>
